<html>
<body>
<pre>
<h1>礦ision Build Log</h1>
<h2>Project:</h2>
E:\完成设计的产品\(MCUDEV)-STM32开发板系列\(MCUDEV)STM32_F4XX\STM32_F407ZET6最小系统--客户资料-1510\1，STM32F4xx标准例程\实验39 FATFS实验\USER\FATFS.uvproj
Project File Date:  09/23/2014

<h2>Output:</h2>
Build target 'FATFS'
compiling main.c...
compiling stm32f4xx_it.c...
compiling system_stm32f4xx.c...
compiling led.c...
compiling lcd.c...
compiling key.c...
compiling spi.c...
compiling w25qxx.c...
compiling sdio_sdcard.c...
compiling delay.c...
compiling sys.c...
compiling usart.c...
assembling startup_stm32f40_41xxx.s...
compiling misc.c...
compiling stm32f4xx_gpio.c...
compiling stm32f4xx_fsmc.c...
compiling stm32f4xx_sdio.c...
compiling stm32f4xx_rcc.c...
compiling stm32f4xx_syscfg.c...
compiling stm32f4xx_usart.c...
compiling stm32f4xx_dma.c...
compiling stm32f4xx_tim.c...
compiling stm32f4xx_spi.c...
compiling malloc.c...
compiling usmart.c...
compiling usmart_config.c...
compiling usmart_str.c...
compiling diskio.c...
compiling ff.c...
compiling exfuns.c...
compiling fattester.c...
compiling cc936.c...
linking...
Program Size: Code=63684 RO-data=182856 RW-data=620 ZI-data=1225332  
FromELF: creating hex file...
"..\OBJ\FATFS.axf" - 0 Errors, 0 Warning(s).
Build target 'FATFS'
compiling main.c...
compiling malloc.c...
compiling usmart.c...
compiling usmart_config.c...
compiling usmart_str.c...
compiling diskio.c...
compiling exfuns.c...
compiling fattester.c...
linking...
Program Size: Code=63684 RO-data=182856 RW-data=620 ZI-data=1225332  
FromELF: creating hex file...
"..\OBJ\FATFS.axf" - 0 Errors, 0 Warning(s).
Build target 'FATFS'
linking...
Program Size: Code=63684 RO-data=182856 RW-data=620 ZI-data=1225332  
FromELF: creating hex file...
"..\OBJ\FATFS.axf" - 0 Errors, 0 Warning(s).
Build target 'FATFS'
compiling usmart.c...
linking...
Program Size: Code=63684 RO-data=182856 RW-data=620 ZI-data=1225332  
FromELF: creating hex file...
"..\OBJ\FATFS.axf" - 0 Errors, 0 Warning(s).
Build target 'FATFS'
linking...
Program Size: Code=63684 RO-data=182856 RW-data=620 ZI-data=1225332  
FromELF: creating hex file...
"..\OBJ\FATFS.axf" - 0 Errors, 0 Warning(s).
Load "..\\OBJ\\FATFS.axf" 
Erase Done.
Programming Done.
Verify OK.
Load "..\\OBJ\\FATFS.axf" 
Erase Done.
Programming Done.
Verify OK.
