<html>
<body>
<pre>
<h1>礦ision Build Log</h1>
<h2>Project:</h2>
E:\完成设计的产品\(MCUDEV)-STM32开发板系列\(MCUDEV)STM32_F4XX\STM32_F407ZET6最小系统--客户资料-1510\1，STM32F4xx标准例程\实验49 拼音输入法实验\USER\PINYIN.uvproj
Project File Date:  10/18/2014

<h2>Output:</h2>
Build target 'PINYIN'
compiling main.c...
compiling stm32f4xx_it.c...
compiling system_stm32f4xx.c...
compiling led.c...
compiling lcd.c...
compiling key.c...
compiling myiic.c...
compiling 24cxx.c...
compiling spi.c...
compiling w25qxx.c...
compiling sdio_sdcard.c...
compiling ctiic.c...
compiling gt9147.c...
compiling ott2001a.c...
compiling touch.c...
compiling delay.c...
compiling sys.c...
compiling usart.c...
assembling startup_stm32f40_41xxx.s...
compiling misc.c...
compiling stm32f4xx_gpio.c...
compiling stm32f4xx_fsmc.c...
compiling stm32f4xx_rcc.c...
compiling stm32f4xx_syscfg.c...
compiling stm32f4xx_usart.c...
compiling stm32f4xx_sdio.c...
compiling stm32f4xx_dma.c...
compiling stm32f4xx_spi.c...
compiling stm32f4xx_tim.c...
compiling malloc.c...
compiling usmart.c...
compiling usmart_config.c...
compiling usmart_str.c...
compiling diskio.c...
compiling ff.c...
compiling exfuns.c...
compiling fattester.c...
compiling mycc936.c...
compiling fontupd.c...
compiling text.c...
compiling pyinput.c...
linking...
Program Size: Code=75632 RO-data=30208 RW-data=616 ZI-data=1225248  
FromELF: creating hex file...
"..\OBJ\HandWritingRecognitio.axf" - 0 Errors, 0 Warning(s).
Build target 'PINYIN'
compiling main.c...
compiling malloc.c...
compiling usmart.c...
compiling usmart_config.c...
compiling usmart_str.c...
compiling diskio.c...
compiling exfuns.c...
compiling fattester.c...
compiling mycc936.c...
compiling fontupd.c...
compiling text.c...
compiling pyinput.c...
linking...
Program Size: Code=75632 RO-data=30208 RW-data=616 ZI-data=1225248  
FromELF: creating hex file...
"..\OBJ\HandWritingRecognitio.axf" - 0 Errors, 0 Warning(s).
Build target 'PINYIN'
compiling main.c...
compiling usmart.c...
compiling text.c...
linking...
Program Size: Code=75584 RO-data=30208 RW-data=616 ZI-data=1225248  
FromELF: creating hex file...
"..\OBJ\HandWritingRecognitio.axf" - 0 Errors, 0 Warning(s).
Build target 'PINYIN'
compiling usmart.c...
linking...
Program Size: Code=75584 RO-data=30208 RW-data=616 ZI-data=1225248  
FromELF: creating hex file...
"..\OBJ\HandWritingRecognitio.axf" - 0 Errors, 0 Warning(s).
Build target 'PINYIN'
linking...
Program Size: Code=75584 RO-data=30208 RW-data=616 ZI-data=1225248  
FromELF: creating hex file...
"..\OBJ\HandWritingRecognitio.axf" - 0 Errors, 0 Warning(s).
Load "..\\OBJ\\HandWritingRecognitio.axf" 
Erase Done.
Programming Done.
Verify OK.
