<html>
<body>
<pre>
<h1>礦ision Build Log</h1>
<h2>Project:</h2>
E:\完成设计的产品\(MCUDEV)-STM32开发板系列\(MCUDEV)STM32_F4XX\STM32_F407ZET6最小系统--客户资料-1510\1，STM32F4xx标准例程\实验52 USB声卡(Slave)实验\USER\USBAudio.uvproj
Project File Date:  10/25/2015

<h2>Output:</h2>
*** Note: 'Create Batch File' is active - using 'Rebuild'.
Rebuild target 'USBAudio'
compiling main.c...
compiling stm32f4xx_it.c...
compiling system_stm32f4xx.c...
compiling led.c...
compiling lcd.c...
compiling key.c...
compiling spi.c...
compiling w25qxx.c...
compiling sdio_sdcard.c...
compiling myiic.c...
compiling 24cxx.c...
compiling i2s.c...
compiling wm8978.c...
compiling delay.c...
compiling sys.c...
compiling usart.c...
assembling startup_stm32f40_41xxx.s...
compiling misc.c...
compiling stm32f4xx_gpio.c...
compiling stm32f4xx_fsmc.c...
compiling stm32f4xx_rcc.c...
compiling stm32f4xx_usart.c...
compiling stm32f4xx_tim.c...
compiling stm32f4xx_syscfg.c...
compiling stm32f4xx_spi.c...
compiling stm32f4xx_sdio.c...
compiling stm32f4xx_dma.c...
compiling malloc.c...
compiling usb_core.c...
compiling usb_dcd.c...
compiling usb_dcd_int.c...
compiling usbd_core.c...
compiling usbd_ioreq.c...
compiling usbd_req.c...
compiling usbd_audio_core.c...
compiling usbd_audio_out_if.c...
compiling stm324xg_usb_audio_codec.c...
compiling usb_bsp.c...
compiling usbd_desc.c...
compiling usbd_usr.c...
linking...
Program Size: Code=52930 RO-data=6718 RW-data=612 ZI-data=1235220  
FromELF: creating hex file...
"..\OBJ\USBAudio.axf" - 0 Errors, 0 Warning(s).
*** Note: 'Create Batch File' is active - using 'Rebuild'.
Rebuild target 'USBAudio'
compiling main.c...
compiling stm32f4xx_it.c...
compiling system_stm32f4xx.c...
compiling led.c...
compiling lcd.c...
compiling key.c...
compiling spi.c...
compiling w25qxx.c...
compiling sdio_sdcard.c...
compiling myiic.c...
compiling 24cxx.c...
compiling i2s.c...
compiling wm8978.c...
compiling delay.c...
compiling sys.c...
compiling usart.c...
assembling startup_stm32f40_41xxx.s...
compiling misc.c...
compiling stm32f4xx_gpio.c...
compiling stm32f4xx_fsmc.c...
compiling stm32f4xx_rcc.c...
compiling stm32f4xx_usart.c...
compiling stm32f4xx_tim.c...
compiling stm32f4xx_syscfg.c...
compiling stm32f4xx_spi.c...
compiling stm32f4xx_sdio.c...
compiling stm32f4xx_dma.c...
compiling malloc.c...
compiling usb_core.c...
compiling usb_dcd.c...
compiling usb_dcd_int.c...
compiling usbd_core.c...
compiling usbd_ioreq.c...
compiling usbd_req.c...
compiling usbd_audio_core.c...
compiling usbd_audio_out_if.c...
compiling stm324xg_usb_audio_codec.c...
compiling usb_bsp.c...
compiling usbd_desc.c...
compiling usbd_usr.c...
linking...
Program Size: Code=52930 RO-data=6718 RW-data=612 ZI-data=1235220  
FromELF: creating hex file...
"..\OBJ\USBAudio.axf" - 0 Errors, 0 Warning(s).
Load "..\\OBJ\\USBAudio.axf" 
Full Chip Erase Done.
Programming Done.
Verify OK.
