ARM Linker, 5.03 [Build 76] [MDK-ARM Standard]

==============================================================================

Section Cross References

    main.o(.text) refers to misc.o(.text) for NVIC_PriorityGroupConfig
    main.o(.text) refers to delay.o(.text) for delay_init
    main.o(.text) refers to usart.o(.text) for uart_init
    main.o(.text) refers to led.o(.text) for LED_Init
    main.o(.text) refers to lcd.o(.text) for LCD_Init
    main.o(.text) refers to key.o(.text) for KEY_Init
    main.o(.text) refers to malloc.o(.text) for my_mem_init
    main.o(.text) refers to usbd_core.o(.text) for USBD_Init
    main.o(.text) refers to stm324xg_usb_audio_codec.o(.text) for EVAL_AUDIO_VolumeCtl
    main.o(.text) refers to lcd.o(.data) for POINT_COLOR
    main.o(.text) refers to usbd_usr.o(.data) for USR_cb
    main.o(.text) refers to usbd_audio_core.o(.data) for AUDIO_cb
    main.o(.text) refers to usbd_desc.o(.data) for USR_desc
    main.o(.text) refers to main.o(.bss) for USB_OTG_dev
    main.o(.text) refers to stm324xg_usb_audio_codec.o(.data) for volume
    system_stm32f4xx.o(.text) refers to system_stm32f4xx.o(.data) for SystemCoreClock
    led.o(.text) refers to stm32f4xx_rcc.o(.text) for RCC_AHB1PeriphClockCmd
    led.o(.text) refers to stm32f4xx_gpio.o(.text) for GPIO_Init
    lcd.o(.text) refers to _printf_percent.o(.ARM.Collect$$_printf_percent$$00000000) for _printf_percent
    lcd.o(.text) refers to _printf_x.o(.ARM.Collect$$_printf_percent$$0000000C) for _printf_x
    lcd.o(.text) refers to _printf_hex_int.o(.text) for _printf_longlong_hex
    lcd.o(.text) refers to delay.o(.text) for delay_us
    lcd.o(.text) refers to lcd.o(.bss) for lcddev
    lcd.o(.text) refers to lcd.o(.data) for POINT_COLOR
    lcd.o(.text) refers to stm32f4xx_rcc.o(.text) for RCC_AHB1PeriphClockCmd
    lcd.o(.text) refers to stm32f4xx_gpio.o(.text) for GPIO_Init
    lcd.o(.text) refers to stm32f4xx_fsmc.o(.text) for FSMC_NORSRAMInit
    lcd.o(.text) refers to noretval__2printf.o(.text) for __2printf
    lcd.o(.text) refers to lcd.o(.constdata) for asc2_1206
    key.o(.text) refers to stm32f4xx_rcc.o(.text) for RCC_AHB1PeriphClockCmd
    key.o(.text) refers to stm32f4xx_gpio.o(.text) for GPIO_Init
    key.o(.text) refers to delay.o(.text) for delay_ms
    key.o(.text) refers to key.o(.data) for key_up
    spi.o(.text) refers to stm32f4xx_spi.o(.text) for SPI_I2S_GetFlagStatus
    spi.o(.text) refers to stm32f4xx_rcc.o(.text) for RCC_AHB1PeriphClockCmd
    spi.o(.text) refers to stm32f4xx_gpio.o(.text) for GPIO_Init
    w25qxx.o(.text) refers to _printf_percent.o(.ARM.Collect$$_printf_percent$$00000000) for _printf_percent
    w25qxx.o(.text) refers to _printf_x.o(.ARM.Collect$$_printf_percent$$0000000C) for _printf_x
    w25qxx.o(.text) refers to _printf_hex_int.o(.text) for _printf_longlong_hex
    w25qxx.o(.text) refers to spi.o(.text) for SPI1_ReadWriteByte
    w25qxx.o(.text) refers to stm32f4xx_rcc.o(.text) for RCC_AHB1PeriphClockCmd
    w25qxx.o(.text) refers to stm32f4xx_gpio.o(.text) for GPIO_Init
    w25qxx.o(.text) refers to noretval__2printf.o(.text) for __2printf
    w25qxx.o(.text) refers to delay.o(.text) for delay_us
    w25qxx.o(.text) refers to w25qxx.o(.data) for W25QXX_TYPE
    w25qxx.o(.text) refers to w25qxx.o(.bss) for W25QXX_BUFFER
    sdio_sdcard.o(.text) refers to stm32f4xx_sdio.o(.text) for SDIO_GetFlagStatus
    sdio_sdcard.o(.text) refers to sdio_sdcard.o(.data) for DeviceMode
    sdio_sdcard.o(.text) refers to sdio_sdcard.o(.bss) for SDIO_CmdInitStructure
    sdio_sdcard.o(.text) refers to stm32f4xx_rcc.o(.text) for RCC_AHB1PeriphClockCmd
    sdio_sdcard.o(.text) refers to stm32f4xx_gpio.o(.text) for GPIO_Init
    sdio_sdcard.o(.text) refers to misc.o(.text) for NVIC_Init
    sdio_sdcard.o(.text) refers to stm32f4xx_dma.o(.text) for DMA_GetCmdStatus
    sdio_sdcard.o(.text) refers to sys.o(.emb_text) for INTX_DISABLE
    sdio_sdcard.o(.text) refers to rt_memcpy_v6.o(.text) for __aeabi_memcpy
    myiic.o(.text) refers to stm32f4xx_rcc.o(.text) for RCC_AHB1PeriphClockCmd
    myiic.o(.text) refers to stm32f4xx_gpio.o(.text) for GPIO_Init
    myiic.o(.text) refers to delay.o(.text) for delay_us
    24cxx.o(.text) refers to myiic.o(.text) for IIC_Init
    24cxx.o(.text) refers to delay.o(.text) for delay_ms
    i2s.o(.text) refers to stm32f4xx_rcc.o(.text) for RCC_APB1PeriphClockCmd
    i2s.o(.text) refers to stm32f4xx_spi.o(.text) for I2S_Init
    i2s.o(.text) refers to stm32f4xx_dma.o(.text) for DMA_DeInit
    i2s.o(.text) refers to misc.o(.text) for NVIC_Init
    i2s.o(.text) refers to i2s.o(.constdata) for I2S_PSC_TBL
    i2s.o(.text) refers to i2s.o(.data) for i2s_tx_callback
    wm8978.o(.text) refers to myiic.o(.text) for IIC_Start
    wm8978.o(.text) refers to stm32f4xx_rcc.o(.text) for RCC_AHB1PeriphClockCmd
    wm8978.o(.text) refers to stm32f4xx_gpio.o(.text) for GPIO_Init
    wm8978.o(.text) refers to wm8978.o(.data) for WM8978_REGVAL_TBL
[...]
    .data                                    0x20000204   Section        4  stm324xg_usb_audio_codec.o(.data)
    .data                                    0x20000208   Section       60  usbd_desc.o(.data)
    .data                                    0x20000244   Section       32  usbd_usr.o(.data)
    .bss                                     0x20000264   Section     1524  main.o(.bss)
    .bss                                     0x20000858   Section       14  lcd.o(.bss)
    .bss                                     0x20000868   Section      704  sdio_sdcard.o(.bss)
    CSD_Tab                                  0x200008ac   Data          16  sdio_sdcard.o(.bss)
    CID_Tab                                  0x200008bc   Data          16  sdio_sdcard.o(.bss)
    .bss                                     0x20000b28   Section      200  usart.o(.bss)
    .bss                                     0x20000c00   Section    119680  malloc.o(.bss)
    .bss                                     0x2001df80   Section      200  usbd_req.o(.bss)
    .bss                                     0x2001e048   Section     1600  usbd_audio_core.o(.bss)
    .bss                                     0x2001e688   Section      400  stm324xg_usb_audio_codec.o(.bss)
    .bss                                     0x2001e818   Section       96  libspace.o(.bss)
    HEAP                                     0x2001e878   Section        0  startup_stm32f40_41xxx.o(HEAP)
    STACK                                    0x2001e878   Section     1024  startup_stm32f40_41xxx.o(STACK)
    Heap_Mem                                 0x2001e878   Data           0  startup_stm32f40_41xxx.o(HEAP)
    Stack_Mem                                0x2001e878   Data        1024  startup_stm32f40_41xxx.o(STACK)
    __initial_sp                             0x2001ec78   Data           0  startup_stm32f40_41xxx.o(STACK)
    .ARM.__AT_0x68000000                     0x68000000   Section    983040  malloc.o(.ARM.__AT_0x68000000)
    .ARM.__AT_0x680F0000                     0x680f0000   Section    61440  malloc.o(.ARM.__AT_0x680F0000)

    Global Symbols

    Symbol Name                              Value     Ov Type        Size  Object(Section)

    BuildAttributes$$THM_ISAv4$E$P$D$K$B$S$7EM$VFPi3$EXTD16$VFPS$VFMA$PE$A:L22UL41UL21$X:L11$S22US41US21$IEEE1$IW$USESV6$~STKCKD$USESV7$~SHL$OSPACE$ROPI$EBA8$UX$STANDARDLIB$REQ8$PRES8$EABIv2 0x00000000   Number         0  anon$$obj.o ABSOLUTE
    __ARM_use_no_argv                        0x00000000   Number         0  main.o ABSOLUTE
    __ARM_exceptions_init                     - Undefined Weak Reference
    __alloca_initialize                       - Undefined Weak Reference
    __cpp_initialize__aeabi_                  - Undefined Weak Reference
    __cxa_finalize                            - Undefined Weak Reference
    __rt_locale                               - Undefined Weak Reference
    __sigvec_lookup                           - Undefined Weak Reference
    _atexit_init                              - Undefined Weak Reference
    _call_atexit_fns                          - Undefined Weak Reference
    _clock_init                               - Undefined Weak Reference
    _fp_trap_init                             - Undefined Weak Reference
    _fp_trap_shutdown                         - Undefined Weak Reference
    _get_lc_collate                           - Undefined Weak Reference
    _get_lc_ctype                             - Undefined Weak Reference
    _get_lc_monetary                          - Undefined Weak Reference
    _get_lc_numeric                           - Undefined Weak Reference
    _get_lc_time                              - Undefined Weak Reference
    _getenv_init                              - Undefined Weak Reference
    _handle_redirection                       - Undefined Weak Reference
    _init_alloc                               - Undefined Weak Reference
    _init_user_alloc                          - Undefined Weak Reference
    _initio                                   - Undefined Weak Reference
    _mutex_acquire                            - Undefined Weak Reference
    _mutex_release                            - Undefined Weak Reference
    _printf_post_padding                      - Undefined Weak Reference
    _printf_pre_padding                       - Undefined Weak Reference
    _printf_truncate_signed                   - Undefined Weak Reference
    _printf_truncate_unsigned                 - Undefined Weak Reference
    _rand_init                                - Undefined Weak Reference
    _signal_finish                            - Undefined Weak Reference
    _signal_init                              - Undefined Weak Reference
    _terminate_alloc                          - Undefined Weak Reference
    _terminate_user_alloc                     - Undefined Weak Reference
    _terminateio                              - Undefined Weak Reference
    __Vectors_Size                           0x00000188   Number         0  startup_stm32f40_41xxx.o ABSOLUTE
    __Vectors                                0x08000000   Data           4  startup_stm32f40_41xxx.o(RESET)
    __Vectors_End                            0x08000188   Data           0  startup_stm32f40_41xxx.o(RESET)
    __main                                   0x08000189   Thumb Code     8  __main.o(!!!main)
    __scatterload                            0x08000191   Thumb Code     0  __scatter.o(!!!scatter)
    __scatterload_rt2                        0x08000191   Thumb Code    44  __scatter.o(!!!scatter)
    __scatterload_rt2_thumb_only             0x08000191   Thumb Code     0  __scatter.o(!!!scatter)
    __scatterload_null                       0x0800019f   Thumb Code     0  __scatter.o(!!!scatter)
    __decompress                             0x080001c5   Thumb Code    90  __dczerorl2.o(!!dczerorl2)
    __decompress1                            0x080001c5   Thumb Code     0  __dczerorl2.o(!!dczerorl2)
    __scatterload_zeroinit                   0x08000221   Thumb Code    28  __scatter_zi.o(!!handler_zi)
    _printf_d                                0x0800023d   Thumb Code     0  _printf_d.o(.ARM.Collect$$_printf_percent$$00000009)
    _printf_percent                          0x0800023d   Thumb Code     0  _printf_percent.o(.ARM.Collect$$_printf_percent$$00000000)
    _printf_x                                0x08000243   Thumb Code     0  _printf_x.o(.ARM.Collect$$_printf_percent$$0000000C)
    _printf_percent_end                      0x08000249   Thumb Code     0  _printf_percent_end.o(.ARM.Collect$$_printf_percent$$00000017)
    __rt_lib_init                            0x0800024d   Thumb Code     0  libinit.o(.ARM.Collect$$libinit$$00000000)
    __rt_lib_init_fp_1                       0x0800024f   Thumb Code     0  libinit2.o(.ARM.Collect$$libinit$$00000001)
    __rt_lib_init_alloca_1                   0x08000253   Thumb Code     0  libinit2.o(.ARM.Collect$$libinit$$0000002C)
    __rt_lib_init_argv_1                     0x08000253   Thumb Code     0  libinit2.o(.ARM.Collect$$libinit$$0000002A)
    __rt_lib_init_atexit_1                   0x08000253   Thumb Code     0  libinit2.o(.ARM.Collect$$libinit$$00000019)
    __rt_lib_init_clock_1                    0x08000253   Thumb Code     0  libinit2.o(.ARM.Collect$$libinit$$0000001F)
    __rt_lib_init_cpp_1                      0x08000253   Thumb Code     0  libinit2.o(.ARM.Collect$$libinit$$00000030)
    __rt_lib_init_exceptions_1               0x08000253   Thumb Code     0  libinit2.o(.ARM.Collect$$libinit$$0000002E)
    __rt_lib_init_fp_trap_1                  0x08000253   Thumb Code     0  libinit2.o(.ARM.Collect$$libinit$$0000001D)
    __rt_lib_init_getenv_1                   0x08000253   Thumb Code     0  libinit2.o(.ARM.Collect$$libinit$$00000021)
    __rt_lib_init_heap_1                     0x08000253   Thumb Code     0  libinit2.o(.ARM.Collect$$libinit$$00000008)
    __rt_lib_init_lc_collate_1               0x08000253   Thumb Code     0  libinit2.o(.ARM.Collect$$libinit$$0000000F)
    __rt_lib_init_lc_ctype_1                 0x08000253   Thumb Code     0  libinit2.o(.ARM.Collect$$libinit$$00000011)
    __rt_lib_init_lc_monetary_1              0x08000253   Thumb Code     0  libinit2.o(.ARM.Collect$$libinit$$00000013)
    __rt_lib_init_lc_numeric_1               0x08000253   Thumb Code     0  libinit2.o(.ARM.Collect$$libinit$$00000015)
    __rt_lib_init_lc_time_1                  0x08000253   Thumb Code     0  libinit2.o(.ARM.Collect$$libinit$$00000017)
    __rt_lib_init_rand_1                     0x08000253   Thumb Code     0  libinit2.o(.ARM.Collect$$libinit$$0000000C)
    __rt_lib_init_return                     0x08000253   Thumb Code     0  libinit2.o(.ARM.Collect$$libinit$$00000031)
    __rt_lib_init_signal_1                   0x08000253   Thumb Code     0  libinit2.o(.ARM.Collect$$libinit$$0000001B)
    __rt_lib_init_stdio_1                    0x08000253   Thumb Code     0  libinit2.o(.ARM.Collect$$libinit$$00000023)
    __rt_lib_init_user_alloc_1               0x08000253   Thumb Code     0  libinit2.o(.ARM.Collect$$libinit$$0000000A)
    __rt_lib_shutdown                        0x08000255   Thumb Code     0  libshutdown.o(.ARM.Collect$$libshutdown$$00000000)
    __rt_lib_shutdown_fp_trap_1              0x08000257   Thumb Code     0  libshutdown2.o(.ARM.Collect$$libshutdown$$00000006)
    __rt_lib_shutdown_heap_1                 0x08000257   Thumb Code     0  libshutdown2.o(.ARM.Collect$$libshutdown$$0000000E)
    __rt_lib_shutdown_return                 0x08000257   Thumb Code     0  libshutdown2.o(.ARM.Collect$$libshutdown$$0000000F)
    __rt_lib_shutdown_signal_1               0x08000257   Thumb Code     0  libshutdown2.o(.ARM.Collect$$libshutdown$$00000009)
    __rt_lib_shutdown_stdio_1                0x08000257   Thumb Code     0  libshutdown2.o(.ARM.Collect$$libshutdown$$00000003)
    __rt_lib_shutdown_user_alloc_1           0x08000257   Thumb Code     0  libshutdown2.o(.ARM.Collect$$libshutdown$$0000000B)
    __rt_entry                               0x08000259   Thumb Code     0  rtentry.o(.ARM.Collect$$rtentry$$00000000)
    __rt_entry_presh_1                       0x08000259   Thumb Code     0  rtentry2.o(.ARM.Collect$$rtentry$$00000002)
    __rt_entry_sh                            0x08000259   Thumb Code     0  rtentry4.o(.ARM.Collect$$rtentry$$00000004)
    __rt_entry_li                            0x0800025f   Thumb Code     0  rtentry2.o(.ARM.Collect$$rtentry$$0000000A)
    __rt_entry_postsh_1                      0x0800025f   Thumb Code     0  rtentry2.o(.ARM.Collect$$rtentry$$00000009)
    __rt_entry_main                          0x08000263   Thumb Code     0  rtentry2.o(.ARM.Collect$$rtentry$$0000000D)
    __rt_entry_postli_1                      0x08000263   Thumb Code     0  rtentry2.o(.ARM.Collect$$rtentry$$0000000C)
    __rt_exit                                0x0800026b   Thumb Code     0  rtexit.o(.ARM.Collect$$rtexit$$00000000)
    __rt_exit_ls                             0x0800026d   Thumb Code     0  rtexit2.o(.ARM.Collect$$rtexit$$00000003)
    __rt_exit_prels_1                        0x0800026d   Thumb Code     0  rtexit2.o(.ARM.Collect$$rtexit$$00000002)
    __rt_exit_exit                           0x08000271   Thumb Code     0  rtexit2.o(.ARM.Collect$$rtexit$$00000004)
    WFI_SET                                  0x08000279   Thumb Code     2  sys.o(.emb_text)
    INTX_DISABLE                             0x0800027b   Thumb Code     4  sys.o(.emb_text)
    INTX_ENABLE                              0x0800027f   Thumb Code     4  sys.o(.emb_text)
    MSR_MSP                                  0x08000283   Thumb Code     6  sys.o(.emb_text)
    main                                     0x08000289   Thumb Code   414  main.o(.text)
    NMI_Handler                              0x080004e5   Thumb Code     2  stm32f4xx_it.o(.text)
    HardFault_Handler                        0x080004e7   Thumb Code     4  stm32f4xx_it.o(.text)
    MemManage_Handler                        0x080004eb   Thumb Code     4  stm32f4xx_it.o(.text)
    BusFault_Handler                         0x080004ef   Thumb Code     4  stm32f4xx_it.o(.text)
    UsageFault_Handler                       0x080004f3   Thumb Code     4  stm32f4xx_it.o(.text)
    SVC_Handler                              0x080004f7   Thumb Code     2  stm32f4xx_it.o(.text)
    DebugMon_Handler                         0x080004f9   Thumb Code     2  stm32f4xx_it.o(.text)
    PendSV_Handler                           0x080004fb   Thumb Code     2  stm32f4xx_it.o(.text)
    SysTick_Handler                          0x080004fd   Thumb Code     2  stm32f4xx_it.o(.text)
    SystemInit                               0x080005db   Thumb Code    88  system_stm32f4xx.o(.text)
    SystemCoreClockUpdate                    0x08000633   Thumb Code   174  system_stm32f4xx.o(.text)
    LED_Init                                 0x0800070d   Thumb Code    60  led.o(.text)
    LCD_WR_REG                               0x0800074d   Thumb Code    18  lcd.o(.text)
    LCD_WR_DATA                              0x0800075f   Thumb Code    18  lcd.o(.text)
    LCD_RD_DATA                              0x08000771   Thumb Code    14  lcd.o(.text)
    LCD_WriteReg                             0x0800077f   Thumb Code    24  lcd.o(.text)
    LCD_ReadReg                              0x08000797   Thumb Code    22  lcd.o(.text)
    LCD_WriteRAM_Prepare                     0x080007ad   Thumb Code    10  lcd.o(.text)
    LCD_WriteRAM                             0x080007b7   Thumb Code     6  lcd.o(.text)
    LCD_BGR2RGB                              0x080007bd   Thumb Code    26  lcd.o(.text)
    opt_delay                                0x080007d7   Thumb Code    14  lcd.o(.text)
    LCD_SetCursor                            0x080007e5   Thumb Code   262  lcd.o(.text)
    LCD_ReadPoint                            0x080008eb   Thumb Code   358  lcd.o(.text)
    LCD_DisplayOn                            0x08000a51   Thumb Code    80  lcd.o(.text)
    LCD_DisplayOff                           0x08000aa1   Thumb Code    78  lcd.o(.text)
    LCD_Scan_Dir                             0x08000aef   Thumb Code   738  lcd.o(.text)
    LCD_DrawPoint                            0x08000dd1   Thumb Code    28  lcd.o(.text)
    LCD_Fast_DrawPoint                       0x08000ded   Thumb Code   280  lcd.o(.text)
    LCD_Display_Dir                          0x08000f05   Thumb Code   382  lcd.o(.text)
    LCD_Set_Window                           0x08001083   Thumb Code   382  lcd.o(.text)
    LCD_Clear                                0x08001201   Thumb Code   102  lcd.o(.text)
    LCD_Init                                 0x08001267   Thumb Code 14224  lcd.o(.text)
    LCD_Fill                                 0x080049f7   Thumb Code   180  lcd.o(.text)
    LCD_Color_Fill                           0x08004aab   Thumb Code    94  lcd.o(.text)
    LCD_DrawLine                             0x08004b09   Thumb Code   176  lcd.o(.text)
    LCD_DrawRectangle                        0x08004bb9   Thumb Code    60  lcd.o(.text)
    LCD_Draw_Circle                          0x08004bf5   Thumb Code   168  lcd.o(.text)
    LCD_ShowChar                             0x08004c9d   Thumb Code   268  lcd.o(.text)
    LCD_Pow                                  0x08004da9   Thumb Code    22  lcd.o(.text)
    LCD_ShowNum                              0x08004dbf   Thumb Code   148  lcd.o(.text)
    LCD_ShowxNum                             0x08004e53   Thumb Code   190  lcd.o(.text)
    LCD_ShowString                           0x08004f11   Thumb Code   102  lcd.o(.text)
    KEY_Init                                 0x08004f91   Thumb Code    60  key.o(.text)
    KEY_Scan                                 0x08004fcd   Thumb Code   188  key.o(.text)
    SDIO_Register_Deinit                     0x08005095   Thumb Code    48  sdio_sdcard.o(.text)
    SD_SetDeviceMode                         0x080050c5   Thumb Code    20  sdio_sdcard.o(.text)
    SDIO_Clock_Set                           0x080050d9   Thumb Code    18  sdio_sdcard.o(.text)
    CmdResp1Error                            0x080050eb   Thumb Code    96  sdio_sdcard.o(.text)
    FindSCR                                  0x0800514b   Thumb Code   388  sdio_sdcard.o(.text)
    SDEnWideBus                              0x080052cf   Thumb Code   160  sdio_sdcard.o(.text)
    SD_EnableWideBusOperation                0x0800536f   Thumb Code    98  sdio_sdcard.o(.text)
    SD_SelectDeselect                        0x080053d1   Thumb Code    42  sdio_sdcard.o(.text)
    SD_GetCardInfo                           0x080053fb   Thumb Code   848  sdio_sdcard.o(.text)
    CmdResp2Error                            0x0800574b   Thumb Code    80  sdio_sdcard.o(.text)
    CmdResp6Error                            0x0800579b   Thumb Code   144  sdio_sdcard.o(.text)
    SD_InitializeCards                       0x0800582b   Thumb Code   354  sdio_sdcard.o(.text)
    CmdResp3Error                            0x0800598d   Thumb Code    52  sdio_sdcard.o(.text)
    CmdResp7Error                            0x080059c1   Thumb Code    72  sdio_sdcard.o(.text)
    CmdError                                 0x08005a09   Thumb Code    48  sdio_sdcard.o(.text)
    SD_PowerON                               0x08005a39   Thumb Code   460  sdio_sdcard.o(.text)
    SD_Init                                  0x08005c05   Thumb Code   304  sdio_sdcard.o(.text)
    SD_PowerOFF                              0x08005d35   Thumb Code    12  sdio_sdcard.o(.text)
    SD_DMA_Config                            0x08005d41   Thumb Code   118  sdio_sdcard.o(.text)
    convert_from_bytes_to_power_of_two       0x08005db7   Thumb Code    18  sdio_sdcard.o(.text)
    SD_ReadBlock                             0x08005dc9   Thumb Code   576  sdio_sdcard.o(.text)
    SD_ReadMultiBlocks                       0x08006009   Thumb Code   764  sdio_sdcard.o(.text)
    IsCardProgramming                        0x08006305   Thumb Code   148  sdio_sdcard.o(.text)
    SD_WriteBlock                            0x08006399   Thumb Code   912  sdio_sdcard.o(.text)
    SD_WriteMultiBlocks                      0x08006729   Thumb Code   974  sdio_sdcard.o(.text)
    SD_ProcessIRQSrc                         0x08006af7   Thumb Code   322  sdio_sdcard.o(.text)
    SDIO_IRQHandler                          0x08006c39   Thumb Code     8  sdio_sdcard.o(.text)
    SD_SendStatus                            0x08006c41   Thumb Code    74  sdio_sdcard.o(.text)
    SD_GetState                              0x08006c8b   Thumb Code    26  sdio_sdcard.o(.text)
    SD_ReadDisk                              0x08006ca5   Thumb Code   192  sdio_sdcard.o(.text)
    SD_WriteDisk                             0x08006d65   Thumb Code   152  sdio_sdcard.o(.text)
    IIC_Init                                 0x08006e05   Thumb Code    62  myiic.o(.text)
    IIC_Start                                0x08006e43   Thumb Code    68  myiic.o(.text)
    IIC_Stop                                 0x08006e87   Thumb Code    66  myiic.o(.text)
    IIC_Wait_Ack                             0x08006ec9   Thumb Code    78  myiic.o(.text)
    IIC_Ack                                  0x08006f17   Thumb Code    72  myiic.o(.text)
    IIC_NAck                                 0x08006f5f   Thumb Code    72  myiic.o(.text)
    IIC_Send_Byte                            0x08006fa7   Thumb Code    96  myiic.o(.text)
    IIC_Read_Byte                            0x08007007   Thumb Code    94  myiic.o(.text)
    I2S2_Init                                0x08007079   Thumb Code    94  i2s.o(.text)
    I2S2_SampleRate_Set                      0x080070d7   Thumb Code   148  i2s.o(.text)
    I2S2_TX_DMA_Init                         0x0800716b   Thumb Code   156  i2s.o(.text)
    DMA1_Stream4_IRQHandler                  0x08007207   Thumb Code    30  i2s.o(.text)
    I2S_Play_Start                           0x08007225   Thumb Code    12  i2s.o(.text)
    I2S_Play_Stop                            0x08007231   Thumb Code    12  i2s.o(.text)
    WM8978_Write_Reg                         0x08007255   Thumb Code    80  wm8978.o(.text)
    WM8978_Init                              0x080072a5   Thumb Code   244  wm8978.o(.text)
    WM8978_Read_Reg                          0x08007399   Thumb Code    10  wm8978.o(.text)
    WM8978_ADDA_Cfg                          0x080073a3   Thumb Code    64  wm8978.o(.text)
    WM8978_AUX_Gain                          0x080073e3   Thumb Code    54  wm8978.o(.text)
    WM8978_LINEIN_Gain                       0x08007419   Thumb Code    54  wm8978.o(.text)
    WM8978_Input_Cfg                         0x0800744f   Thumb Code   102  wm8978.o(.text)
    WM8978_Output_Cfg                        0x080074b5   Thumb Code    42  wm8978.o(.text)
    WM8978_MIC_Gain                          0x080074df   Thumb Code    28  wm8978.o(.text)
    WM8978_I2S_Cfg                           0x080074fb   Thumb Code    28  wm8978.o(.text)
    WM8978_HPvol_Set                         0x08007517   Thumb Code    46  wm8978.o(.text)
    WM8978_SPKvol_Set                        0x08007545   Thumb Code    34  wm8978.o(.text)
    WM8978_3D_Set                            0x08007567   Thumb Code    18  wm8978.o(.text)
    WM8978_EQ_3D_Dir                         0x08007579   Thumb Code    34  wm8978.o(.text)
    WM8978_EQ1_Set                           0x0800759b   Thumb Code    50  wm8978.o(.text)
    WM8978_EQ2_Set                           0x080075cd   Thumb Code    40  wm8978.o(.text)
    WM8978_EQ3_Set                           0x080075f5   Thumb Code    40  wm8978.o(.text)
    WM8978_EQ4_Set                           0x0800761d   Thumb Code    40  wm8978.o(.text)
    WM8978_EQ5_Set                           0x08007645   Thumb Code    40  wm8978.o(.text)
    delay_init                               0x08007679   Thumb Code    52  delay.o(.text)
    delay_us                                 0x080076ad   Thumb Code    70  delay.o(.text)
    delay_xms                                0x080076f3   Thumb Code    70  delay.o(.text)
    delay_ms                                 0x08007739   Thumb Code    56  delay.o(.text)
    _sys_exit                                0x08007779   Thumb Code     6  usart.o(.text)
    fputc                                    0x0800777f   Thumb Code    20  usart.o(.text)
    uart_init                                0x08007793   Thumb Code   172  usart.o(.text)
    USART1_IRQHandler                        0x0800783f   Thumb Code   122  usart.o(.text)
    Reset_Handler                            0x080078c9   Thumb Code     8  startup_stm32f40_41xxx.o(.text)
    ADC_IRQHandler                           0x080078e3   Thumb Code     0  startup_stm32f40_41xxx.o(.text)
    CAN1_RX0_IRQHandler                      0x080078e3   Thumb Code     0  startup_stm32f40_41xxx.o(.text)
    CAN1_RX1_IRQHandler                      0x080078e3   Thumb Code     0  startup_stm32f40_41xxx.o(.text)
    CAN1_SCE_IRQHandler                      0x080078e3   Thumb Code     0  startup_stm32f40_41xxx.o(.text)
    CAN1_TX_IRQHandler                       0x080078e3   Thumb Code     0  startup_stm32f40_41xxx.o(.text)
    CAN2_RX0_IRQHandler                      0x080078e3   Thumb Code     0  startup_stm32f40_41xxx.o(.text)
    CAN2_RX1_IRQHandler                      0x080078e3   Thumb Code     0  startup_stm32f40_41xxx.o(.text)
    CAN2_SCE_IRQHandler                      0x080078e3   Thumb Code     0  startup_stm32f40_41xxx.o(.text)
    CAN2_TX_IRQHandler                       0x080078e3   Thumb Code     0  startup_stm32f40_41xxx.o(.text)
    CRYP_IRQHandler                          0x080078e3   Thumb Code     0  startup_stm32f40_41xxx.o(.text)
    DCMI_IRQHandler                          0x080078e3   Thumb Code     0  startup_stm32f40_41xxx.o(.text)
    DMA1_Stream0_IRQHandler                  0x080078e3   Thumb Code     0  startup_stm32f40_41xxx.o(.text)
    DMA1_Stream1_IRQHandler                  0x080078e3   Thumb Code     0  startup_stm32f40_41xxx.o(.text)
    DMA1_Stream2_IRQHandler                  0x080078e3   Thumb Code     0  startup_stm32f40_41xxx.o(.text)
    DMA1_Stream3_IRQHandler                  0x080078e3   Thumb Code     0  startup_stm32f40_41xxx.o(.text)
    DMA1_Stream5_IRQHandler                  0x080078e3   Thumb Code     0  startup_stm32f40_41xxx.o(.text)
    DMA1_Stream6_IRQHandler                  0x080078e3   Thumb Code     0  startup_stm32f40_41xxx.o(.text)
    DMA1_Stream7_IRQHandler                  0x080078e3   Thumb Code     0  startup_stm32f40_41xxx.o(.text)
    DMA2_Stream0_IRQHandler                  0x080078e3   Thumb Code     0  startup_stm32f40_41xxx.o(.text)
    DMA2_Stream1_IRQHandler                  0x080078e3   Thumb Code     0  startup_stm32f40_41xxx.o(.text)
    DMA2_Stream2_IRQHandler                  0x080078e3   Thumb Code     0  startup_stm32f40_41xxx.o(.text)
    DMA2_Stream3_IRQHandler                  0x080078e3   Thumb Code     0  startup_stm32f40_41xxx.o(.text)
    DMA2_Stream4_IRQHandler                  0x080078e3   Thumb Code     0  startup_stm32f40_41xxx.o(.text)
    DMA2_Stream5_IRQHandler                  0x080078e3   Thumb Code     0  startup_stm32f40_41xxx.o(.text)
    DMA2_Stream6_IRQHandler                  0x080078e3   Thumb Code     0  startup_stm32f40_41xxx.o(.text)
    DMA2_Stream7_IRQHandler                  0x080078e3   Thumb Code     0  startup_stm32f40_41xxx.o(.text)
    ETH_IRQHandler                           0x080078e3   Thumb Code     0  startup_stm32f40_41xxx.o(.text)
    ETH_WKUP_IRQHandler                      0x080078e3   Thumb Code     0  startup_stm32f40_41xxx.o(.text)
    EXTI0_IRQHandler                         0x080078e3   Thumb Code     0  startup_stm32f40_41xxx.o(.text)
    EXTI15_10_IRQHandler                     0x080078e3   Thumb Code     0  startup_stm32f40_41xxx.o(.text)
    EXTI1_IRQHandler                         0x080078e3   Thumb Code     0  startup_stm32f40_41xxx.o(.text)
    EXTI2_IRQHandler                         0x080078e3   Thumb Code     0  startup_stm32f40_41xxx.o(.text)
    EXTI3_IRQHandler                         0x080078e3   Thumb Code     0  startup_stm32f40_41xxx.o(.text)
    EXTI4_IRQHandler                         0x080078e3   Thumb Code     0  startup_stm32f40_41xxx.o(.text)
    EXTI9_5_IRQHandler                       0x080078e3   Thumb Code     0  startup_stm32f40_41xxx.o(.text)
    FLASH_IRQHandler                         0x080078e3   Thumb Code     0  startup_stm32f40_41xxx.o(.text)
    FPU_IRQHandler                           0x080078e3   Thumb Code     0  startup_stm32f40_41xxx.o(.text)
    FSMC_IRQHandler                          0x080078e3   Thumb Code     0  startup_stm32f40_41xxx.o(.text)
    HASH_RNG_IRQHandler                      0x080078e3   Thumb Code     0  startup_stm32f40_41xxx.o(.text)
    I2C1_ER_IRQHandler                       0x080078e3   Thumb Code     0  startup_stm32f40_41xxx.o(.text)
    I2C1_EV_IRQHandler                       0x080078e3   Thumb Code     0  startup_stm32f40_41xxx.o(.text)
    I2C2_ER_IRQHandler                       0x080078e3   Thumb Code     0  startup_stm32f40_41xxx.o(.text)
    I2C2_EV_IRQHandler                       0x080078e3   Thumb Code     0  startup_stm32f40_41xxx.o(.text)
    I2C3_ER_IRQHandler                       0x080078e3   Thumb Code     0  startup_stm32f40_41xxx.o(.text)
    I2C3_EV_IRQHandler                       0x080078e3   Thumb Code     0  startup_stm32f40_41xxx.o(.text)
    OTG_FS_WKUP_IRQHandler                   0x080078e3   Thumb Code     0  startup_stm32f40_41xxx.o(.text)
    OTG_HS_EP1_IN_IRQHandler                 0x080078e3   Thumb Code     0  startup_stm32f40_41xxx.o(.text)
    OTG_HS_EP1_OUT_IRQHandler                0x080078e3   Thumb Code     0  startup_stm32f40_41xxx.o(.text)
    OTG_HS_IRQHandler                        0x080078e3   Thumb Code     0  startup_stm32f40_41xxx.o(.text)
    OTG_HS_WKUP_IRQHandler                   0x080078e3   Thumb Code     0  startup_stm32f40_41xxx.o(.text)
    PVD_IRQHandler                           0x080078e3   Thumb Code     0  startup_stm32f40_41xxx.o(.text)
    RCC_IRQHandler                           0x080078e3   Thumb Code     0  startup_stm32f40_41xxx.o(.text)
    RTC_Alarm_IRQHandler                     0x080078e3   Thumb Code     0  startup_stm32f40_41xxx.o(.text)
    RTC_WKUP_IRQHandler                      0x080078e3   Thumb Code     0  startup_stm32f40_41xxx.o(.text)
    SPI1_IRQHandler                          0x080078e3   Thumb Code     0  startup_stm32f40_41xxx.o(.text)
    SPI2_IRQHandler                          0x080078e3   Thumb Code     0  startup_stm32f40_41xxx.o(.text)
    SPI3_IRQHandler                          0x080078e3   Thumb Code     0  startup_stm32f40_41xxx.o(.text)
    TAMP_STAMP_IRQHandler                    0x080078e3   Thumb Code     0  startup_stm32f40_41xxx.o(.text)
    TIM1_BRK_TIM9_IRQHandler                 0x080078e3   Thumb Code     0  startup_stm32f40_41xxx.o(.text)
    TIM1_CC_IRQHandler                       0x080078e3   Thumb Code     0  startup_stm32f40_41xxx.o(.text)
    TIM1_TRG_COM_TIM11_IRQHandler            0x080078e3   Thumb Code     0  startup_stm32f40_41xxx.o(.text)
    TIM1_UP_TIM10_IRQHandler                 0x080078e3   Thumb Code     0  startup_stm32f40_41xxx.o(.text)
    TIM2_IRQHandler                          0x080078e3   Thumb Code     0  startup_stm32f40_41xxx.o(.text)
    TIM3_IRQHandler                          0x080078e3   Thumb Code     0  startup_stm32f40_41xxx.o(.text)
    TIM4_IRQHandler                          0x080078e3   Thumb Code     0  startup_stm32f40_41xxx.o(.text)
    TIM5_IRQHandler                          0x080078e3   Thumb Code     0  startup_stm32f40_41xxx.o(.text)
    TIM6_DAC_IRQHandler                      0x080078e3   Thumb Code     0  startup_stm32f40_41xxx.o(.text)
    TIM7_IRQHandler                          0x080078e3   Thumb Code     0  startup_stm32f40_41xxx.o(.text)
    TIM8_BRK_TIM12_IRQHandler                0x080078e3   Thumb Code     0  startup_stm32f40_41xxx.o(.text)
    TIM8_CC_IRQHandler                       0x080078e3   Thumb Code     0  startup_stm32f40_41xxx.o(.text)
    TIM8_TRG_COM_TIM14_IRQHandler            0x080078e3   Thumb Code     0  startup_stm32f40_41xxx.o(.text)
    TIM8_UP_TIM13_IRQHandler                 0x080078e3   Thumb Code     0  startup_stm32f40_41xxx.o(.text)
    UART4_IRQHandler                         0x080078e3   Thumb Code     0  startup_stm32f40_41xxx.o(.text)
    UART5_IRQHandler                         0x080078e3   Thumb Code     0  startup_stm32f40_41xxx.o(.text)
    USART2_IRQHandler                        0x080078e3   Thumb Code     0  startup_stm32f40_41xxx.o(.text)
    USART3_IRQHandler                        0x080078e3   Thumb Code     0  startup_stm32f40_41xxx.o(.text)
    USART6_IRQHandler                        0x080078e3   Thumb Code     0  startup_stm32f40_41xxx.o(.text)
    WWDG_IRQHandler                          0x080078e3   Thumb Code     0  startup_stm32f40_41xxx.o(.text)
    __user_initial_stackheap                 0x080078e5   Thumb Code     0  startup_stm32f40_41xxx.o(.text)
    NVIC_PriorityGroupConfig                 0x08007905   Thumb Code    10  misc.o(.text)
    NVIC_Init                                0x0800790f   Thumb Code   108  misc.o(.text)
    NVIC_SetVectorTable                      0x0800797b   Thumb Code    14  misc.o(.text)
    NVIC_SystemLPConfig                      0x08007989   Thumb Code    34  misc.o(.text)
    SysTick_CLKSourceConfig                  0x080079ab   Thumb Code    40  misc.o(.text)
    GPIO_DeInit                              0x080079e9   Thumb Code   268  stm32f4xx_gpio.o(.text)
    GPIO_Init                                0x08007af5   Thumb Code   144  stm32f4xx_gpio.o(.text)
    GPIO_StructInit                          0x08007b85   Thumb Code    18  stm32f4xx_gpio.o(.text)
    GPIO_PinLockConfig                       0x08007b97   Thumb Code    34  stm32f4xx_gpio.o(.text)
    GPIO_ReadInputDataBit                    0x08007bb9   Thumb Code    18  stm32f4xx_gpio.o(.text)
    GPIO_ReadInputData                       0x08007bcb   Thumb Code     8  stm32f4xx_gpio.o(.text)
    GPIO_ReadOutputDataBit                   0x08007bd3   Thumb Code    18  stm32f4xx_gpio.o(.text)
    GPIO_ReadOutputData                      0x08007be5   Thumb Code     8  stm32f4xx_gpio.o(.text)
    GPIO_SetBits                             0x08007bed   Thumb Code     4  stm32f4xx_gpio.o(.text)
    GPIO_ResetBits                           0x08007bf1   Thumb Code     4  stm32f4xx_gpio.o(.text)
    GPIO_WriteBit                            0x08007bf5   Thumb Code    10  stm32f4xx_gpio.o(.text)
    GPIO_Write                               0x08007bff   Thumb Code     4  stm32f4xx_gpio.o(.text)
    GPIO_ToggleBits                          0x08007c03   Thumb Code     8  stm32f4xx_gpio.o(.text)
    GPIO_PinAFConfig                         0x08007c0b   Thumb Code    70  stm32f4xx_gpio.o(.text)
    FSMC_NORSRAMDeInit                       0x08007c7d   Thumb Code    56  stm32f4xx_fsmc.o(.text)
    FSMC_NORSRAMInit                         0x08007cb5   Thumb Code   224  stm32f4xx_fsmc.o(.text)
    FSMC_NORSRAMStructInit                   0x08007d95   Thumb Code    48  stm32f4xx_fsmc.o(.text)
    FSMC_NORSRAMCmd                          0x08007dc5   Thumb Code    46  stm32f4xx_fsmc.o(.text)
    FSMC_NANDDeInit                          0x08007df3   Thumb Code    62  stm32f4xx_fsmc.o(.text)
    FSMC_NANDInit                            0x08007e31   Thumb Code   130  stm32f4xx_fsmc.o(.text)
    FSMC_NANDStructInit                      0x08007eb3   Thumb Code    54  stm32f4xx_fsmc.o(.text)
    FSMC_NANDCmd                             0x08007ee9   Thumb Code    86  stm32f4xx_fsmc.o(.text)
    FSMC_NANDECCCmd                          0x08007f3f   Thumb Code    86  stm32f4xx_fsmc.o(.text)
    FSMC_GetECC                              0x08007f95   Thumb Code    22  stm32f4xx_fsmc.o(.text)
    FSMC_PCCARDDeInit                        0x08007fab   Thumb Code    40  stm32f4xx_fsmc.o(.text)
    FSMC_PCCARDInit                          0x08007fd3   Thumb Code   124  stm32f4xx_fsmc.o(.text)
    FSMC_PCCARDStructInit                    0x0800804f   Thumb Code    60  stm32f4xx_fsmc.o(.text)
    FSMC_PCCARDCmd                           0x0800808b   Thumb Code    40  stm32f4xx_fsmc.o(.text)
    FSMC_ITConfig                            0x080080b3   Thumb Code   128  stm32f4xx_fsmc.o(.text)
    FSMC_GetFlagStatus                       0x08008133   Thumb Code    48  stm32f4xx_fsmc.o(.text)
    FSMC_ClearFlag                           0x08008163   Thumb Code   114  stm32f4xx_fsmc.o(.text)
    FSMC_GetITStatus                         0x080081d5   Thumb Code    60  stm32f4xx_fsmc.o(.text)
    FSMC_ClearITPendingBit                   0x08008211   Thumb Code    64  stm32f4xx_fsmc.o(.text)
    RCC_DeInit                               0x08008259   Thumb Code    82  stm32f4xx_rcc.o(.text)
    RCC_HSEConfig                            0x080082ab   Thumb Code    14  stm32f4xx_rcc.o(.text)
    RCC_GetFlagStatus                        0x080082b9   Thumb Code    60  stm32f4xx_rcc.o(.text)
    RCC_WaitForHSEStartUp                    0x080082f5   Thumb Code    56  stm32f4xx_rcc.o(.text)
    RCC_AdjustHSICalibrationValue            0x0800832d   Thumb Code    20  stm32f4xx_rcc.o(.text)
    RCC_HSICmd                               0x08008341   Thumb Code     6  stm32f4xx_rcc.o(.text)
    RCC_LSEConfig                            0x08008347   Thumb Code    46  stm32f4xx_rcc.o(.text)
    RCC_LSICmd                               0x08008375   Thumb Code     6  stm32f4xx_rcc.o(.text)
    RCC_PLLConfig                            0x0800837b   Thumb Code    32  stm32f4xx_rcc.o(.text)
    RCC_PLLCmd                               0x0800839b   Thumb Code     6  stm32f4xx_rcc.o(.text)
    RCC_PLLI2SConfig                         0x080083a1   Thumb Code    14  stm32f4xx_rcc.o(.text)
    RCC_PLLI2SCmd                            0x080083af   Thumb Code     6  stm32f4xx_rcc.o(.text)
    RCC_PLLSAIConfig                         0x080083b5   Thumb Code    20  stm32f4xx_rcc.o(.text)
    RCC_PLLSAICmd                            0x080083c9   Thumb Code     6  stm32f4xx_rcc.o(.text)
    RCC_ClockSecuritySystemCmd               0x080083cf   Thumb Code     6  stm32f4xx_rcc.o(.text)
    RCC_MCO1Config                           0x080083d5   Thumb Code    28  stm32f4xx_rcc.o(.text)
    RCC_MCO2Config                           0x080083f1   Thumb Code    28  stm32f4xx_rcc.o(.text)
    RCC_SYSCLKConfig                         0x0800840d   Thumb Code    20  stm32f4xx_rcc.o(.text)
    RCC_GetSYSCLKSource                      0x08008421   Thumb Code    12  stm32f4xx_rcc.o(.text)
    RCC_HCLKConfig                           0x0800842d   Thumb Code    20  stm32f4xx_rcc.o(.text)
    RCC_PCLK1Config                          0x08008441   Thumb Code    20  stm32f4xx_rcc.o(.text)
    RCC_PCLK2Config                          0x08008455   Thumb Code    22  stm32f4xx_rcc.o(.text)
    RCC_GetClocksFreq                        0x0800846b   Thumb Code   222  stm32f4xx_rcc.o(.text)
    RCC_RTCCLKConfig                         0x08008549   Thumb Code    54  stm32f4xx_rcc.o(.text)
    RCC_RTCCLKCmd                            0x0800857f   Thumb Code     8  stm32f4xx_rcc.o(.text)
    RCC_BackupResetCmd                       0x08008587   Thumb Code     8  stm32f4xx_rcc.o(.text)
    RCC_I2SCLKConfig                         0x0800858f   Thumb Code     6  stm32f4xx_rcc.o(.text)
    RCC_SAIPLLI2SClkDivConfig                0x08008595   Thumb Code    26  stm32f4xx_rcc.o(.text)
    RCC_SAIPLLSAIClkDivConfig                0x080085af   Thumb Code    28  stm32f4xx_rcc.o(.text)
    RCC_SAIBlockACLKConfig                   0x080085cb   Thumb Code    20  stm32f4xx_rcc.o(.text)
    RCC_SAIBlockBCLKConfig                   0x080085df   Thumb Code    20  stm32f4xx_rcc.o(.text)
    RCC_LTDCCLKDivConfig                     0x080085f3   Thumb Code    20  stm32f4xx_rcc.o(.text)
    RCC_TIMCLKPresConfig                     0x08008607   Thumb Code     6  stm32f4xx_rcc.o(.text)
    RCC_AHB1PeriphClockCmd                   0x0800860d   Thumb Code    34  stm32f4xx_rcc.o(.text)
    RCC_AHB2PeriphClockCmd                   0x0800862f   Thumb Code    78  stm32f4xx_rcc.o(.text)
    RCC_AHB3PeriphClockCmd                   0x0800867d   Thumb Code    34  stm32f4xx_rcc.o(.text)
    RCC_APB1PeriphClockCmd                   0x0800869f   Thumb Code    34  stm32f4xx_rcc.o(.text)
    RCC_APB2PeriphClockCmd                   0x080086c1   Thumb Code    34  stm32f4xx_rcc.o(.text)
    RCC_AHB1PeriphResetCmd                   0x080086e3   Thumb Code    34  stm32f4xx_rcc.o(.text)
    RCC_AHB2PeriphResetCmd                   0x08008705   Thumb Code    34  stm32f4xx_rcc.o(.text)
    RCC_AHB3PeriphResetCmd                   0x08008727   Thumb Code    34  stm32f4xx_rcc.o(.text)
    RCC_APB1PeriphResetCmd                   0x08008749   Thumb Code    34  stm32f4xx_rcc.o(.text)
    RCC_APB2PeriphResetCmd                   0x0800876b   Thumb Code    34  stm32f4xx_rcc.o(.text)
    RCC_AHB1PeriphClockLPModeCmd             0x0800878d   Thumb Code    34  stm32f4xx_rcc.o(.text)
    RCC_AHB2PeriphClockLPModeCmd             0x080087af   Thumb Code    34  stm32f4xx_rcc.o(.text)
    RCC_AHB3PeriphClockLPModeCmd             0x080087d1   Thumb Code    34  stm32f4xx_rcc.o(.text)
    RCC_APB1PeriphClockLPModeCmd             0x080087f3   Thumb Code    34  stm32f4xx_rcc.o(.text)
    RCC_APB2PeriphClockLPModeCmd             0x08008815   Thumb Code    34  stm32f4xx_rcc.o(.text)
    RCC_LSEModeConfig                        0x08008837   Thumb Code    40  stm32f4xx_rcc.o(.text)
    RCC_ITConfig                             0x0800885f   Thumb Code    34  stm32f4xx_rcc.o(.text)
    RCC_ClearFlag                            0x08008881   Thumb Code    18  stm32f4xx_rcc.o(.text)
    RCC_GetITStatus                          0x08008893   Thumb Code    22  stm32f4xx_rcc.o(.text)
    RCC_ClearITPendingBit                    0x080088a9   Thumb Code     8  stm32f4xx_rcc.o(.text)
    USART_DeInit                             0x080088b5   Thumb Code   206  stm32f4xx_usart.o(.text)
    USART_Init                               0x08008983   Thumb Code   204  stm32f4xx_usart.o(.text)
    USART_StructInit                         0x08008a4f   Thumb Code    24  stm32f4xx_usart.o(.text)
    USART_ClockInit                          0x08008a67   Thumb Code    32  stm32f4xx_usart.o(.text)
    USART_ClockStructInit                    0x08008a87   Thumb Code    12  stm32f4xx_usart.o(.text)
    USART_Cmd                                0x08008a93   Thumb Code    24  stm32f4xx_usart.o(.text)
    USART_SetPrescaler                       0x08008aab   Thumb Code    16  stm32f4xx_usart.o(.text)
    USART_OverSampling8Cmd                   0x08008abb   Thumb Code    22  stm32f4xx_usart.o(.text)
    USART_OneBitMethodCmd                    0x08008ad1   Thumb Code    24  stm32f4xx_usart.o(.text)
    USART_SendData                           0x08008ae9   Thumb Code     8  stm32f4xx_usart.o(.text)
    USART_ReceiveData                        0x08008af1   Thumb Code    10  stm32f4xx_usart.o(.text)
    USART_SetAddress                         0x08008afb   Thumb Code    18  stm32f4xx_usart.o(.text)
    USART_ReceiverWakeUpCmd                  0x08008b0d   Thumb Code    24  stm32f4xx_usart.o(.text)
    USART_WakeUpConfig                       0x08008b25   Thumb Code    18  stm32f4xx_usart.o(.text)
    USART_LINBreakDetectLengthConfig         0x08008b37   Thumb Code    18  stm32f4xx_usart.o(.text)
    USART_LINCmd                             0x08008b49   Thumb Code    24  stm32f4xx_usart.o(.text)
    USART_SendBreak                          0x08008b61   Thumb Code    10  stm32f4xx_usart.o(.text)
    USART_HalfDuplexCmd                      0x08008b6b   Thumb Code    24  stm32f4xx_usart.o(.text)
    USART_SetGuardTime                       0x08008b83   Thumb Code    16  stm32f4xx_usart.o(.text)
    USART_SmartCardCmd                       0x08008b93   Thumb Code    24  stm32f4xx_usart.o(.text)
    USART_SmartCardNACKCmd                   0x08008bab   Thumb Code    24  stm32f4xx_usart.o(.text)
    USART_IrDAConfig                         0x08008bc3   Thumb Code    18  stm32f4xx_usart.o(.text)
    USART_IrDACmd                            0x08008bd5   Thumb Code    24  stm32f4xx_usart.o(.text)
    USART_DMACmd                             0x08008bed   Thumb Code    18  stm32f4xx_usart.o(.text)
    USART_ITConfig                           0x08008bff   Thumb Code    74  stm32f4xx_usart.o(.text)
    USART_GetFlagStatus                      0x08008c49   Thumb Code    26  stm32f4xx_usart.o(.text)
    USART_ClearFlag                          0x08008c63   Thumb Code    18  stm32f4xx_usart.o(.text)
    USART_GetITStatus                        0x08008c75   Thumb Code   118  stm32f4xx_usart.o(.text)
    USART_ClearITPendingBit                  0x08008ceb   Thumb Code    30  stm32f4xx_usart.o(.text)
    SPI_I2S_DeInit                           0x08008d09   Thumb Code   152  stm32f4xx_spi.o(.text)
    SPI_Init                                 0x08008da1   Thumb Code    60  stm32f4xx_spi.o(.text)
    I2S_Init                                 0x08008ddd   Thumb Code   392  stm32f4xx_spi.o(.text)
    SPI_StructInit                           0x08008f65   Thumb Code    24  stm32f4xx_spi.o(.text)
    I2S_StructInit                           0x08008f7d   Thumb Code    20  stm32f4xx_spi.o(.text)
    SPI_Cmd                                  0x08008f91   Thumb Code    24  stm32f4xx_spi.o(.text)
    I2S_Cmd                                  0x08008fa9   Thumb Code    24  stm32f4xx_spi.o(.text)
    SPI_DataSizeConfig                       0x08008fc1   Thumb Code    18  stm32f4xx_spi.o(.text)
    SPI_BiDirectionalLineConfig              0x08008fd3   Thumb Code    28  stm32f4xx_spi.o(.text)
    SPI_NSSInternalSoftwareConfig            0x08008fef   Thumb Code    30  stm32f4xx_spi.o(.text)
    SPI_SSOutputCmd                          0x0800900d   Thumb Code    24  stm32f4xx_spi.o(.text)
    SPI_TIModeCmd                            0x08009025   Thumb Code    24  stm32f4xx_spi.o(.text)
    I2S_FullDuplexConfig                     0x0800903d   Thumb Code    80  stm32f4xx_spi.o(.text)
    SPI_I2S_ReceiveData                      0x0800908d   Thumb Code     6  stm32f4xx_spi.o(.text)
    SPI_I2S_SendData                         0x08009093   Thumb Code     4  stm32f4xx_spi.o(.text)
    SPI_CalculateCRC                         0x08009097   Thumb Code    24  stm32f4xx_spi.o(.text)
    SPI_TransmitCRC                          0x080090af   Thumb Code    10  stm32f4xx_spi.o(.text)
    SPI_GetCRC                               0x080090b9   Thumb Code    16  stm32f4xx_spi.o(.text)
    SPI_GetCRCPolynomial                     0x080090c9   Thumb Code     6  stm32f4xx_spi.o(.text)
    SPI_I2S_DMACmd                           0x080090cf   Thumb Code    18  stm32f4xx_spi.o(.text)
    SPI_I2S_ITConfig                         0x080090e1   Thumb Code    68  stm32f4xx_spi.o(.text)
    SPI_I2S_GetFlagStatus                    0x08009125   Thumb Code    18  stm32f4xx_spi.o(.text)
    SPI_I2S_ClearFlag                        0x08009137   Thumb Code     6  stm32f4xx_spi.o(.text)
    SPI_I2S_GetITStatus                      0x0800913d   Thumb Code    52  stm32f4xx_spi.o(.text)
    SPI_I2S_ClearITPendingBit                0x08009171   Thumb Code    20  stm32f4xx_spi.o(.text)
    SDIO_DeInit                              0x08009185   Thumb Code    22  stm32f4xx_sdio.o(.text)
    SDIO_Init                                0x0800919b   Thumb Code    42  stm32f4xx_sdio.o(.text)
    SDIO_StructInit                          0x080091c5   Thumb Code    16  stm32f4xx_sdio.o(.text)
    SDIO_ClockCmd                            0x080091d5   Thumb Code     6  stm32f4xx_sdio.o(.text)
    SDIO_SetPowerState                       0x080091db   Thumb Code     8  stm32f4xx_sdio.o(.text)
    SDIO_GetPowerState                       0x080091e3   Thumb Code    12  stm32f4xx_sdio.o(.text)
    SDIO_SendCommand                         0x080091ef   Thumb Code    42  stm32f4xx_sdio.o(.text)
    SDIO_CmdStructInit                       0x08009219   Thumb Code    14  stm32f4xx_sdio.o(.text)
    SDIO_GetCommandResponse                  0x08009227   Thumb Code    10  stm32f4xx_sdio.o(.text)
    SDIO_GetResponse                         0x08009231   Thumb Code    22  stm32f4xx_sdio.o(.text)
    SDIO_DataConfig                          0x08009247   Thumb Code    48  stm32f4xx_sdio.o(.text)
    SDIO_DataStructInit                      0x08009277   Thumb Code    20  stm32f4xx_sdio.o(.text)
    SDIO_GetDataCounter                      0x0800928b   Thumb Code     8  stm32f4xx_sdio.o(.text)
    SDIO_ReadData                            0x08009293   Thumb Code     8  stm32f4xx_sdio.o(.text)
    SDIO_WriteData                           0x0800929b   Thumb Code     8  stm32f4xx_sdio.o(.text)
    SDIO_GetFIFOCount                        0x080092a3   Thumb Code     8  stm32f4xx_sdio.o(.text)
    SDIO_StartSDIOReadWait                   0x080092ab   Thumb Code     6  stm32f4xx_sdio.o(.text)
    SDIO_StopSDIOReadWait                    0x080092b1   Thumb Code     8  stm32f4xx_sdio.o(.text)
    SDIO_SetSDIOReadWaitMode                 0x080092b9   Thumb Code     8  stm32f4xx_sdio.o(.text)
    SDIO_SetSDIOOperation                    0x080092c1   Thumb Code     8  stm32f4xx_sdio.o(.text)
    SDIO_SendSDIOSuspendCmd                  0x080092c9   Thumb Code     6  stm32f4xx_sdio.o(.text)
    SDIO_CommandCompletionCmd                0x080092cf   Thumb Code     6  stm32f4xx_sdio.o(.text)
    SDIO_CEATAITCmd                          0x080092d5   Thumb Code    10  stm32f4xx_sdio.o(.text)
    SDIO_SendCEATACmd                        0x080092df   Thumb Code     6  stm32f4xx_sdio.o(.text)
    SDIO_DMACmd                              0x080092e5   Thumb Code     8  stm32f4xx_sdio.o(.text)
    SDIO_ITConfig                            0x080092ed   Thumb Code    34  stm32f4xx_sdio.o(.text)
    SDIO_GetFlagStatus                       0x0800930f   Thumb Code    22  stm32f4xx_sdio.o(.text)
    SDIO_ClearFlag                           0x08009325   Thumb Code     8  stm32f4xx_sdio.o(.text)
    SDIO_GetITStatus                         0x0800932d   Thumb Code    22  stm32f4xx_sdio.o(.text)
    SDIO_ClearITPendingBit                   0x08009343   Thumb Code     8  stm32f4xx_sdio.o(.text)
    DMA_DeInit                               0x08009369   Thumb Code   324  stm32f4xx_dma.o(.text)
    DMA_Init                                 0x080094ad   Thumb Code    82  stm32f4xx_dma.o(.text)
    DMA_StructInit                           0x080094ff   Thumb Code    34  stm32f4xx_dma.o(.text)
    DMA_Cmd                                  0x08009521   Thumb Code    22  stm32f4xx_dma.o(.text)
    DMA_PeriphIncOffsetSizeConfig            0x08009537   Thumb Code    22  stm32f4xx_dma.o(.text)
    DMA_FlowControllerConfig                 0x0800954d   Thumb Code    22  stm32f4xx_dma.o(.text)
    DMA_SetCurrDataCounter                   0x08009563   Thumb Code     4  stm32f4xx_dma.o(.text)
    DMA_GetCurrDataCounter                   0x08009567   Thumb Code     8  stm32f4xx_dma.o(.text)
    DMA_DoubleBufferModeConfig               0x0800956f   Thumb Code    24  stm32f4xx_dma.o(.text)
    DMA_DoubleBufferModeCmd                  0x08009587   Thumb Code    22  stm32f4xx_dma.o(.text)
    DMA_MemoryTargetConfig                   0x0800959d   Thumb Code    10  stm32f4xx_dma.o(.text)
    DMA_GetCurrentMemoryTarget               0x080095a7   Thumb Code    20  stm32f4xx_dma.o(.text)
    DMA_GetCmdStatus                         0x080095bb   Thumb Code    20  stm32f4xx_dma.o(.text)
    DMA_GetFIFOStatus                        0x080095cf   Thumb Code    12  stm32f4xx_dma.o(.text)
    DMA_GetFlagStatus                        0x080095db   Thumb Code    54  stm32f4xx_dma.o(.text)
    DMA_ClearFlag                            0x08009611   Thumb Code    40  stm32f4xx_dma.o(.text)
    DMA_ITConfig                             0x08009639   Thumb Code    58  stm32f4xx_dma.o(.text)
    DMA_GetITStatus                          0x08009673   Thumb Code    82  stm32f4xx_dma.o(.text)
    DMA_ClearITPendingBit                    0x080096c5   Thumb Code    40  stm32f4xx_dma.o(.text)
    mymemcpy                                 0x0800970d   Thumb Code    26  malloc.o(.text)
    mymemset                                 0x08009727   Thumb Code    20  malloc.o(.text)
    my_mem_init                              0x0800973b   Thumb Code    54  malloc.o(.text)
    my_mem_perused                           0x08009771   Thumb Code    54  malloc.o(.text)
    my_mem_malloc                            0x080097a7   Thumb Code   154  malloc.o(.text)
    my_mem_free                              0x08009841   Thumb Code    94  malloc.o(.text)
    myfree                                   0x0800989f   Thumb Code    32  malloc.o(.text)
    mymalloc                                 0x080098bf   Thumb Code    34  malloc.o(.text)
    myrealloc                                0x080098e1   Thumb Code    66  malloc.o(.text)
    USB_OTG_WritePacket                      0x080099d1   Thumb Code    64  usb_core.o(.text)
    USB_OTG_ReadPacket                       0x08009a11   Thumb Code    40  usb_core.o(.text)
    USB_OTG_SelectCore                       0x08009a39   Thumb Code   204  usb_core.o(.text)
    USB_OTG_CoreInit                         0x08009b05   Thumb Code   294  usb_core.o(.text)
    USB_OTG_EnableGlobalInt                  0x08009c2b   Thumb Code    34  usb_core.o(.text)
    USB_OTG_DisableGlobalInt                 0x08009c4d   Thumb Code    34  usb_core.o(.text)
    USB_OTG_FlushTxFifo                      0x08009c6f   Thumb Code    80  usb_core.o(.text)
    USB_OTG_FlushRxFifo                      0x08009cbf   Thumb Code    70  usb_core.o(.text)
    USB_OTG_SetCurrentMode                   0x08009d05   Thumb Code    78  usb_core.o(.text)
    USB_OTG_GetMode                          0x08009d53   Thumb Code    12  usb_core.o(.text)
    USB_OTG_IsDeviceMode                     0x08009d5f   Thumb Code    30  usb_core.o(.text)
    USB_OTG_IsHostMode                       0x08009d7d   Thumb Code    20  usb_core.o(.text)
    USB_OTG_ReadCoreItr                      0x08009d91   Thumb Code    16  usb_core.o(.text)
    USB_OTG_ReadOtgItr                       0x08009da1   Thumb Code     8  usb_core.o(.text)
    USB_OTG_InitDevSpeed                     0x08009da9   Thumb Code    24  usb_core.o(.text)
    USB_OTG_EnableDevInt                     0x08009dc1   Thumb Code   154  usb_core.o(.text)
    USB_OTG_CoreInitDev                      0x08009e5b   Thumb Code   522  usb_core.o(.text)
    USB_OTG_GetDeviceSpeed                   0x0800a065   Thumb Code    52  usb_core.o(.text)
    USB_OTG_EP0Activate                      0x0800a099   Thumb Code   106  usb_core.o(.text)
    USB_OTG_EPActivate                       0x0800a103   Thumb Code   152  usb_core.o(.text)
    USB_OTG_EPDeactivate                     0x0800a19b   Thumb Code    94  usb_core.o(.text)
    USB_OTG_EPStartXfer                      0x0800a1f9   Thumb Code   506  usb_core.o(.text)
    USB_OTG_EP0StartXfer                     0x0800a3f3   Thumb Code   342  usb_core.o(.text)
    USB_OTG_EPSetStall                       0x0800a549   Thumb Code   100  usb_core.o(.text)
    USB_OTG_EPClearStall                     0x0800a5ad   Thumb Code    80  usb_core.o(.text)
    USB_OTG_ReadDevAllOutEp_itr              0x0800a5fd   Thumb Code    16  usb_core.o(.text)
    USB_OTG_ReadDevOutEP_itr                 0x0800a60d   Thumb Code    20  usb_core.o(.text)
    USB_OTG_ReadDevAllInEPItr                0x0800a621   Thumb Code    16  usb_core.o(.text)
    USB_OTG_EP0_OutStart                     0x0800a631   Thumb Code    98  usb_core.o(.text)
    USB_OTG_ActiveRemoteWakeup               0x0800a693   Thumb Code   106  usb_core.o(.text)
    USB_OTG_UngateClock                      0x0800a6fd   Thumb Code    54  usb_core.o(.text)
    USB_OTG_StopDevice                       0x0800a733   Thumb Code    82  usb_core.o(.text)
    USB_OTG_GetEPStatus                      0x0800a785   Thumb Code   106  usb_core.o(.text)
    USB_OTG_SetEPStatus                      0x0800a7ef   Thumb Code   282  usb_core.o(.text)
    DCD_Init                                 0x0800a909   Thumb Code   156  usb_dcd.o(.text)
    DCD_EP_Open                              0x0800a9a5   Thumb Code   104  usb_dcd.o(.text)
    DCD_EP_Close                             0x0800aa0d   Thumb Code    74  usb_dcd.o(.text)
    DCD_EP_PrepareRx                         0x0800aa57   Thumb Code    82  usb_dcd.o(.text)
    DCD_EP_Tx                                0x0800aaa9   Thumb Code    78  usb_dcd.o(.text)
    DCD_EP_Stall                             0x0800aaf7   Thumb Code    72  usb_dcd.o(.text)
    DCD_EP_ClrStall                          0x0800ab3f   Thumb Code    72  usb_dcd.o(.text)
    DCD_EP_Flush                             0x0800ab87   Thumb Code    36  usb_dcd.o(.text)
    DCD_EP_SetAddress                        0x0800abab   Thumb Code    28  usb_dcd.o(.text)
    DCD_DevConnect                           0x0800abc7   Thumb Code    32  usb_dcd.o(.text)
    DCD_DevDisconnect                        0x0800abe7   Thumb Code    34  usb_dcd.o(.text)
    DCD_GetEPStatus                          0x0800ac09   Thumb Code    64  usb_dcd.o(.text)
    DCD_SetEPStatus                          0x0800ac49   Thumb Code    62  usb_dcd.o(.text)
    USBD_OTG_ISR_Handler                     0x0800b30f   Thumb Code   224  usb_dcd_int.o(.text)
    USBD_DeInit                              0x0800b3f5   Thumb Code     6  usbd_core.o(.text)
    USBD_Init                                0x0800b3fb   Thumb Code    66  usbd_core.o(.text)
    USBD_SetCfg                              0x0800b68f   Thumb Code    30  usbd_core.o(.text)
    USBD_ClrCfg                              0x0800b6ad   Thumb Code    22  usbd_core.o(.text)
    USBD_CtlSendData                         0x0800b6ed   Thumb Code    46  usbd_ioreq.o(.text)
    USBD_CtlContinueSendData                 0x0800b71b   Thumb Code    30  usbd_ioreq.o(.text)
    USBD_CtlPrepareRx                        0x0800b739   Thumb Code    46  usbd_ioreq.o(.text)
    USBD_CtlContinueRx                       0x0800b767   Thumb Code    30  usbd_ioreq.o(.text)
    USBD_CtlSendStatus                       0x0800b785   Thumb Code    36  usbd_ioreq.o(.text)
    USBD_CtlReceiveStatus                    0x0800b7a9   Thumb Code    36  usbd_ioreq.o(.text)
    USBD_GetRxCount                          0x0800b7cd   Thumb Code    20  usbd_ioreq.o(.text)
    USBD_CtlError                            0x0800b7e1   Thumb Code    30  usbd_req.o(.text)
    USBD_StdDevReq                           0x0800bbc9   Thumb Code   114  usbd_req.o(.text)
    USBD_StdItfReq                           0x0800bc3b   Thumb Code    76  usbd_req.o(.text)
    USBD_StdEPReq                            0x0800bc87   Thumb Code   360  usbd_req.o(.text)
    USBD_ParseSetupRequest                   0x0800bdef   Thumb Code    72  usbd_req.o(.text)
    USBD_GetString                           0x0800be4b   Thumb Code    82  usbd_req.o(.text)
    audio_i2s_dma_callback                   0x0800c28d   Thumb Code   104  stm324xg_usb_audio_codec.o(.text)
    EVAL_AUDIO_VolumeCtl                     0x0800c2f5   Thumb Code   206  stm324xg_usb_audio_codec.o(.text)
    EVAL_AUDIO_Init                          0x0800c3c3   Thumb Code   144  stm324xg_usb_audio_codec.o(.text)
    EVAL_AUDIO_Play                          0x0800c453   Thumb Code    20  stm324xg_usb_audio_codec.o(.text)
    EVAL_AUDIO_PauseResume                   0x0800c467   Thumb Code    86  stm324xg_usb_audio_codec.o(.text)
    EVAL_AUDIO_Stop                          0x0800c4bd   Thumb Code    20  stm324xg_usb_audio_codec.o(.text)
    EVAL_AUDIO_Mute                          0x0800c4d1   Thumb Code   224  stm324xg_usb_audio_codec.o(.text)
    Audio_MAL_Play                           0x0800c5b1   Thumb Code   108  stm324xg_usb_audio_codec.o(.text)
    USB_OTG_BSP_Init                         0x0800c6ad   Thumb Code   116  usb_bsp.o(.text)
    USB_OTG_BSP_EnableInterrupt              0x0800c721   Thumb Code    36  usb_bsp.o(.text)
    USB_OTG_BSP_DisableInterrupt             0x0800c745   Thumb Code     2  usb_bsp.o(.text)
    USB_OTG_BSP_DriveVBUS                    0x0800c747   Thumb Code     2  usb_bsp.o(.text)
    USB_OTG_BSP_ConfigVBUS                   0x0800c749   Thumb Code     2  usb_bsp.o(.text)
    USB_OTG_BSP_uDelay                       0x0800c74b   Thumb Code    12  usb_bsp.o(.text)
    USB_OTG_BSP_mDelay                       0x0800c757   Thumb Code    12  usb_bsp.o(.text)
    USBD_USR_DeviceDescriptor                0x0800c76d   Thumb Code    10  usbd_desc.o(.text)
    USBD_USR_LangIDStrDescriptor             0x0800c777   Thumb Code    10  usbd_desc.o(.text)
    USBD_USR_ProductStrDescriptor            0x0800c781   Thumb Code    34  usbd_desc.o(.text)
    USBD_USR_ManufacturerStrDescriptor       0x0800c7a3   Thumb Code    20  usbd_desc.o(.text)
    USBD_USR_SerialStrDescriptor             0x0800c7b7   Thumb Code    34  usbd_desc.o(.text)
    USBD_USR_ConfigStrDescriptor             0x0800c7d9   Thumb Code    34  usbd_desc.o(.text)
    USBD_USR_InterfaceStrDescriptor          0x0800c7fb   Thumb Code    34  usbd_desc.o(.text)
    OTG_FS_IRQHandler                        0x0800c899   Thumb Code    10  usbd_usr.o(.text)
    USBD_USR_Init                            0x0800c8a3   Thumb Code     2  usbd_usr.o(.text)
    USBD_USR_DeviceReset                     0x0800c8a5   Thumb Code    40  usbd_usr.o(.text)
    USBD_USR_DeviceConfigured                0x0800c8cd   Thumb Code    16  usbd_usr.o(.text)
    USBD_USR_DeviceSuspended                 0x0800c8dd   Thumb Code    16  usbd_usr.o(.text)
    USBD_USR_DeviceResumed                   0x0800c8ed   Thumb Code    10  usbd_usr.o(.text)
    USBD_USR_DeviceConnected                 0x0800c8f7   Thumb Code    10  usbd_usr.o(.text)
    USBD_USR_DeviceDisconnected              0x0800c901   Thumb Code    10  usbd_usr.o(.text)
    __use_no_semihosting                     0x0800ca01   Thumb Code     2  use_no_semi_2.o(.text)
    __2printf                                0x0800ca05   Thumb Code    20  noretval__2printf.o(.text)
    __printf                                 0x0800ca1d   Thumb Code   104  __printf.o(.text)
    _printf_int_dec                          0x0800ca85   Thumb Code   102  _printf_dec.o(.text)
    _printf_int_hex                          0x0800cafd   Thumb Code    88  _printf_hex_int.o(.text)
    _printf_longlong_hex                     0x0800cafd   Thumb Code     0  _printf_hex_int.o(.text)
    __aeabi_memcpy                           0x0800cb59   Thumb Code     0  rt_memcpy_v6.o(.text)
    __rt_memcpy                              0x0800cb59   Thumb Code   138  rt_memcpy_v6.o(.text)
    _memcpy_lastbytes                        0x0800cbbf   Thumb Code     0  rt_memcpy_v6.o(.text)
    __use_two_region_memory                  0x0800cbe3   Thumb Code     2  heapauxi.o(.text)
    __rt_heap_escrow$2region                 0x0800cbe5   Thumb Code     2  heapauxi.o(.text)
    __rt_heap_expand$2region                 0x0800cbe7   Thumb Code     2  heapauxi.o(.text)
    __I$use$semihosting                      0x0800cbe9   Thumb Code     0  use_no_semi.o(.text)
    __use_no_semihosting_swi                 0x0800cbe9   Thumb Code     2  use_no_semi.o(.text)
    _printf_int_common                       0x0800cbeb   Thumb Code   184  _printf_intcommon.o(.text)
    _printf_char_file                        0x0800cca5   Thumb Code    32  _printf_char_file.o(.text)
    __aeabi_memcpy4                          0x0800ccc9   Thumb Code     0  rt_memcpy_w.o(.text)
    __aeabi_memcpy8                          0x0800ccc9   Thumb Code     0  rt_memcpy_w.o(.text)
    __rt_memcpy_w                            0x0800ccc9   Thumb Code   100  rt_memcpy_w.o(.text)
    _memcpy_lastbytes_aligned                0x0800cd11   Thumb Code     0  rt_memcpy_w.o(.text)
    _printf_char_common                      0x0800cd37   Thumb Code    32  _printf_char_common.o(.text)
    ferror                                   0x0800cd5d   Thumb Code     8  ferror.o(.text)
    __user_setup_stackheap                   0x0800cd65   Thumb Code    74  sys_stackheap_outer.o(.text)
    exit                                     0x0800cdaf   Thumb Code    12  exit.o(.text)
    __user_libspace                          0x0800cdbd   Thumb Code     8  libspace.o(.text)
    __user_perproc_libspace                  0x0800cdbd   Thumb Code     0  libspace.o(.text)
    __user_perthread_libspace                0x0800cdbd   Thumb Code     0  libspace.o(.text)
    __aeabi_d2uiz                            0x0800cdc5   Thumb Code     0  dfixu.o(x$fpl$dfixu)
    _dfixu                                   0x0800cdc5   Thumb Code    90  dfixu.o(x$fpl$dfixu)
    __aeabi_ui2d                             0x0800ce1f   Thumb Code     0  dflt_clz.o(x$fpl$dfltu)
    _dfltu                                   0x0800ce1f   Thumb Code    38  dflt_clz.o(x$fpl$dfltu)
    __aeabi_dmul                             0x0800ce45   Thumb Code     0  dmul.o(x$fpl$dmul)
    _dmul                                    0x0800ce45   Thumb Code   332  dmul.o(x$fpl$dmul)
    __fpl_dnaninf                            0x0800cf99   Thumb Code   156  dnaninf.o(x$fpl$dnaninf)
    __fpl_dretinf                            0x0800d035   Thumb Code    12  dretinf.o(x$fpl$dretinf)
    _fp_init                                 0x0800d041   Thumb Code    10  fpinit.o(x$fpl$fpinit)
    __fplib_config_fpu_vfp                   0x0800d049   Thumb Code     0  fpinit.o(x$fpl$fpinit)
    __fplib_config_pureend_doubles           0x0800d049   Thumb Code     0  fpinit.o(x$fpl$fpinit)
    __I$use$fp                               0x0800d04a   Number         0  usenofp.o(x$fpl$usenofp)
    asc2_1206                                0x0800d04a   Data        1140  lcd.o(.constdata)
    asc2_1608                                0x0800d4be   Data        1520  lcd.o(.constdata)
    asc2_2412                                0x0800daae   Data        3420  lcd.o(.constdata)
    I2S_PSC_TBL                              0x0800e80a   Data         110  i2s.o(.constdata)
    FSMC_DefaultTimingStruct                 0x0800e878   Data          28  stm32f4xx_fsmc.o(.constdata)
    memtblsize                               0x0800e894   Data          12  malloc.o(.constdata)
    memblksize                               0x0800e8a0   Data          12  malloc.o(.constdata)
    memsize                                  0x0800e8ac   Data          12  malloc.o(.constdata)
    Region$$Table$$Base                      0x0800e8e0   Number         0  anon$$obj.o(Region$$Table)
    Region$$Table$$Limit                     0x0800e900   Number         0  anon$$obj.o(Region$$Table)
    mem3base                                 0x10000000   Data       61440  malloc.o(.ARM.__AT_0x10000000)
    mem3mapbase                              0x1000f000   Data        3840  malloc.o(.ARM.__AT_0x1000F000)
    SystemCoreClock                          0x20000000   Data           4  system_stm32f4xx.o(.data)
    AHBPrescTable                            0x20000004   Data          16  system_stm32f4xx.o(.data)
    POINT_COLOR                              0x20000014   Data           2  lcd.o(.data)
    BACK_COLOR                               0x20000016   Data           2  lcd.o(.data)
    TransferError                            0x20000026   Data           1  sdio_sdcard.o(.data)
    TransferEnd                              0x20000027   Data           1  sdio_sdcard.o(.data)
    tempbuff                                 0x20000028   Data           4  sdio_sdcard.o(.data)
    i2s_tx_callback                          0x2000002c   Data           4  i2s.o(.data)
    USART_RX_STA                             0x200000a8   Data           2  usart.o(.data)
    __stdout                                 0x200000ac   Data           4  usart.o(.data)
    mallco_dev                               0x200000c0   Data          36  malloc.o(.data)
    USBD_DCD_INT_cb                          0x200000e4   Data          44  usbd_core.o(.data)
    USBD_DCD_INT_fops                        0x20000110   Data           4  usbd_core.o(.data)
    SET_TEST_MODE                            0x20000114   Data           4  usbd_core.o(.data)
    USBD_ep_status                           0x20000118   Data           4  usbd_req.o(.data)
    USBD_default_cfg                         0x2000011c   Data           4  usbd_req.o(.data)
    USBD_cfg_status                          0x20000120   Data           4  usbd_req.o(.data)
    IsocOutWrPtr                             0x20000128   Data           4  usbd_audio_core.o(.data)
    IsocOutRdPtr                             0x2000012c   Data           4  usbd_audio_core.o(.data)
    AudioCtlCmd                              0x20000130   Data           1  usbd_audio_core.o(.data)
    AudioCtlLen                              0x20000134   Data           4  usbd_audio_core.o(.data)
    AudioCtlUnit                             0x20000138   Data           1  usbd_audio_core.o(.data)
    AUDIO_cb                                 0x20000144   Data          44  usbd_audio_core.o(.data)
    AUDIO_OUT_fops                           0x200001e0   Data          28  usbd_audio_out_if.o(.data)
    volume                                   0x20000204   Data           1  stm324xg_usb_audio_codec.o(.data)
    audiostatus                              0x20000205   Data           1  stm324xg_usb_audio_codec.o(.data)
    i2splaybuf                               0x20000206   Data           1  stm324xg_usb_audio_codec.o(.data)
    i2ssavebuf                               0x20000207   Data           1  stm324xg_usb_audio_codec.o(.data)
    USR_desc                                 0x20000208   Data          28  usbd_desc.o(.data)
    USBD_DeviceDesc                          0x20000224   Data          18  usbd_desc.o(.data)
    USBD_DeviceQualifierDesc                 0x20000236   Data          10  usbd_desc.o(.data)
    USBD_LangIDDesc                          0x20000240   Data           4  usbd_desc.o(.data)
    bDeviceState                             0x20000244   Data           1  usbd_usr.o(.data)
    USR_cb                                   0x20000248   Data          28  usbd_usr.o(.data)
    USB_OTG_dev                              0x20000264   Data        1524  main.o(.bss)
    lcddev                                   0x20000858   Data          14  lcd.o(.bss)
    SDIO_InitStructure                       0x20000868   Data          24  sdio_sdcard.o(.bss)
    SDIO_CmdInitStructure                    0x20000880   Data          20  sdio_sdcard.o(.bss)
    SDIO_DataInitStructure                   0x20000894   Data          24  sdio_sdcard.o(.bss)
    SDCardInfo                               0x200008d0   Data          88  sdio_sdcard.o(.bss)
    SDIO_DATA_BUFFER                         0x20000928   Data         512  sdio_sdcard.o(.bss)
    USART_RX_BUF                             0x20000b28   Data         200  usart.o(.bss)
    mem1base                                 0x20000c00   Data       112640  malloc.o(.bss)
    mem1mapbase                              0x2001c400   Data        7040  malloc.o(.bss)
    USBD_StrDesc                             0x2001df80   Data         200  usbd_req.o(.bss)
    IsocOutBuff                              0x2001e048   Data        1536  usbd_audio_core.o(.bss)
    AudioCtl                                 0x2001e648   Data          64  usbd_audio_core.o(.bss)
    i2sbuf                                   0x2001e688   Data         400  stm324xg_usb_audio_codec.o(.bss)
    __libspace_start                         0x2001e818   Data          96  libspace.o(.bss)
    __temporary_stack_top$libspace           0x2001e878   Data           0  libspace.o(.bss)
    mem2base                                 0x68000000   Data       983040  malloc.o(.ARM.__AT_0x68000000)
    mem2mapbase                              0x680f0000   Data       61440  malloc.o(.ARM.__AT_0x680F0000)



==============================================================================

Memory Map of the image

  Image Entry point : 0x08000189

  Load Region LR_IROM1 (Base: 0x08000000, Size: 0x0000eb64, Max: 0x00100000, ABSOLUTE, COMPRESSED[0x0000ea6c])

    Execution Region ER_IROM1 (Base: 0x08000000, Size: 0x0000e900, Max: 0x00100000, ABSOLUTE)

    Base Addr    Size         Type   Attr      Idx    E Section Name        Object

    0x08000000   0x00000188   Data   RO          617    RESET               startup_stm32f40_41xxx.o
    0x08000188   0x00000008   Code   RO         1222  * !!!main             c_w.l(__main.o)
    0x08000190   0x00000034   Code   RO         1408    !!!scatter          c_w.l(__scatter.o)
    0x080001c4   0x0000005a   Code   RO         1406    !!dczerorl2         c_w.l(__dczerorl2.o)
    0x0800021e   0x00000002   PAD
    0x08000220   0x0000001c   Code   RO         1410    !!handler_zi        c_w.l(__scatter_zi.o)
    0x0800023c   0x00000000   Code   RO         1217    .ARM.Collect$$_printf_percent$$00000000  c_w.l(_printf_percent.o)
    0x0800023c   0x00000006   Code   RO         1216    .ARM.Collect$$_printf_percent$$00000009  c_w.l(_printf_d.o)
    0x08000242   0x00000006   Code   RO         1215    .ARM.Collect$$_printf_percent$$0000000C  c_w.l(_printf_x.o)
    0x08000248   0x00000004   Code   RO         1243    .ARM.Collect$$_printf_percent$$00000017  c_w.l(_printf_percent_end.o)
    0x0800024c   0x00000002   Code   RO         1283    .ARM.Collect$$libinit$$00000000  c_w.l(libinit.o)
    0x0800024e   0x00000004   Code   RO         1289    .ARM.Collect$$libinit$$00000001  c_w.l(libinit2.o)
    0x08000252   0x00000000   Code   RO         1293    .ARM.Collect$$libinit$$00000008  c_w.l(libinit2.o)
    0x08000252   0x00000000   Code   RO         1295    .ARM.Collect$$libinit$$0000000A  c_w.l(libinit2.o)
    0x08000252   0x00000000   Code   RO         1297    .ARM.Collect$$libinit$$0000000C  c_w.l(libinit2.o)
    0x08000252   0x00000000   Code   RO         1300    .ARM.Collect$$libinit$$0000000F  c_w.l(libinit2.o)
    0x08000252   0x00000000   Code   RO         1302    .ARM.Collect$$libinit$$00000011  c_w.l(libinit2.o)
    0x08000252   0x00000000   Code   RO         1304    .ARM.Collect$$libinit$$00000013  c_w.l(libinit2.o)
    0x08000252   0x00000000   Code   RO         1306    .ARM.Collect$$libinit$$00000015  c_w.l(libinit2.o)
    0x08000252   0x00000000   Code   RO         1308    .ARM.Collect$$libinit$$00000017  c_w.l(libinit2.o)
    0x08000252   0x00000000   Code   RO         1310    .ARM.Collect$$libinit$$00000019  c_w.l(libinit2.o)
    0x08000252   0x00000000   Code   RO         1312    .ARM.Collect$$libinit$$0000001B  c_w.l(libinit2.o)
    0x08000252   0x00000000   Code   RO         1314    .ARM.Collect$$libinit$$0000001D  c_w.l(libinit2.o)
    0x08000252   0x00000000   Code   RO         1316    .ARM.Collect$$libinit$$0000001F  c_w.l(libinit2.o)
    0x08000252   0x00000000   Code   RO         1318    .ARM.Collect$$libinit$$00000021  c_w.l(libinit2.o)
    0x08000252   0x00000000   Code   RO         1320    .ARM.Collect$$libinit$$00000023  c_w.l(libinit2.o)
    0x08000252   0x00000000   Code   RO         1324    .ARM.Collect$$libinit$$0000002A  c_w.l(libinit2.o)
    0x08000252   0x00000000   Code   RO         1326    .ARM.Collect$$libinit$$0000002C  c_w.l(libinit2.o)
    0x08000252   0x00000000   Code   RO         1328    .ARM.Collect$$libinit$$0000002E  c_w.l(libinit2.o)
    0x08000252   0x00000000   Code   RO         1330    .ARM.Collect$$libinit$$00000030  c_w.l(libinit2.o)
    0x08000252   0x00000002   Code   RO         1331    .ARM.Collect$$libinit$$00000031  c_w.l(libinit2.o)
    0x08000254   0x00000002   Code   RO         1349    .ARM.Collect$$libshutdown$$00000000  c_w.l(libshutdown.o)
    0x08000256   0x00000000   Code   RO         1360    .ARM.Collect$$libshutdown$$00000003  c_w.l(libshutdown2.o)
    0x08000256   0x00000000   Code   RO         1363    .ARM.Collect$$libshutdown$$00000006  c_w.l(libshutdown2.o)
    0x08000256   0x00000000   Code   RO         1366    .ARM.Collect$$libshutdown$$00000009  c_w.l(libshutdown2.o)
    0x08000256   0x00000000   Code   RO         1368    .ARM.Collect$$libshutdown$$0000000B  c_w.l(libshutdown2.o)
    0x08000256   0x00000000   Code   RO         1371    .ARM.Collect$$libshutdown$$0000000E  c_w.l(libshutdown2.o)
    0x08000256   0x00000002   Code   RO         1372    .ARM.Collect$$libshutdown$$0000000F  c_w.l(libshutdown2.o)
    0x08000258   0x00000000   Code   RO         1238    .ARM.Collect$$rtentry$$00000000  c_w.l(rtentry.o)
    0x08000258   0x00000000   Code   RO         1252    .ARM.Collect$$rtentry$$00000002  c_w.l(rtentry2.o)
    0x08000258   0x00000006   Code   RO         1264    .ARM.Collect$$rtentry$$00000004  c_w.l(rtentry4.o)
    0x0800025e   0x00000000   Code   RO         1254    .ARM.Collect$$rtentry$$00000009  c_w.l(rtentry2.o)
    0x0800025e   0x00000004   Code   RO         1255    .ARM.Collect$$rtentry$$0000000A  c_w.l(rtentry2.o)
    0x08000262   0x00000000   Code   RO         1257    .ARM.Collect$$rtentry$$0000000C  c_w.l(rtentry2.o)
    0x08000262   0x00000008   Code   RO         1258    .ARM.Collect$$rtentry$$0000000D  c_w.l(rtentry2.o)
    0x0800026a   0x00000002   Code   RO         1287    .ARM.Collect$$rtexit$$00000000  c_w.l(rtexit.o)
    0x0800026c   0x00000000   Code   RO         1333    .ARM.Collect$$rtexit$$00000002  c_w.l(rtexit2.o)
    0x0800026c   0x00000004   Code   RO         1334    .ARM.Collect$$rtexit$$00000003  c_w.l(rtexit2.o)
    0x08000270   0x00000006   Code   RO         1335    .ARM.Collect$$rtexit$$00000004  c_w.l(rtexit2.o)
    0x08000276   0x00000002   PAD
    0x08000278   0x00000010   Code   RO          568    .emb_text           sys.o
    0x08000288   0x0000025c   Code   RO            3    .text               main.o
    0x080004e4   0x0000001a   Code   RO          213    .text               stm32f4xx_it.o
    0x080004fe   0x00000002   PAD
    0x08000500   0x0000020c   Code   RO          262    .text               system_stm32f4xx.o
    0x0800070c   0x00000040   Code   RO          288    .text               led.o
    0x0800074c   0x00004844   Code   RO          308    .text               lcd.o
    0x08004f90   0x00000104   Code   RO          346    .text               key.o
    0x08005094   0x00001d70   Code   RO          417    .text               sdio_sdcard.o
    0x08006e04   0x00000274   Code   RO          451    .text               myiic.o
    0x08007078   0x000001dc   Code   RO          497    .text               i2s.o
    0x08007254   0x00000424   Code   RO          524    .text               wm8978.o
    0x08007678   0x00000100   Code   RO          546    .text               delay.o
    0x08007778   0x00000150   Code   RO          586    .text               usart.o
    0x080078c8   0x0000003c   Code   RO          618    .text               startup_stm32f40_41xxx.o
    0x08007904   0x000000e4   Code   RO          624    .text               misc.o
    0x080079e8   0x00000294   Code   RO          644    .text               stm32f4xx_gpio.o
    0x08007c7c   0x000005dc   Code   RO          664    .text               stm32f4xx_fsmc.o
    0x08008258   0x0000065c   Code   RO          687    .text               stm32f4xx_rcc.o
    0x080088b4   0x00000454   Code   RO          709    .text               stm32f4xx_usart.o
    0x08008d08   0x0000047c   Code   RO          769    .text               stm32f4xx_spi.o
    0x08009184   0x000001e4   Code   RO          789    .text               stm32f4xx_sdio.o
    0x08009368   0x000003a4   Code   RO          809    .text               stm32f4xx_dma.o
    0x0800970c   0x00000228   Code   RO          829    .text               malloc.o
    0x08009934   0x00000fd4   Code   RO          861    .text               usb_core.o
    0x0800a908   0x0000037e   Code   RO          884    .text               usb_dcd.o
    0x0800ac86   0x00000002   PAD
    0x0800ac88   0x0000076c   Code   RO          904    .text               usb_dcd_int.o
    0x0800b3f4   0x000002f8   Code   RO          928    .text               usbd_core.o
    0x0800b6ec   0x000000f4   Code   RO          957    .text               usbd_ioreq.o
    0x0800b7e0   0x000006c0   Code   RO          977    .text               usbd_req.o
    0x0800bea0   0x00000288   Code   RO         1006    .text               usbd_audio_core.o
    0x0800c128   0x00000164   Code   RO         1036    .text               usbd_audio_out_if.o
    0x0800c28c   0x00000420   Code   RO         1061    .text               stm324xg_usb_audio_codec.o
    0x0800c6ac   0x000000c0   Code   RO         1089    .text               usb_bsp.o
    0x0800c76c   0x0000012c   Code   RO         1109    .text               usbd_desc.o
    0x0800c898   0x00000168   Code   RO         1136    .text               usbd_usr.o
    0x0800ca00   0x00000002   Code   RO         1164    .text               c_w.l(use_no_semi_2.o)
    0x0800ca02   0x00000002   PAD
    0x0800ca04   0x00000018   Code   RO         1168    .text               c_w.l(noretval__2printf.o)
    0x0800ca1c   0x00000068   Code   RO         1170    .text               c_w.l(__printf.o)
    0x0800ca84   0x00000078   Code   RO         1172    .text               c_w.l(_printf_dec.o)
    0x0800cafc   0x0000005c   Code   RO         1177    .text               c_w.l(_printf_hex_int.o)
    0x0800cb58   0x0000008a   Code   RO         1218    .text               c_w.l(rt_memcpy_v6.o)
    0x0800cbe2   0x00000006   Code   RO         1220    .text               c_w.l(heapauxi.o)
    0x0800cbe8   0x00000002   Code   RO         1236    .text               c_w.l(use_no_semi.o)
    0x0800cbea   0x000000b8   Code   RO         1239    .text               c_w.l(_printf_intcommon.o)
    0x0800cca2   0x00000002   PAD
    0x0800cca4   0x00000024   Code   RO         1241    .text               c_w.l(_printf_char_file.o)
    0x0800ccc8   0x00000064   Code   RO         1244    .text               c_w.l(rt_memcpy_w.o)
    0x0800cd2c   0x00000030   Code   RO         1266    .text               c_w.l(_printf_char_common.o)
    0x0800cd5c   0x00000008   Code   RO         1268    .text               c_w.l(ferror.o)
    0x0800cd64   0x0000004a   Code   RO         1272    .text               c_w.l(sys_stackheap_outer.o)
    0x0800cdae   0x0000000c   Code   RO         1276    .text               c_w.l(exit.o)
    0x0800cdba   0x00000002   PAD
    0x0800cdbc   0x00000008   Code   RO         1284    .text               c_w.l(libspace.o)
    0x0800cdc4   0x0000005a   Code   RO         1224    x$fpl$dfixu         fz_wm.l(dfixu.o)
    0x0800ce1e   0x00000026   Code   RO         1228    x$fpl$dfltu         fz_wm.l(dflt_clz.o)
    0x0800ce44   0x00000154   Code   RO         1234    x$fpl$dmul          fz_wm.l(dmul.o)
    0x0800cf98   0x0000009c   Code   RO         1246    x$fpl$dnaninf       fz_wm.l(dnaninf.o)
    0x0800d034   0x0000000c   Code   RO         1248    x$fpl$dretinf       fz_wm.l(dretinf.o)
    0x0800d040   0x0000000a   Code   RO         1341    x$fpl$fpinit        fz_wm.l(fpinit.o)
    0x0800d04a   0x00000000   Code   RO         1250    x$fpl$usenofp       fz_wm.l(usenofp.o)
    0x0800d04a   0x000017c0   Data   RO          310    .constdata          lcd.o
    0x0800e80a   0x0000006e   Data   RO          498    .constdata          i2s.o
    0x0800e878   0x0000001c   Data   RO          665    .constdata          stm32f4xx_fsmc.o
    0x0800e894   0x00000024   Data   RO          835    .constdata          malloc.o
    0x0800e8b8   0x00000028   Data   RO         1178    .constdata          c_w.l(_printf_hex_int.o)
    0x0800e8e0   0x00000020   Data   RO         1404    Region$$Table       anon$$obj.o


    Execution Region RW_IRAM1 (Base: 0x20000000, Size: 0x0001ec78, Max: 0x00020000, ABSOLUTE, COMPRESSED[0x0000016c])

    Base Addr    Size         Type   Attr      Idx    E Section Name        Object

    0x20000000   0x00000014   Data   RW          263    .data               system_stm32f4xx.o
    0x20000014   0x00000004   Data   RW          311    .data               lcd.o
    0x20000018   0x00000001   Data   RW          347    .data               key.o
    0x20000019   0x00000003   PAD
    0x2000001c   0x00000010   Data   RW          419    .data               sdio_sdcard.o
    0x2000002c   0x00000004   Data   RW          499    .data               i2s.o
    0x20000030   0x00000074   Data   RW          525    .data               wm8978.o
    0x200000a4   0x00000004   Data   RW          547    .data               delay.o
    0x200000a8   0x00000008   Data   RW          588    .data               usart.o
    0x200000b0   0x00000010   Data   RW          688    .data               stm32f4xx_rcc.o
    0x200000c0   0x00000024   Data   RW          836    .data               malloc.o
    0x200000e4   0x00000034   Data   RW          929    .data               usbd_core.o
    0x20000118   0x0000000d   Data   RW          979    .data               usbd_req.o
    0x20000125   0x00000003   PAD
    0x20000128   0x000000b5   Data   RW         1008    .data               usbd_audio_core.o
    0x200001dd   0x00000003   PAD
    0x200001e0   0x00000024   Data   RW         1037    .data               usbd_audio_out_if.o
    0x20000204   0x00000004   Data   RW         1063    .data               stm324xg_usb_audio_codec.o
    0x20000208   0x0000003c   Data   RW         1110    .data               usbd_desc.o
    0x20000244   0x00000020   Data   RW         1137    .data               usbd_usr.o
    0x20000264   0x000005f4   Zero   RW            4    .bss                main.o
    0x20000858   0x0000000e   Zero   RW          309    .bss                lcd.o
    0x20000866   0x00000002   PAD
    0x20000868   0x000002c0   Zero   RW          418    .bss                sdio_sdcard.o
    0x20000b28   0x000000c8   Zero   RW          587    .bss                usart.o
    0x20000bf0   0x00000010   PAD
    0x20000c00   0x0001d380   Zero   RW          834    .bss                malloc.o
    0x2001df80   0x000000c8   Zero   RW          978    .bss                usbd_req.o
    0x2001e048   0x00000640   Zero   RW         1007    .bss                usbd_audio_core.o
    0x2001e688   0x00000190   Zero   RW         1062    .bss                stm324xg_usb_audio_codec.o
    0x2001e818   0x00000060   Zero   RW         1285    .bss                c_w.l(libspace.o)
    0x2001e878   0x00000000   Zero   RW          616    HEAP                startup_stm32f40_41xxx.o
    0x2001e878   0x00000400   Zero   RW          615    STACK               startup_stm32f40_41xxx.o



  Load Region LR$$.ARM.__AT_0x10000000 (Base: 0x10000000, Size: 0x00000000, Max: 0x0000f000, ABSOLUTE)

    Execution Region ER$$.ARM.__AT_0x10000000 (Base: 0x10000000, Size: 0x0000f000, Max: 0x0000f000, ABSOLUTE, UNINIT)

    Base Addr    Size         Type   Attr      Idx    E Section Name        Object

    0x10000000   0x0000f000   Zero   RW          830    .ARM.__AT_0x10000000  malloc.o



  Load Region LR$$.ARM.__AT_0x1000F000 (Base: 0x1000f000, Size: 0x00000000, Max: 0x00000f00, ABSOLUTE)

    Execution Region ER$$.ARM.__AT_0x1000F000 (Base: 0x1000f000, Size: 0x00000f00, Max: 0x00000f00, ABSOLUTE, UNINIT)

    Base Addr    Size         Type   Attr      Idx    E Section Name        Object

    0x1000f000   0x00000f00   Zero   RW          831    .ARM.__AT_0x1000F000  malloc.o



  Load Region LR$$.ARM.__AT_0x68000000 (Base: 0x68000000, Size: 0x00000000, Max: 0x000f0000, ABSOLUTE)

    Execution Region ER$$.ARM.__AT_0x68000000 (Base: 0x68000000, Size: 0x000f0000, Max: 0x000f0000, ABSOLUTE, UNINIT)

    Base Addr    Size         Type   Attr      Idx    E Section Name        Object

    0x68000000   0x000f0000   Zero   RW          832    .ARM.__AT_0x68000000  malloc.o



  Load Region LR$$.ARM.__AT_0x680F0000 (Base: 0x680f0000, Size: 0x00000000, Max: 0x0000f000, ABSOLUTE)

    Execution Region ER$$.ARM.__AT_0x680F0000 (Base: 0x680f0000, Size: 0x0000f000, Max: 0x0000f000, ABSOLUTE, UNINIT)

    Base Addr    Size         Type   Attr      Idx    E Section Name        Object

    0x680f0000   0x0000f000   Zero   RW          833    .ARM.__AT_0x680F0000  malloc.o


==============================================================================

Image component sizes


      Code (inc. data)   RO Data    RW Data    ZI Data      Debug   Object Name

       256          8          0          4          0       1697   delay.o
       476         24        110          4          0       2924   i2s.o
       260         12          0          1          0       1000   key.o
     18500        182       6080          4         14      22761   lcd.o
        64          4          0          0          0        659   led.o
       604        190          0          0       1524     324188   main.o
       552         18         36         36    1229440       5369   malloc.o
       228         22          0          0          0       2081   misc.o
       628         20          0          0          0       2028   myiic.o
      7536        284          0         16        704      25465   sdio_sdcard.o
        60         22        392          0       1024        900   startup_stm32f40_41xxx.o
      1056        144          0          4        400       3998   stm324xg_usb_audio_codec.o
       932         32          0          0          0       6561   stm32f4xx_dma.o
      1500         60         28          0          0       5998   stm32f4xx_fsmc.o
       660         44          0          0          0       4361   stm32f4xx_gpio.o
        26          0          0          0          0       1354   stm32f4xx_it.o
      1628         52          0         16          0      13276   stm32f4xx_rcc.o
       484         30          0          0          0       7652   stm32f4xx_sdio.o
      1148         36          0          0          0       7109   stm32f4xx_spi.o
      1108         34          0          0          0       8060   stm32f4xx_usart.o
        16          0          0          0          0        556   sys.o
       524         44          0         20          0       2175   system_stm32f4xx.o
       336         16          0          8        200       3670   usart.o
       192         10          0          0          0       2603   usb_bsp.o
      4052          8          0          0          0      12884   usb_core.o
       894          0          0          0          0       4676   usb_dcd.o
      1900         22          0          0          0       5195   usb_dcd_int.o
       648         52          0        181       1600       4411   usbd_audio_core.o
       356         10          0         36          0       3049   usbd_audio_out_if.o
       760          6          0         52          0       5918   usbd_core.o
       300        124          0         60          0       3984   usbd_desc.o
       244          0          0          0          0       2966   usbd_ioreq.o
      1728         50          0         13        200       5849   usbd_req.o
       360        246          0         32          0       2108   usbd_usr.o
      1060         12          0        116          0       5893   wm8978.o

    ----------------------------------------------------------------------
     51080       1818       6678        612    1235124     513378   Object Totals
         0          0         32          0          0          0   (incl. Generated)
         4          0          0          9         18          0   (incl. Padding)

    ----------------------------------------------------------------------

      Code (inc. data)   RO Data    RW Data    ZI Data      Debug   Library Member Name

        90          0          0          0          0          0   __dczerorl2.o
         8          0          0          0          0         68   __main.o
       104          0          0          0          0         84   __printf.o
        52          8          0          0          0          0   __scatter.o
        28          0          0          0          0          0   __scatter_zi.o
        48          6          0          0          0         96   _printf_char_common.o
        36          4          0          0          0         80   _printf_char_file.o
         6          0          0          0          0          0   _printf_d.o
       120         18          0          0          0         92   _printf_dec.o
        92          4         40          0          0         88   _printf_hex_int.o
       184          0          0          0          0         88   _printf_intcommon.o
         0          0          0          0          0          0   _printf_percent.o
         4          0          0          0          0          0   _printf_percent_end.o
         6          0          0          0          0          0   _printf_x.o
        12          0          0          0          0         72   exit.o
         8          0          0          0          0         68   ferror.o
         6          0          0          0          0        152   heapauxi.o
         2          0          0          0          0          0   libinit.o
         6          0          0          0          0          0   libinit2.o
         2          0          0          0          0          0   libshutdown.o
         2          0          0          0          0          0   libshutdown2.o
         8          4          0          0         96         68   libspace.o
        24          4          0          0          0         84   noretval__2printf.o
       138          0          0          0          0         68   rt_memcpy_v6.o
       100          0          0          0          0         80   rt_memcpy_w.o
         0          0          0          0          0          0   rtentry.o
        12          0          0          0          0          0   rtentry2.o
         6          0          0          0          0          0   rtentry4.o
         2          0          0          0          0          0   rtexit.o
        10          0          0          0          0          0   rtexit2.o
        74          0          0          0          0         80   sys_stackheap_outer.o
         2          0          0          0          0         68   use_no_semi.o
         2          0          0          0          0         68   use_no_semi_2.o
        90          4          0          0          0        140   dfixu.o
        38          0          0          0          0        116   dflt_clz.o
       340         12          0          0          0        152   dmul.o
       156          4          0          0          0        140   dnaninf.o
        12          0          0          0          0        116   dretinf.o
        10          0          0          0          0        116   fpinit.o
         0          0          0          0          0          0   usenofp.o

    ----------------------------------------------------------------------
      1850         68         40          0         96       2184   Library Totals
        10          0          0          0          0          0   (incl. Padding)

    ----------------------------------------------------------------------

      Code (inc. data)   RO Data    RW Data    ZI Data      Debug   Library Name

      1194         48         40          0         96       1404   c_w.l
       646         20          0          0          0        780   fz_wm.l

    ----------------------------------------------------------------------
      1850         68         40          0         96       2184   Library Totals

    ----------------------------------------------------------------------

==============================================================================


      Code (inc. data)   RO Data    RW Data    ZI Data      Debug   

     52930       1886       6718        612    1235220     506782   Grand Totals
     52930       1886       6718        364    1235220     506782   ELF Image Totals (compressed)
     52930       1886       6718        364          0          0   ROM Totals

==============================================================================

    Total RO  Size (Code + RO Data)                59648 (  58.25kB)
    Total RW  Size (RW Data + ZI Data)           1235832 (1206.87kB)
    Total ROM Size (Code + RO Data + RW Data)      60012 (  58.61kB)

==============================================================================

