Archive member included to satisfy reference by file (symbol)

F:/arm/bin/../lib/gcc/arm-none-eabi/15.2.1/thumb/v7e-m+fp/hard\libgcc.a(_aeabi_uldivmod.o)
                              C:/Users/csr/Documents/yao_he002/build/cmake/stm32cubemx/CMakeFiles/STM32_Drivers.dir/__/__/Drivers/STM32G4xx_HAL_Driver/Src/stm32g4xx_hal_uart.c.obj (__aeabi_uldivmod)
F:/arm/bin/../lib/gcc/arm-none-eabi/15.2.1/thumb/v7e-m+fp/hard\libgcc.a(_udivmoddi4.o)
                              F:/arm/bin/../lib/gcc/arm-none-eabi/15.2.1/thumb/v7e-m+fp/hard\libgcc.a(_aeabi_uldivmod.o) (__udivmoddi4)
F:/arm/bin/../lib/gcc/arm-none-eabi/15.2.1/thumb/v7e-m+fp/hard\libgcc.a(_dvmd_tls.o)
                              F:/arm/bin/../lib/gcc/arm-none-eabi/15.2.1/thumb/v7e-m+fp/hard\libgcc.a(_aeabi_uldivmod.o) (__aeabi_ldiv0)
F:/arm/bin/../lib/gcc/arm-none-eabi/15.2.1/../../../../arm-none-eabi/lib/thumb/v7e-m+fp/hard\libg_nano.a(libc_a-exit.o)
                              F:/arm/bin/../lib/gcc/arm-none-eabi/15.2.1/../../../../arm-none-eabi/lib/thumb/v7e-m+fp/hard/crt0.o (exit)
F:/arm/bin/../lib/gcc/arm-none-eabi/15.2.1/../../../../arm-none-eabi/lib/thumb/v7e-m+fp/hard\libg_nano.a(libc_a-findfp.o)
                              F:/arm/bin/../lib/gcc/arm-none-eabi/15.2.1/../../../../arm-none-eabi/lib/thumb/v7e-m+fp/hard\libg_nano.a(libc_a-exit.o) (__stdio_exit_handler)
F:/arm/bin/../lib/gcc/arm-none-eabi/15.2.1/../../../../arm-none-eabi/lib/thumb/v7e-m+fp/hard\libg_nano.a(libc_a-fwalk.o)
                              F:/arm/bin/../lib/gcc/arm-none-eabi/15.2.1/../../../../arm-none-eabi/lib/thumb/v7e-m+fp/hard\libg_nano.a(libc_a-findfp.o) (_fwalk_sglue)
F:/arm/bin/../lib/gcc/arm-none-eabi/15.2.1/../../../../arm-none-eabi/lib/thumb/v7e-m+fp/hard\libg_nano.a(libc_a-sprintf.o)
                              C:/Users/csr/Documents/yao_he002/build/CMakeFiles/yao_he002.dir/Src/main.c.obj (sprintf)
F:/arm/bin/../lib/gcc/arm-none-eabi/15.2.1/../../../../arm-none-eabi/lib/thumb/v7e-m+fp/hard\libg_nano.a(libc_a-stdio.o)
                              F:/arm/bin/../lib/gcc/arm-none-eabi/15.2.1/../../../../arm-none-eabi/lib/thumb/v7e-m+fp/hard\libg_nano.a(libc_a-findfp.o) (__sread)
F:/arm/bin/../lib/gcc/arm-none-eabi/15.2.1/../../../../arm-none-eabi/lib/thumb/v7e-m+fp/hard\libg_nano.a(libc_a-memset.o)
                              F:/arm/bin/../lib/gcc/arm-none-eabi/15.2.1/../../../../arm-none-eabi/lib/thumb/v7e-m+fp/hard/crt0.o (memset)
F:/arm/bin/../lib/gcc/arm-none-eabi/15.2.1/../../../../arm-none-eabi/lib/thumb/v7e-m+fp/hard\libg_nano.a(libc_a-strncpy.o)
                              C:/Users/csr/Documents/yao_he002/build/CMakeFiles/yao_he002.dir/Src/medicine_manager.c.obj (strncpy)
F:/arm/bin/../lib/gcc/arm-none-eabi/15.2.1/../../../../arm-none-eabi/lib/thumb/v7e-m+fp/hard\libg_nano.a(libc_a-closer.o)
                              F:/arm/bin/../lib/gcc/arm-none-eabi/15.2.1/../../../../arm-none-eabi/lib/thumb/v7e-m+fp/hard\libg_nano.a(libc_a-stdio.o) (_close_r)
F:/arm/bin/../lib/gcc/arm-none-eabi/15.2.1/../../../../arm-none-eabi/lib/thumb/v7e-m+fp/hard\libg_nano.a(libc_a-reent.o)
                              F:/arm/bin/../lib/gcc/arm-none-eabi/15.2.1/../../../../arm-none-eabi/lib/thumb/v7e-m+fp/hard\libg_nano.a(libc_a-closer.o) (errno)
F:/arm/bin/../lib/gcc/arm-none-eabi/15.2.1/../../../../arm-none-eabi/lib/thumb/v7e-m+fp/hard\libg_nano.a(libc_a-impure.o)
                              F:/arm/bin/../lib/gcc/arm-none-eabi/15.2.1/../../../../arm-none-eabi/lib/thumb/v7e-m+fp/hard\libg_nano.a(libc_a-sprintf.o) (_impure_ptr)
F:/arm/bin/../lib/gcc/arm-none-eabi/15.2.1/../../../../arm-none-eabi/lib/thumb/v7e-m+fp/hard\libg_nano.a(libc_a-lseekr.o)
                              F:/arm/bin/../lib/gcc/arm-none-eabi/15.2.1/../../../../arm-none-eabi/lib/thumb/v7e-m+fp/hard\libg_nano.a(libc_a-stdio.o) (_lseek_r)
F:/arm/bin/../lib/gcc/arm-none-eabi/15.2.1/../../../../arm-none-eabi/lib/thumb/v7e-m+fp/hard\libg_nano.a(libc_a-readr.o)
                              F:/arm/bin/../lib/gcc/arm-none-eabi/15.2.1/../../../../arm-none-eabi/lib/thumb/v7e-m+fp/hard\libg_nano.a(libc_a-stdio.o) (_read_r)
F:/arm/bin/../lib/gcc/arm-none-eabi/15.2.1/../../../../arm-none-eabi/lib/thumb/v7e-m+fp/hard\libg_nano.a(libc_a-writer.o)
                              F:/arm/bin/../lib/gcc/arm-none-eabi/15.2.1/../../../../arm-none-eabi/lib/thumb/v7e-m+fp/hard\libg_nano.a(libc_a-stdio.o) (_write_r)
F:/arm/bin/../lib/gcc/arm-none-eabi/15.2.1/../../../../arm-none-eabi/lib/thumb/v7e-m+fp/hard\libg_nano.a(libc_a-errno.o)
                              C:/Users/csr/Documents/yao_he002/build/CMakeFiles/yao_he002.dir/Src/sysmem.c.obj (__errno)
F:/arm/bin/../lib/gcc/arm-none-eabi/15.2.1/../../../../arm-none-eabi/lib/thumb/v7e-m+fp/hard\libg_nano.a(libc_a-init.o)
                              F:/arm/bin/../lib/gcc/arm-none-eabi/15.2.1/../../../../arm-none-eabi/lib/thumb/v7e-m+fp/hard/crt0.o (__libc_init_array)
[...]
Memory Configuration

Name             Origin             Length             Attributes
RAM              0x20000000         0x00008000         xrw
FLASH            0x08000000         0x00020000         xr
*default*        0x00000000         0xffffffff

Linker script and memory map

LOAD F:/arm/bin/../lib/gcc/arm-none-eabi/15.2.1/thumb/v7e-m+fp/hard/crti.o
LOAD F:/arm/bin/../lib/gcc/arm-none-eabi/15.2.1/thumb/v7e-m+fp/hard/crtbegin.o
LOAD F:/arm/bin/../lib/gcc/arm-none-eabi/15.2.1/../../../../arm-none-eabi/lib/thumb/v7e-m+fp/hard/crt0.o
LOAD C:/Users/csr/Documents/yao_he002/build/cmake/stm32cubemx/CMakeFiles/STM32_Drivers.dir/__/__/Src/system_stm32g4xx.c.obj
LOAD C:/Users/csr/Documents/yao_he002/build/cmake/stm32cubemx/CMakeFiles/STM32_Drivers.dir/__/__/Drivers/STM32G4xx_HAL_Driver/Src/stm32g4xx_hal.c.obj
LOAD C:/Users/csr/Documents/yao_he002/build/cmake/stm32cubemx/CMakeFiles/STM32_Drivers.dir/__/__/Drivers/STM32G4xx_HAL_Driver/Src/stm32g4xx_hal_rcc.c.obj
LOAD C:/Users/csr/Documents/yao_he002/build/cmake/stm32cubemx/CMakeFiles/STM32_Drivers.dir/__/__/Drivers/STM32G4xx_HAL_Driver/Src/stm32g4xx_hal_rcc_ex.c.obj
LOAD C:/Users/csr/Documents/yao_he002/build/cmake/stm32cubemx/CMakeFiles/STM32_Drivers.dir/__/__/Drivers/STM32G4xx_HAL_Driver/Src/stm32g4xx_hal_flash.c.obj
LOAD C:/Users/csr/Documents/yao_he002/build/cmake/stm32cubemx/CMakeFiles/STM32_Drivers.dir/__/__/Drivers/STM32G4xx_HAL_Driver/Src/stm32g4xx_hal_flash_ex.c.obj
LOAD C:/Users/csr/Documents/yao_he002/build/cmake/stm32cubemx/CMakeFiles/STM32_Drivers.dir/__/__/Drivers/STM32G4xx_HAL_Driver/Src/stm32g4xx_hal_flash_ramfunc.c.obj
LOAD C:/Users/csr/Documents/yao_he002/build/cmake/stm32cubemx/CMakeFiles/STM32_Drivers.dir/__/__/Drivers/STM32G4xx_HAL_Driver/Src/stm32g4xx_hal_gpio.c.obj
LOAD C:/Users/csr/Documents/yao_he002/build/cmake/stm32cubemx/CMakeFiles/STM32_Drivers.dir/__/__/Drivers/STM32G4xx_HAL_Driver/Src/stm32g4xx_hal_exti.c.obj
LOAD C:/Users/csr/Documents/yao_he002/build/cmake/stm32cubemx/CMakeFiles/STM32_Drivers.dir/__/__/Drivers/STM32G4xx_HAL_Driver/Src/stm32g4xx_hal_dma.c.obj
LOAD C:/Users/csr/Documents/yao_he002/build/cmake/stm32cubemx/CMakeFiles/STM32_Drivers.dir/__/__/Drivers/STM32G4xx_HAL_Driver/Src/stm32g4xx_hal_dma_ex.c.obj
LOAD C:/Users/csr/Documents/yao_he002/build/cmake/stm32cubemx/CMakeFiles/STM32_Drivers.dir/__/__/Drivers/STM32G4xx_HAL_Driver/Src/stm32g4xx_hal_pwr.c.obj
LOAD C:/Users/csr/Documents/yao_he002/build/cmake/stm32cubemx/CMakeFiles/STM32_Drivers.dir/__/__/Drivers/STM32G4xx_HAL_Driver/Src/stm32g4xx_hal_pwr_ex.c.obj
LOAD C:/Users/csr/Documents/yao_he002/build/cmake/stm32cubemx/CMakeFiles/STM32_Drivers.dir/__/__/Drivers/STM32G4xx_HAL_Driver/Src/stm32g4xx_hal_cortex.c.obj
LOAD C:/Users/csr/Documents/yao_he002/build/cmake/stm32cubemx/CMakeFiles/STM32_Drivers.dir/__/__/Drivers/STM32G4xx_HAL_Driver/Src/stm32g4xx_hal_uart.c.obj
LOAD C:/Users/csr/Documents/yao_he002/build/cmake/stm32cubemx/CMakeFiles/STM32_Drivers.dir/__/__/Drivers/STM32G4xx_HAL_Driver/Src/stm32g4xx_hal_uart_ex.c.obj
LOAD C:/Users/csr/Documents/yao_he002/build/cmake/stm32cubemx/CMakeFiles/STM32_Drivers.dir/__/__/Drivers/STM32G4xx_HAL_Driver/Src/stm32g4xx_hal_i2c.c.obj
LOAD C:/Users/csr/Documents/yao_he002/build/cmake/stm32cubemx/CMakeFiles/STM32_Drivers.dir/__/__/Drivers/STM32G4xx_HAL_Driver/Src/stm32g4xx_hal_i2c_ex.c.obj
LOAD C:/Users/csr/Documents/yao_he002/build/cmake/stm32cubemx/CMakeFiles/FreeRTOS.dir/__/__/Middlewares/Third_Party/FreeRTOS/Source/croutine.c.obj
LOAD C:/Users/csr/Documents/yao_he002/build/cmake/stm32cubemx/CMakeFiles/FreeRTOS.dir/__/__/Middlewares/Third_Party/FreeRTOS/Source/event_groups.c.obj
LOAD C:/Users/csr/Documents/yao_he002/build/cmake/stm32cubemx/CMakeFiles/FreeRTOS.dir/__/__/Middlewares/Third_Party/FreeRTOS/Source/list.c.obj
LOAD C:/Users/csr/Documents/yao_he002/build/cmake/stm32cubemx/CMakeFiles/FreeRTOS.dir/__/__/Middlewares/Third_Party/FreeRTOS/Source/queue.c.obj
LOAD C:/Users/csr/Documents/yao_he002/build/cmake/stm32cubemx/CMakeFiles/FreeRTOS.dir/__/__/Middlewares/Third_Party/FreeRTOS/Source/stream_buffer.c.obj
LOAD C:/Users/csr/Documents/yao_he002/build/cmake/stm32cubemx/CMakeFiles/FreeRTOS.dir/__/__/Middlewares/Third_Party/FreeRTOS/Source/tasks.c.obj
LOAD C:/Users/csr/Documents/yao_he002/build/cmake/stm32cubemx/CMakeFiles/FreeRTOS.dir/__/__/Middlewares/Third_Party/FreeRTOS/Source/timers.c.obj
LOAD C:/Users/csr/Documents/yao_he002/build/cmake/stm32cubemx/CMakeFiles/FreeRTOS.dir/__/__/Middlewares/Third_Party/FreeRTOS/Source/CMSIS_RTOS/cmsis_os.c.obj
LOAD C:/Users/csr/Documents/yao_he002/build/cmake/stm32cubemx/CMakeFiles/FreeRTOS.dir/__/__/Middlewares/Third_Party/FreeRTOS/Source/portable/MemMang/heap_4.c.obj
LOAD C:/Users/csr/Documents/yao_he002/build/cmake/stm32cubemx/CMakeFiles/FreeRTOS.dir/__/__/Middlewares/Third_Party/FreeRTOS/Source/portable/GCC/ARM_CM4F/port.c.obj
LOAD C:/Users/csr/Documents/yao_he002/build/CMakeFiles/yao_he002.dir/Src/main.c.obj
LOAD C:/Users/csr/Documents/yao_he002/build/CMakeFiles/yao_he002.dir/Src/gpio.c.obj
LOAD C:/Users/csr/Documents/yao_he002/build/CMakeFiles/yao_he002.dir/Src/app_freertos.c.obj
LOAD C:/Users/csr/Documents/yao_he002/build/CMakeFiles/yao_he002.dir/Src/usart.c.obj
LOAD C:/Users/csr/Documents/yao_he002/build/CMakeFiles/yao_he002.dir/Src/stm32g4xx_it.c.obj
LOAD C:/Users/csr/Documents/yao_he002/build/CMakeFiles/yao_he002.dir/Src/stm32g4xx_hal_msp.c.obj
LOAD C:/Users/csr/Documents/yao_he002/build/CMakeFiles/yao_he002.dir/Src/sysmem.c.obj
LOAD C:/Users/csr/Documents/yao_he002/build/CMakeFiles/yao_he002.dir/Src/syscalls.c.obj
LOAD C:/Users/csr/Documents/yao_he002/build/CMakeFiles/yao_he002.dir/startup_stm32g431xx.s.obj
LOAD C:/Users/csr/Documents/yao_he002/build/CMakeFiles/yao_he002.dir/Src/medicine_manager.c.obj
LOAD C:/Users/csr/Documents/yao_he002/build/CMakeFiles/yao_he002.dir/Src/rtc_driver.c.obj
LOAD C:/Users/csr/Documents/yao_he002/yao_he002_i2c_fix.obj
LOAD F:/arm/bin/../lib/gcc/arm-none-eabi/15.2.1/../../../../arm-none-eabi/lib/thumb/v7e-m+fp/hard\libm.a
START GROUP
LOAD F:/arm/bin/../lib/gcc/arm-none-eabi/15.2.1/thumb/v7e-m+fp/hard\libgcc.a
LOAD F:/arm/bin/../lib/gcc/arm-none-eabi/15.2.1/../../../../arm-none-eabi/lib/thumb/v7e-m+fp/hard\libg_nano.a
LOAD F:/arm/bin/../lib/gcc/arm-none-eabi/15.2.1/../../../../arm-none-eabi/lib/thumb/v7e-m+fp/hard\libc_nano.a
END GROUP
START GROUP
LOAD F:/arm/bin/../lib/gcc/arm-none-eabi/15.2.1/thumb/v7e-m+fp/hard\libgcc.a
LOAD F:/arm/bin/../lib/gcc/arm-none-eabi/15.2.1/../../../../arm-none-eabi/lib/thumb/v7e-m+fp/hard\libc_nano.a
END GROUP
LOAD F:/arm/bin/../lib/gcc/arm-none-eabi/15.2.1/thumb/v7e-m+fp/hard/crtend.o
LOAD F:/arm/bin/../lib/gcc/arm-none-eabi/15.2.1/thumb/v7e-m+fp/hard/crtn.o
                0x20008000                        _estack = (ORIGIN (RAM) + LENGTH (RAM))
                0x20007c00                        _sstack = (_estack - _Min_Stack_Size)
                0x00000200                        _Min_Heap_Size = 0x200
                0x00000400                        _Min_Stack_Size = 0x400

.isr_vector     0x08000000      0x1d8
                0x08000000                        . = ALIGN (0x4)
 *(.isr_vector)
 .isr_vector    0x08000000      0x1d8 C:/Users/csr/Documents/yao_he002/build/CMakeFiles/yao_he002.dir/startup_stm32g431xx.s.obj
                0x08000000                g_pfnVectors
                0x080001d8                        . = ALIGN (0x4)

.text           0x080001e0     0x9c8c
                0x080001e0                        . = ALIGN (0x4)
 *(.text)
 .text          0x080001e0       0x30 F:/arm/bin/../lib/gcc/arm-none-eabi/15.2.1/thumb/v7e-m+fp/hard\libgcc.a(_aeabi_uldivmod.o)
                0x080001e0                __aeabi_uldivmod
 .text          0x08000210        0x4 F:/arm/bin/../lib/gcc/arm-none-eabi/15.2.1/thumb/v7e-m+fp/hard\libgcc.a(_dvmd_tls.o)
                0x08000210                __aeabi_idiv0
                0x08000210                __aeabi_ldiv0
 .text          0x08000214       0x10 F:/arm/bin/../lib/gcc/arm-none-eabi/15.2.1/../../../../arm-none-eabi/lib/thumb/v7e-m+fp/hard\libg_nano.a(libc_a-strlen.o)
                0x08000214                strlen
 *fill*         0x08000224        0xc 
 .text          0x08000230       0xa0 F:/arm/bin/../lib/gcc/arm-none-eabi/15.2.1/../../../../arm-none-eabi/lib/thumb/v7e-m+fp/hard\libg_nano.a(libc_a-memchr.o)
                0x08000230                memchr
 *(.text*)
 .text.deregister_tm_clones
                0x080002d0       0x1c F:/arm/bin/../lib/gcc/arm-none-eabi/15.2.1/thumb/v7e-m+fp/hard/crtbegin.o
 .text.register_tm_clones
                0x080002ec       0x24 F:/arm/bin/../lib/gcc/arm-none-eabi/15.2.1/thumb/v7e-m+fp/hard/crtbegin.o
 .text.__do_global_dtors_aux
                0x08000310       0x28 F:/arm/bin/../lib/gcc/arm-none-eabi/15.2.1/thumb/v7e-m+fp/hard/crtbegin.o
 .text.frame_dummy
                0x08000338       0x24 F:/arm/bin/../lib/gcc/arm-none-eabi/15.2.1/thumb/v7e-m+fp/hard/crtbegin.o
 .text.SystemInit
                0x0800035c       0x20 C:/Users/csr/Documents/yao_he002/build/cmake/stm32cubemx/CMakeFiles/STM32_Drivers.dir/__/__/Src/system_stm32g4xx.c.obj
                0x0800035c                SystemInit
 .text.HAL_Init
                0x0800037c       0x30 C:/Users/csr/Documents/yao_he002/build/cmake/stm32cubemx/CMakeFiles/STM32_Drivers.dir/__/__/Drivers/STM32G4xx_HAL_Driver/Src/stm32g4xx_hal.c.obj
                0x0800037c                HAL_Init
 .text.HAL_InitTick
                0x080003ac       0x74 C:/Users/csr/Documents/yao_he002/build/cmake/stm32cubemx/CMakeFiles/STM32_Drivers.dir/__/__/Drivers/STM32G4xx_HAL_Driver/Src/stm32g4xx_hal.c.obj
                0x080003ac                HAL_InitTick
 .text.HAL_IncTick
                0x08000420       0x24 C:/Users/csr/Documents/yao_he002/build/cmake/stm32cubemx/CMakeFiles/STM32_Drivers.dir/__/__/Drivers/STM32G4xx_HAL_Driver/Src/stm32g4xx_hal.c.obj
                0x08000420                HAL_IncTick
 .text.HAL_GetTick
                0x08000444       0x14 C:/Users/csr/Documents/yao_he002/build/cmake/stm32cubemx/CMakeFiles/STM32_Drivers.dir/__/__/Drivers/STM32G4xx_HAL_Driver/Src/stm32g4xx_hal.c.obj
                0x08000444                HAL_GetTick
 .text.HAL_Delay
                0x08000458       0x44 C:/Users/csr/Documents/yao_he002/build/cmake/stm32cubemx/CMakeFiles/STM32_Drivers.dir/__/__/Drivers/STM32G4xx_HAL_Driver/Src/stm32g4xx_hal.c.obj
                0x08000458                HAL_Delay
 .text.HAL_RCC_OscConfig
                0x0800049c      0x624 C:/Users/csr/Documents/yao_he002/build/cmake/stm32cubemx/CMakeFiles/STM32_Drivers.dir/__/__/Drivers/STM32G4xx_HAL_Driver/Src/stm32g4xx_hal_rcc.c.obj
                0x0800049c                HAL_RCC_OscConfig
 .text.HAL_RCC_ClockConfig
                0x08000ac0      0x278 C:/Users/csr/Documents/yao_he002/build/cmake/stm32cubemx/CMakeFiles/STM32_Drivers.dir/__/__/Drivers/STM32G4xx_HAL_Driver/Src/stm32g4xx_hal_rcc.c.obj
                0x08000ac0                HAL_RCC_ClockConfig
 .text.HAL_RCC_GetSysClockFreq
                0x08000d38       0xc0 C:/Users/csr/Documents/yao_he002/build/cmake/stm32cubemx/CMakeFiles/STM32_Drivers.dir/__/__/Drivers/STM32G4xx_HAL_Driver/Src/stm32g4xx_hal_rcc.c.obj
                0x08000d38                HAL_RCC_GetSysClockFreq
 .text.HAL_RCC_GetHCLKFreq
                0x08000df8       0x14 C:/Users/csr/Documents/yao_he002/build/cmake/stm32cubemx/CMakeFiles/STM32_Drivers.dir/__/__/Drivers/STM32G4xx_HAL_Driver/Src/stm32g4xx_hal_rcc.c.obj
                0x08000df8                HAL_RCC_GetHCLKFreq
 .text.HAL_RCC_GetPCLK1Freq
                0x08000e0c       0x2c C:/Users/csr/Documents/yao_he002/build/cmake/stm32cubemx/CMakeFiles/STM32_Drivers.dir/__/__/Drivers/STM32G4xx_HAL_Driver/Src/stm32g4xx_hal_rcc.c.obj
                0x08000e0c                HAL_RCC_GetPCLK1Freq
 .text.HAL_RCC_GetPCLK2Freq
                0x08000e38       0x2c C:/Users/csr/Documents/yao_he002/build/cmake/stm32cubemx/CMakeFiles/STM32_Drivers.dir/__/__/Drivers/STM32G4xx_HAL_Driver/Src/stm32g4xx_hal_rcc.c.obj
                0x08000e38                HAL_RCC_GetPCLK2Freq
 .text.RCC_GetSysClockFreqFromPLLSource
                0x08000e64       0x8c C:/Users/csr/Documents/yao_he002/build/cmake/stm32cubemx/CMakeFiles/STM32_Drivers.dir/__/__/Drivers/STM32G4xx_HAL_Driver/Src/stm32g4xx_hal_rcc.c.obj
 .text.HAL_RCCEx_PeriphCLKConfig
                0x08000ef0      0x3e0 C:/Users/csr/Documents/yao_he002/build/cmake/stm32cubemx/CMakeFiles/STM32_Drivers.dir/__/__/Drivers/STM32G4xx_HAL_Driver/Src/stm32g4xx_hal_rcc_ex.c.obj
                0x08000ef0                HAL_RCCEx_PeriphCLKConfig
 .text.HAL_GPIO_Init
                0x080012d0      0x318 C:/Users/csr/Documents/yao_he002/build/cmake/stm32cubemx/CMakeFiles/STM32_Drivers.dir/__/__/Drivers/STM32G4xx_HAL_Driver/Src/stm32g4xx_hal_gpio.c.obj
                0x080012d0                HAL_GPIO_Init
 .text.HAL_GPIO_DeInit
                0x080015e8      0x1c4 C:/Users/csr/Documents/yao_he002/build/cmake/stm32cubemx/CMakeFiles/STM32_Drivers.dir/__/__/Drivers/STM32G4xx_HAL_Driver/Src/stm32g4xx_hal_gpio.c.obj
                0x080015e8                HAL_GPIO_DeInit
 .text.HAL_GPIO_ReadPin
                0x080017ac       0x2e C:/Users/csr/Documents/yao_he002/build/cmake/stm32cubemx/CMakeFiles/STM32_Drivers.dir/__/__/Drivers/STM32G4xx_HAL_Driver/Src/stm32g4xx_hal_gpio.c.obj
                0x080017ac                HAL_GPIO_ReadPin
 .text.HAL_GPIO_WritePin
                0x080017da       0x2e C:/Users/csr/Documents/yao_he002/build/cmake/stm32cubemx/CMakeFiles/STM32_Drivers.dir/__/__/Drivers/STM32G4xx_HAL_Driver/Src/stm32g4xx_hal_gpio.c.obj
                0x080017da                HAL_GPIO_WritePin
 .text.HAL_DMA_Abort
                0x08001808       0xba C:/Users/csr/Documents/yao_he002/build/cmake/stm32cubemx/CMakeFiles/STM32_Drivers.dir/__/__/Drivers/STM32G4xx_HAL_Driver/Src/stm32g4xx_hal_dma.c.obj
                0x08001808                HAL_DMA_Abort
 .text.HAL_DMA_Abort_IT
                0x080018c2       0xce C:/Users/csr/Documents/yao_he002/build/cmake/stm32cubemx/CMakeFiles/STM32_Drivers.dir/__/__/Drivers/STM32G4xx_HAL_Driver/Src/stm32g4xx_hal_dma.c.obj
                0x080018c2                HAL_DMA_Abort_IT
 .text.HAL_PWREx_ControlVoltageScaling
                0x08001990      0x148 C:/Users/csr/Documents/yao_he002/build/cmake/stm32cubemx/CMakeFiles/STM32_Drivers.dir/__/__/Drivers/STM32G4xx_HAL_Driver/Src/stm32g4xx_hal_pwr_ex.c.obj
                0x08001990                HAL_PWREx_ControlVoltageScaling
 .text.HAL_PWREx_DisableUCPDDeadBattery
                0x08001ad8       0x1c C:/Users/csr/Documents/yao_he002/build/cmake/stm32cubemx/CMakeFiles/STM32_Drivers.dir/__/__/Drivers/STM32G4xx_HAL_Driver/Src/stm32g4xx_hal_pwr_ex.c.obj
                0x08001ad8                HAL_PWREx_DisableUCPDDeadBattery
 .text.__NVIC_SetPriorityGrouping
                0x08001af4       0x48 C:/Users/csr/Documents/yao_he002/build/cmake/stm32cubemx/CMakeFiles/STM32_Drivers.dir/__/__/Drivers/STM32G4xx_HAL_Driver/Src/stm32g4xx_hal_cortex.c.obj
 .text.__NVIC_GetPriorityGrouping
                0x08001b3c       0x1c C:/Users/csr/Documents/yao_he002/build/cmake/stm32cubemx/CMakeFiles/STM32_Drivers.dir/__/__/Drivers/STM32G4xx_HAL_Driver/Src/stm32g4xx_hal_cortex.c.obj
 .text.__NVIC_SetPriority
                0x08001b58       0x54 C:/Users/csr/Documents/yao_he002/build/cmake/stm32cubemx/CMakeFiles/STM32_Drivers.dir/__/__/Drivers/STM32G4xx_HAL_Driver/Src/stm32g4xx_hal_cortex.c.obj
 .text.NVIC_EncodePriority
                0x08001bac       0x6e C:/Users/csr/Documents/yao_he002/build/cmake/stm32cubemx/CMakeFiles/STM32_Drivers.dir/__/__/Drivers/STM32G4xx_HAL_Driver/Src/stm32g4xx_hal_cortex.c.obj
 *fill*         0x08001c1a        0x2 
 .text.SysTick_Config
                0x08001c1c       0x44 C:/Users/csr/Documents/yao_he002/build/cmake/stm32cubemx/CMakeFiles/STM32_Drivers.dir/__/__/Drivers/STM32G4xx_HAL_Driver/Src/stm32g4xx_hal_cortex.c.obj
 .text.HAL_NVIC_SetPriorityGrouping
                0x08001c60       0x16 C:/Users/csr/Documents/yao_he002/build/cmake/stm32cubemx/CMakeFiles/STM32_Drivers.dir/__/__/Drivers/STM32G4xx_HAL_Driver/Src/stm32g4xx_hal_cortex.c.obj
                0x08001c60                HAL_NVIC_SetPriorityGrouping
 .text.HAL_NVIC_SetPriority
                0x08001c76       0x34 C:/Users/csr/Documents/yao_he002/build/cmake/stm32cubemx/CMakeFiles/STM32_Drivers.dir/__/__/Drivers/STM32G4xx_HAL_Driver/Src/stm32g4xx_hal_cortex.c.obj
                0x08001c76                HAL_NVIC_SetPriority
 .text.HAL_SYSTICK_Config
                0x08001caa       0x18 C:/Users/csr/Documents/yao_he002/build/cmake/stm32cubemx/CMakeFiles/STM32_Drivers.dir/__/__/Drivers/STM32G4xx_HAL_Driver/Src/stm32g4xx_hal_cortex.c.obj
                0x08001caa                HAL_SYSTICK_Config
 .text.HAL_UART_Init
                0x08001cc2       0xa0 C:/Users/csr/Documents/yao_he002/build/cmake/stm32cubemx/CMakeFiles/STM32_Drivers.dir/__/__/Drivers/STM32G4xx_HAL_Driver/Src/stm32g4xx_hal_uart.c.obj
                0x08001cc2                HAL_UART_Init
 .text.HAL_UART_Transmit
                0x08001d62      0x132 C:/Users/csr/Documents/yao_he002/build/cmake/stm32cubemx/CMakeFiles/STM32_Drivers.dir/__/__/Drivers/STM32G4xx_HAL_Driver/Src/stm32g4xx_hal_uart.c.obj
                0x08001d62                HAL_UART_Transmit
 .text.HAL_UART_Receive_IT
                0x08001e94       0x98 C:/Users/csr/Documents/yao_he002/build/cmake/stm32cubemx/CMakeFiles/STM32_Drivers.dir/__/__/Drivers/STM32G4xx_HAL_Driver/Src/stm32g4xx_hal_uart.c.obj
                0x08001e94                HAL_UART_Receive_IT
 .text.HAL_UART_IRQHandler
                0x08001f2c      0x684 C:/Users/csr/Documents/yao_he002/build/cmake/stm32cubemx/CMakeFiles/STM32_Drivers.dir/__/__/Drivers/STM32G4xx_HAL_Driver/Src/stm32g4xx_hal_uart.c.obj
                0x08001f2c                HAL_UART_IRQHandler
 .text.HAL_UARTEx_RxEventCallback
                0x080025b0       0x16 C:/Users/csr/Documents/yao_he002/build/cmake/stm32cubemx/CMakeFiles/STM32_Drivers.dir/__/__/Drivers/STM32G4xx_HAL_Driver/Src/stm32g4xx_hal_uart.c.obj
                0x080025b0                HAL_UARTEx_RxEventCallback
 *fill*         0x080025c6        0x2 
 .text.UART_SetConfig
                0x080025c8      0x540 C:/Users/csr/Documents/yao_he002/build/cmake/stm32cubemx/CMakeFiles/STM32_Drivers.dir/__/__/Drivers/STM32G4xx_HAL_Driver/Src/stm32g4xx_hal_uart.c.obj
                0x080025c8                UART_SetConfig
 .text.UART_AdvFeatureConfig
                0x08002b08      0x142 C:/Users/csr/Documents/yao_he002/build/cmake/stm32cubemx/CMakeFiles/STM32_Drivers.dir/__/__/Drivers/STM32G4xx_HAL_Driver/Src/stm32g4xx_hal_uart.c.obj
                0x08002b08                UART_AdvFeatureConfig
 .text.UART_CheckIdleState
                0x08002c4a      0x154 C:/Users/csr/Documents/yao_he002/build/cmake/stm32cubemx/CMakeFiles/STM32_Drivers.dir/__/__/Drivers/STM32G4xx_HAL_Driver/Src/stm32g4xx_hal_uart.c.obj
                0x08002c4a                UART_CheckIdleState
 .text.UART_WaitOnFlagUntilTimeout
                0x08002d9e       0xda C:/Users/csr/Documents/yao_he002/build/cmake/stm32cubemx/CMakeFiles/STM32_Drivers.dir/__/__/Drivers/STM32G4xx_HAL_Driver/Src/stm32g4xx_hal_uart.c.obj
                0x08002d9e                UART_WaitOnFlagUntilTimeout
 .text.UART_Start_Receive_IT
                0x08002e78      0x240 C:/Users/csr/Documents/yao_he002/build/cmake/stm32cubemx/CMakeFiles/STM32_Drivers.dir/__/__/Drivers/STM32G4xx_HAL_Driver/Src/stm32g4xx_hal_uart.c.obj
                0x08002e78                UART_Start_Receive_IT
 .text.UART_EndRxTransfer
                0x080030b8       0xca C:/Users/csr/Documents/yao_he002/build/cmake/stm32cubemx/CMakeFiles/STM32_Drivers.dir/__/__/Drivers/STM32G4xx_HAL_Driver/Src/stm32g4xx_hal_uart.c.obj
 .text.UART_DMAAbortOnError
                0x08003182       0x1c C:/Users/csr/Documents/yao_he002/build/cmake/stm32cubemx/CMakeFiles/STM32_Drivers.dir/__/__/Drivers/STM32G4xx_HAL_Driver/Src/stm32g4xx_hal_uart.c.obj
 .text.UART_EndTransmit_IT
                0x0800319e       0x56 C:/Users/csr/Documents/yao_he002/build/cmake/stm32cubemx/CMakeFiles/STM32_Drivers.dir/__/__/Drivers/STM32G4xx_HAL_Driver/Src/stm32g4xx_hal_uart.c.obj
 .text.UART_RxISR_8BIT
                0x080031f4      0x1b8 C:/Users/csr/Documents/yao_he002/build/cmake/stm32cubemx/CMakeFiles/STM32_Drivers.dir/__/__/Drivers/STM32G4xx_HAL_Driver/Src/stm32g4xx_hal_uart.c.obj
 .text.UART_RxISR_16BIT
                0x080033ac      0x1b8 C:/Users/csr/Documents/yao_he002/build/cmake/stm32cubemx/CMakeFiles/STM32_Drivers.dir/__/__/Drivers/STM32G4xx_HAL_Driver/Src/stm32g4xx_hal_uart.c.obj
 .text.UART_RxISR_8BIT_FIFOEN
                0x08003564      0x364 C:/Users/csr/Documents/yao_he002/build/cmake/stm32cubemx/CMakeFiles/STM32_Drivers.dir/__/__/Drivers/STM32G4xx_HAL_Driver/Src/stm32g4xx_hal_uart.c.obj
 .text.UART_RxISR_16BIT_FIFOEN
                0x080038c8      0x36c C:/Users/csr/Documents/yao_he002/build/cmake/stm32cubemx/CMakeFiles/STM32_Drivers.dir/__/__/Drivers/STM32G4xx_HAL_Driver/Src/stm32g4xx_hal_uart.c.obj
 .text.HAL_UARTEx_WakeupCallback
                0x08003c34       0x12 C:/Users/csr/Documents/yao_he002/build/cmake/stm32cubemx/CMakeFiles/STM32_Drivers.dir/__/__/Drivers/STM32G4xx_HAL_Driver/Src/stm32g4xx_hal_uart_ex.c.obj
                0x08003c34                HAL_UARTEx_WakeupCallback
 .text.HAL_UARTEx_RxFifoFullCallback
                0x08003c46       0x12 C:/Users/csr/Documents/yao_he002/build/cmake/stm32cubemx/CMakeFiles/STM32_Drivers.dir/__/__/Drivers/STM32G4xx_HAL_Driver/Src/stm32g4xx_hal_uart_ex.c.obj
                0x08003c46                HAL_UARTEx_RxFifoFullCallback
 .text.HAL_UARTEx_TxFifoEmptyCallback
                0x08003c58       0x12 C:/Users/csr/Documents/yao_he002/build/cmake/stm32cubemx/CMakeFiles/STM32_Drivers.dir/__/__/Drivers/STM32G4xx_HAL_Driver/Src/stm32g4xx_hal_uart_ex.c.obj
                0x08003c58                HAL_UARTEx_TxFifoEmptyCallback
 .text.HAL_UARTEx_DisableFifoMode
                0x08003c6a       0x70 C:/Users/csr/Documents/yao_he002/build/cmake/stm32cubemx/CMakeFiles/STM32_Drivers.dir/__/__/Drivers/STM32G4xx_HAL_Driver/Src/stm32g4xx_hal_uart_ex.c.obj
                0x08003c6a                HAL_UARTEx_DisableFifoMode
 .text.HAL_UARTEx_SetTxFifoThreshold
                0x08003cda       0x7c C:/Users/csr/Documents/yao_he002/build/cmake/stm32cubemx/CMakeFiles/STM32_Drivers.dir/__/__/Drivers/STM32G4xx_HAL_Driver/Src/stm32g4xx_hal_uart_ex.c.obj
                0x08003cda                HAL_UARTEx_SetTxFifoThreshold
 .text.HAL_UARTEx_SetRxFifoThreshold
                0x08003d56       0x7c C:/Users/csr/Documents/yao_he002/build/cmake/stm32cubemx/CMakeFiles/STM32_Drivers.dir/__/__/Drivers/STM32G4xx_HAL_Driver/Src/stm32g4xx_hal_uart_ex.c.obj
                0x08003d56                HAL_UARTEx_SetRxFifoThreshold
 *fill*         0x08003dd2        0x2 
 .text.UARTEx_SetNbDataToProcess
                0x08003dd4       0x98 C:/Users/csr/Documents/yao_he002/build/cmake/stm32cubemx/CMakeFiles/STM32_Drivers.dir/__/__/Drivers/STM32G4xx_HAL_Driver/Src/stm32g4xx_hal_uart_ex.c.obj
 .text.HAL_I2C_Init
                0x08003e6c      0x136 C:/Users/csr/Documents/yao_he002/build/cmake/stm32cubemx/CMakeFiles/STM32_Drivers.dir/__/__/Drivers/STM32G4xx_HAL_Driver/Src/stm32g4xx_hal_i2c.c.obj
                0x08003e6c                HAL_I2C_Init
 *fill*         0x08003fa2        0x2 
 .text.HAL_I2C_Mem_Write
                0x08003fa4      0x228 C:/Users/csr/Documents/yao_he002/build/cmake/stm32cubemx/CMakeFiles/STM32_Drivers.dir/__/__/Drivers/STM32G4xx_HAL_Driver/Src/stm32g4xx_hal_i2c.c.obj
                0x08003fa4                HAL_I2C_Mem_Write
 .text.HAL_I2C_Mem_Read
                0x080041cc      0x234 C:/Users/csr/Documents/yao_he002/build/cmake/stm32cubemx/CMakeFiles/STM32_Drivers.dir/__/__/Drivers/STM32G4xx_HAL_Driver/Src/stm32g4xx_hal_i2c.c.obj
                0x080041cc                HAL_I2C_Mem_Read
 .text.HAL_I2C_IsDeviceReady
                0x08004400      0x1d8 C:/Users/csr/Documents/yao_he002/build/cmake/stm32cubemx/CMakeFiles/STM32_Drivers.dir/__/__/Drivers/STM32G4xx_HAL_Driver/Src/stm32g4xx_hal_i2c.c.obj
                0x08004400                HAL_I2C_IsDeviceReady
 .text.I2C_RequestMemoryWrite
                0x080045d8       0xa8 C:/Users/csr/Documents/yao_he002/build/cmake/stm32cubemx/CMakeFiles/STM32_Drivers.dir/__/__/Drivers/STM32G4xx_HAL_Driver/Src/stm32g4xx_hal_i2c.c.obj
 .text.I2C_RequestMemoryRead
                0x08004680       0xa8 C:/Users/csr/Documents/yao_he002/build/cmake/stm32cubemx/CMakeFiles/STM32_Drivers.dir/__/__/Drivers/STM32G4xx_HAL_Driver/Src/stm32g4xx_hal_i2c.c.obj
 .text.I2C_Flush_TXDR
                0x08004728       0x46 C:/Users/csr/Documents/yao_he002/build/cmake/stm32cubemx/CMakeFiles/STM32_Drivers.dir/__/__/Drivers/STM32G4xx_HAL_Driver/Src/stm32g4xx_hal_i2c.c.obj
 .text.I2C_WaitOnFlagUntilTimeout
                0x0800476e       0xb2 C:/Users/csr/Documents/yao_he002/build/cmake/stm32cubemx/CMakeFiles/STM32_Drivers.dir/__/__/Drivers/STM32G4xx_HAL_Driver/Src/stm32g4xx_hal_i2c.c.obj
 .text.I2C_WaitOnTXISFlagUntilTimeout
                0x08004820       0x8e C:/Users/csr/Documents/yao_he002/build/cmake/stm32cubemx/CMakeFiles/STM32_Drivers.dir/__/__/Drivers/STM32G4xx_HAL_Driver/Src/stm32g4xx_hal_i2c.c.obj
 .text.I2C_WaitOnSTOPFlagUntilTimeout
                0x080048ae       0x86 C:/Users/csr/Documents/yao_he002/build/cmake/stm32cubemx/CMakeFiles/STM32_Drivers.dir/__/__/Drivers/STM32G4xx_HAL_Driver/Src/stm32g4xx_hal_i2c.c.obj
 .text.I2C_IsErrorOccurred
                0x08004934      0x1c0 C:/Users/csr/Documents/yao_he002/build/cmake/stm32cubemx/CMakeFiles/STM32_Drivers.dir/__/__/Drivers/STM32G4xx_HAL_Driver/Src/stm32g4xx_hal_i2c.c.obj
 .text.I2C_TransferConfig
                0x08004af4       0x60 C:/Users/csr/Documents/yao_he002/build/cmake/stm32cubemx/CMakeFiles/STM32_Drivers.dir/__/__/Drivers/STM32G4xx_HAL_Driver/Src/stm32g4xx_hal_i2c.c.obj
 .text.HAL_I2CEx_ConfigAnalogFilter
                0x08004b54       0x94 C:/Users/csr/Documents/yao_he002/build/cmake/stm32cubemx/CMakeFiles/STM32_Drivers.dir/__/__/Drivers/STM32G4xx_HAL_Driver/Src/stm32g4xx_hal_i2c_ex.c.obj
                0x08004b54                HAL_I2CEx_ConfigAnalogFilter
 .text.HAL_I2CEx_ConfigDigitalFilter
                0x08004be8       0x96 C:/Users/csr/Documents/yao_he002/build/cmake/stm32cubemx/CMakeFiles/STM32_Drivers.dir/__/__/Drivers/STM32G4xx_HAL_Driver/Src/stm32g4xx_hal_i2c_ex.c.obj
                0x08004be8                HAL_I2CEx_ConfigDigitalFilter
 .text.vListInitialise
                0x08004c7e       0x3e C:/Users/csr/Documents/yao_he002/build/cmake/stm32cubemx/CMakeFiles/FreeRTOS.dir/__/__/Middlewares/Third_Party/FreeRTOS/Source/list.c.obj
                0x08004c7e                vListInitialise
 .text.vListInitialiseItem
                0x08004cbc       0x18 C:/Users/csr/Documents/yao_he002/build/cmake/stm32cubemx/CMakeFiles/FreeRTOS.dir/__/__/Middlewares/Third_Party/FreeRTOS/Source/list.c.obj
                0x08004cbc                vListInitialiseItem
 .text.vListInsertEnd
                0x08004cd4       0x46 C:/Users/csr/Documents/yao_he002/build/cmake/stm32cubemx/CMakeFiles/FreeRTOS.dir/__/__/Middlewares/Third_Party/FreeRTOS/Source/list.c.obj
                0x08004cd4                vListInsertEnd
 .text.vListInsert
                0x08004d1a       0x70 C:/Users/csr/Documents/yao_he002/build/cmake/stm32cubemx/CMakeFiles/FreeRTOS.dir/__/__/Middlewares/Third_Party/FreeRTOS/Source/list.c.obj
                0x08004d1a                vListInsert
 .text.uxListRemove
                0x08004d8a       0x52 C:/Users/csr/Documents/yao_he002/build/cmake/stm32cubemx/CMakeFiles/FreeRTOS.dir/__/__/Middlewares/Third_Party/FreeRTOS/Source/list.c.obj
                0x08004d8a                uxListRemove
 .text.xQueueGenericReset
                0x08004ddc       0xd4 C:/Users/csr/Documents/yao_he002/build/cmake/stm32cubemx/CMakeFiles/FreeRTOS.dir/__/__/Middlewares/Third_Party/FreeRTOS/Source/queue.c.obj
                0x08004ddc                xQueueGenericReset
 .text.xQueueGenericCreate
                0x08004eb0       0x6e C:/Users/csr/Documents/yao_he002/build/cmake/stm32cubemx/CMakeFiles/FreeRTOS.dir/__/__/Middlewares/Third_Party/FreeRTOS/Source/queue.c.obj
                0x08004eb0                xQueueGenericCreate
 .text.prvInitialiseNewQueue
                0x08004f1e       0x3e C:/Users/csr/Documents/yao_he002/build/cmake/stm32cubemx/CMakeFiles/FreeRTOS.dir/__/__/Middlewares/Third_Party/FreeRTOS/Source/queue.c.obj
 .text.prvInitialiseMutex
                0x08004f5c       0x34 C:/Users/csr/Documents/yao_he002/build/cmake/stm32cubemx/CMakeFiles/FreeRTOS.dir/__/__/Middlewares/Third_Party/FreeRTOS/Source/queue.c.obj
 .text.xQueueCreateMutex
                0x08004f90       0x30 C:/Users/csr/Documents/yao_he002/build/cmake/stm32cubemx/CMakeFiles/FreeRTOS.dir/__/__/Middlewares/Third_Party/FreeRTOS/Source/queue.c.obj
                0x08004f90                xQueueCreateMutex
 .text.xQueueGenericSend
                0x08004fc0      0x204 C:/Users/csr/Documents/yao_he002/build/cmake/stm32cubemx/CMakeFiles/FreeRTOS.dir/__/__/Middlewares/Third_Party/FreeRTOS/Source/queue.c.obj
                0x08004fc0                xQueueGenericSend
 .text.xQueueGiveFromISR
                0x080051c4      0x120 C:/Users/csr/Documents/yao_he002/build/cmake/stm32cubemx/CMakeFiles/FreeRTOS.dir/__/__/Middlewares/Third_Party/FreeRTOS/Source/queue.c.obj
                0x080051c4                xQueueGiveFromISR
 .text.xQueueSemaphoreTake
                0x080052e4      0x220 C:/Users/csr/Documents/yao_he002/build/cmake/stm32cubemx/CMakeFiles/FreeRTOS.dir/__/__/Middlewares/Third_Party/FreeRTOS/Source/queue.c.obj
                0x080052e4                xQueueSemaphoreTake
 .text.xQueueReceiveFromISR
                0x08005504      0x104 C:/Users/csr/Documents/yao_he002/build/cmake/stm32cubemx/CMakeFiles/FreeRTOS.dir/__/__/Middlewares/Third_Party/FreeRTOS/Source/queue.c.obj
                0x08005504                xQueueReceiveFromISR
 .text.prvGetDisinheritPriorityAfterTimeout
                0x08005608       0x2e C:/Users/csr/Documents/yao_he002/build/cmake/stm32cubemx/CMakeFiles/FreeRTOS.dir/__/__/Middlewares/Third_Party/FreeRTOS/Source/queue.c.obj
 .text.prvCopyDataToQueue
                0x08005636       0xd4 C:/Users/csr/Documents/yao_he002/build/cmake/stm32cubemx/CMakeFiles/FreeRTOS.dir/__/__/Middlewares/Third_Party/FreeRTOS/Source/queue.c.obj
 .text.prvCopyDataFromQueue
                0x0800570a       0x4c C:/Users/csr/Documents/yao_he002/build/cmake/stm32cubemx/CMakeFiles/FreeRTOS.dir/__/__/Middlewares/Third_Party/FreeRTOS/Source/queue.c.obj
 .text.prvUnlockQueue
                0x08005756       0xa4 C:/Users/csr/Documents/yao_he002/build/cmake/stm32cubemx/CMakeFiles/FreeRTOS.dir/__/__/Middlewares/Third_Party/FreeRTOS/Source/queue.c.obj
 .text.prvIsQueueEmpty
                0x080057fa       0x2c C:/Users/csr/Documents/yao_he002/build/cmake/stm32cubemx/CMakeFiles/FreeRTOS.dir/__/__/Middlewares/Third_Party/FreeRTOS/Source/queue.c.obj
 .text.prvIsQueueFull
                0x08005826       0x30 C:/Users/csr/Documents/yao_he002/build/cmake/stm32cubemx/CMakeFiles/FreeRTOS.dir/__/__/Middlewares/Third_Party/FreeRTOS/Source/queue.c.obj
 .text.xTaskCreate
                0x08005856       0x82 C:/Users/csr/Documents/yao_he002/build/cmake/stm32cubemx/CMakeFiles/FreeRTOS.dir/__/__/Middlewares/Third_Party/FreeRTOS/Source/tasks.c.obj
                0x08005856                xTaskCreate
 .text.prvInitialiseNewTask
                0x080058d8      0x110 C:/Users/csr/Documents/yao_he002/build/cmake/stm32cubemx/CMakeFiles/FreeRTOS.dir/__/__/Middlewares/Third_Party/FreeRTOS/Source/tasks.c.obj
 .text.prvAddNewTaskToReadyList
                0x080059e8       0xd4 C:/Users/csr/Documents/yao_he002/build/cmake/stm32cubemx/CMakeFiles/FreeRTOS.dir/__/__/Middlewares/Third_Party/FreeRTOS/Source/tasks.c.obj
 .text.vTaskDelay
                0x08005abc       0x6c C:/Users/csr/Documents/yao_he002/build/cmake/stm32cubemx/CMakeFiles/FreeRTOS.dir/__/__/Middlewares/Third_Party/FreeRTOS/Source/tasks.c.obj
                0x08005abc                vTaskDelay
 .text.vTaskStartScheduler
                0x08005b28       0x90 C:/Users/csr/Documents/yao_he002/build/cmake/stm32cubemx/CMakeFiles/FreeRTOS.dir/__/__/Middlewares/Third_Party/FreeRTOS/Source/tasks.c.obj
                0x08005b28                vTaskStartScheduler
 .text.vTaskSuspendAll
                0x08005bb8       0x1c C:/Users/csr/Documents/yao_he002/build/cmake/stm32cubemx/CMakeFiles/FreeRTOS.dir/__/__/Middlewares/Third_Party/FreeRTOS/Source/tasks.c.obj
                0x08005bb8                vTaskSuspendAll
 .text.xTaskResumeAll
                0x08005bd4      0x13c C:/Users/csr/Documents/yao_he002/build/cmake/stm32cubemx/CMakeFiles/FreeRTOS.dir/__/__/Middlewares/Third_Party/FreeRTOS/Source/tasks.c.obj
                0x08005bd4                xTaskResumeAll
 .text.xTaskGetTickCount
                0x08005d10       0x1c C:/Users/csr/Documents/yao_he002/build/cmake/stm32cubemx/CMakeFiles/FreeRTOS.dir/__/__/Middlewares/Third_Party/FreeRTOS/Source/tasks.c.obj
                0x08005d10                xTaskGetTickCount
 .text.xTaskGetTickCountFromISR
                0x08005d2c       0x24 C:/Users/csr/Documents/yao_he002/build/cmake/stm32cubemx/CMakeFiles/FreeRTOS.dir/__/__/Middlewares/Third_Party/FreeRTOS/Source/tasks.c.obj
                0x08005d2c                xTaskGetTickCountFromISR
 .text.xTaskIncrementTick
                0x08005d50      0x174 C:/Users/csr/Documents/yao_he002/build/cmake/stm32cubemx/CMakeFiles/FreeRTOS.dir/__/__/Middlewares/Third_Party/FreeRTOS/Source/tasks.c.obj
                0x08005d50                xTaskIncrementTick
 .text.vTaskSwitchContext
                0x08005ec4       0xb8 C:/Users/csr/Documents/yao_he002/build/cmake/stm32cubemx/CMakeFiles/FreeRTOS.dir/__/__/Middlewares/Third_Party/FreeRTOS/Source/tasks.c.obj
                0x08005ec4                vTaskSwitchContext
 .text.vTaskPlaceOnEventList
                0x08005f7c       0x4c C:/Users/csr/Documents/yao_he002/build/cmake/stm32cubemx/CMakeFiles/FreeRTOS.dir/__/__/Middlewares/Third_Party/FreeRTOS/Source/tasks.c.obj
                0x08005f7c                vTaskPlaceOnEventList
 .text.xTaskRemoveFromEventList
                0x08005fc8       0xc8 C:/Users/csr/Documents/yao_he002/build/cmake/stm32cubemx/CMakeFiles/FreeRTOS.dir/__/__/Middlewares/Third_Party/FreeRTOS/Source/tasks.c.obj
                0x08005fc8                xTaskRemoveFromEventList
 .text.vTaskInternalSetTimeOutState
                0x08006090       0x2c C:/Users/csr/Documents/yao_he002/build/cmake/stm32cubemx/CMakeFiles/FreeRTOS.dir/__/__/Middlewares/Third_Party/FreeRTOS/Source/tasks.c.obj
                0x08006090                vTaskInternalSetTimeOutState
 .text.xTaskCheckForTimeOut
                0x080060bc       0xc8 C:/Users/csr/Documents/yao_he002/build/cmake/stm32cubemx/CMakeFiles/FreeRTOS.dir/__/__/Middlewares/Third_Party/FreeRTOS/Source/tasks.c.obj
                0x080060bc                xTaskCheckForTimeOut
 .text.vTaskMissedYield
                0x08006184       0x18 C:/Users/csr/Documents/yao_he002/build/cmake/stm32cubemx/CMakeFiles/FreeRTOS.dir/__/__/Middlewares/Third_Party/FreeRTOS/Source/tasks.c.obj
                0x08006184                vTaskMissedYield
 .text.prvIdleTask
                0x0800619c       0x30 C:/Users/csr/Documents/yao_he002/build/cmake/stm32cubemx/CMakeFiles/FreeRTOS.dir/__/__/Middlewares/Third_Party/FreeRTOS/Source/tasks.c.obj
 .text.prvInitialiseTaskLists
                0x080061cc       0x80 C:/Users/csr/Documents/yao_he002/build/cmake/stm32cubemx/CMakeFiles/FreeRTOS.dir/__/__/Middlewares/Third_Party/FreeRTOS/Source/tasks.c.obj
 .text.prvCheckTasksWaitingTermination
                0x0800624c       0x5c C:/Users/csr/Documents/yao_he002/build/cmake/stm32cubemx/CMakeFiles/FreeRTOS.dir/__/__/Middlewares/Third_Party/FreeRTOS/Source/tasks.c.obj
 .text.prvDeleteTCB
                0x080062a8       0x20 C:/Users/csr/Documents/yao_he002/build/cmake/stm32cubemx/CMakeFiles/FreeRTOS.dir/__/__/Middlewares/Third_Party/FreeRTOS/Source/tasks.c.obj
 .text.prvResetNextTaskUnblockTime
                0x080062c8       0x40 C:/Users/csr/Documents/yao_he002/build/cmake/stm32cubemx/CMakeFiles/FreeRTOS.dir/__/__/Middlewares/Third_Party/FreeRTOS/Source/tasks.c.obj
 .text.xTaskGetSchedulerState
                0x08006308       0x3c C:/Users/csr/Documents/yao_he002/build/cmake/stm32cubemx/CMakeFiles/FreeRTOS.dir/__/__/Middlewares/Third_Party/FreeRTOS/Source/tasks.c.obj
                0x08006308                xTaskGetSchedulerState
 .text.xTaskPriorityInherit
                0x08006344       0xec C:/Users/csr/Documents/yao_he002/build/cmake/stm32cubemx/CMakeFiles/FreeRTOS.dir/__/__/Middlewares/Third_Party/FreeRTOS/Source/tasks.c.obj
                0x08006344                xTaskPriorityInherit
 .text.xTaskPriorityDisinherit
                0x08006430      0x110 C:/Users/csr/Documents/yao_he002/build/cmake/stm32cubemx/CMakeFiles/FreeRTOS.dir/__/__/Middlewares/Third_Party/FreeRTOS/Source/tasks.c.obj
                0x08006430                xTaskPriorityDisinherit
 .text.vTaskPriorityDisinheritAfterTimeout
                0x08006540      0x120 C:/Users/csr/Documents/yao_he002/build/cmake/stm32cubemx/CMakeFiles/FreeRTOS.dir/__/__/Middlewares/Third_Party/FreeRTOS/Source/tasks.c.obj
                0x08006540                vTaskPriorityDisinheritAfterTimeout
 .text.pvTaskIncrementMutexHeldCount
                0x08006660       0x28 C:/Users/csr/Documents/yao_he002/build/cmake/stm32cubemx/CMakeFiles/FreeRTOS.dir/__/__/Middlewares/Third_Party/FreeRTOS/Source/tasks.c.obj
                0x08006660                pvTaskIncrementMutexHeldCount
 .text.prvAddCurrentTaskToDelayedList
                0x08006688       0xcc C:/Users/csr/Documents/yao_he002/build/cmake/stm32cubemx/CMakeFiles/FreeRTOS.dir/__/__/Middlewares/Third_Party/FreeRTOS/Source/tasks.c.obj
 .text.makeFreeRtosPriority
                0x08006754       0x2e C:/Users/csr/Documents/yao_he002/build/cmake/stm32cubemx/CMakeFiles/FreeRTOS.dir/__/__/Middlewares/Third_Party/FreeRTOS/Source/CMSIS_RTOS/cmsis_os.c.obj
 .text.inHandlerMode
                0x08006782       0x22 C:/Users/csr/Documents/yao_he002/build/cmake/stm32cubemx/CMakeFiles/FreeRTOS.dir/__/__/Middlewares/Third_Party/FreeRTOS/Source/CMSIS_RTOS/cmsis_os.c.obj
 .text.osKernelStart
                0x080067a4        0xe C:/Users/csr/Documents/yao_he002/build/cmake/stm32cubemx/CMakeFiles/FreeRTOS.dir/__/__/Middlewares/Third_Party/FreeRTOS/Source/CMSIS_RTOS/cmsis_os.c.obj
                0x080067a4                osKernelStart
 .text.osKernelSysTick
                0x080067b2       0x20 C:/Users/csr/Documents/yao_he002/build/cmake/stm32cubemx/CMakeFiles/FreeRTOS.dir/__/__/Middlewares/Third_Party/FreeRTOS/Source/CMSIS_RTOS/cmsis_os.c.obj
                0x080067b2                osKernelSysTick
 .text.osThreadCreate
                0x080067d2       0x4e C:/Users/csr/Documents/yao_he002/build/cmake/stm32cubemx/CMakeFiles/FreeRTOS.dir/__/__/Middlewares/Third_Party/FreeRTOS/Source/CMSIS_RTOS/cmsis_os.c.obj
                0x080067d2                osThreadCreate
 .text.osDelay  0x08006820       0x28 C:/Users/csr/Documents/yao_he002/build/cmake/stm32cubemx/CMakeFiles/FreeRTOS.dir/__/__/Middlewares/Third_Party/FreeRTOS/Source/CMSIS_RTOS/cmsis_os.c.obj
                0x08006820                osDelay
 .text.osMutexCreate
                0x08006848       0x18 C:/Users/csr/Documents/yao_he002/build/cmake/stm32cubemx/CMakeFiles/FreeRTOS.dir/__/__/Middlewares/Third_Party/FreeRTOS/Source/CMSIS_RTOS/cmsis_os.c.obj
                0x08006848                osMutexCreate
 .text.osMutexWait
                0x08006860       0x9c C:/Users/csr/Documents/yao_he002/build/cmake/stm32cubemx/CMakeFiles/FreeRTOS.dir/__/__/Middlewares/Third_Party/FreeRTOS/Source/CMSIS_RTOS/cmsis_os.c.obj
                0x08006860                osMutexWait
 .text.osMutexRelease
                0x080068fc       0x6c C:/Users/csr/Documents/yao_he002/build/cmake/stm32cubemx/CMakeFiles/FreeRTOS.dir/__/__/Middlewares/Third_Party/FreeRTOS/Source/CMSIS_RTOS/cmsis_os.c.obj
                0x080068fc                osMutexRelease
 .text.pvPortMalloc
                0x08006968      0x19c C:/Users/csr/Documents/yao_he002/build/cmake/stm32cubemx/CMakeFiles/FreeRTOS.dir/__/__/Middlewares/Third_Party/FreeRTOS/Source/portable/MemMang/heap_4.c.obj
                0x08006968                pvPortMalloc
 .text.vPortFree
                0x08006b04       0xc8 C:/Users/csr/Documents/yao_he002/build/cmake/stm32cubemx/CMakeFiles/FreeRTOS.dir/__/__/Middlewares/Third_Party/FreeRTOS/Source/portable/MemMang/heap_4.c.obj
                0x08006b04                vPortFree
 .text.prvHeapInit
                0x08006bcc       0xc4 C:/Users/csr/Documents/yao_he002/build/cmake/stm32cubemx/CMakeFiles/FreeRTOS.dir/__/__/Middlewares/Third_Party/FreeRTOS/Source/portable/MemMang/heap_4.c.obj
 .text.prvInsertBlockIntoFreeList
                0x08006c90       0xb0 C:/Users/csr/Documents/yao_he002/build/cmake/stm32cubemx/CMakeFiles/FreeRTOS.dir/__/__/Middlewares/Third_Party/FreeRTOS/Source/portable/MemMang/heap_4.c.obj
 .text.pxPortInitialiseStack
                0x08006d40       0x68 C:/Users/csr/Documents/yao_he002/build/cmake/stm32cubemx/CMakeFiles/FreeRTOS.dir/__/__/Middlewares/Third_Party/FreeRTOS/Source/portable/GCC/ARM_CM4F/port.c.obj
                0x08006d40                pxPortInitialiseStack
 .text.prvTaskExitError
                0x08006da8       0x58 C:/Users/csr/Documents/yao_he002/build/cmake/stm32cubemx/CMakeFiles/FreeRTOS.dir/__/__/Middlewares/Third_Party/FreeRTOS/Source/portable/GCC/ARM_CM4F/port.c.obj
 .text.SVC_Handler
                0x08006e00       0x28 C:/Users/csr/Documents/yao_he002/build/cmake/stm32cubemx/CMakeFiles/FreeRTOS.dir/__/__/Middlewares/Third_Party/FreeRTOS/Source/portable/GCC/ARM_CM4F/port.c.obj
                0x08006e00                SVC_Handler
 .text.prvPortStartFirstTask
                0x08006e28       0x28 C:/Users/csr/Documents/yao_he002/build/cmake/stm32cubemx/CMakeFiles/FreeRTOS.dir/__/__/Middlewares/Third_Party/FreeRTOS/Source/portable/GCC/ARM_CM4F/port.c.obj
 .text.xPortStartScheduler
                0x08006e50      0x144 C:/Users/csr/Documents/yao_he002/build/cmake/stm32cubemx/CMakeFiles/FreeRTOS.dir/__/__/Middlewares/Third_Party/FreeRTOS/Source/portable/GCC/ARM_CM4F/port.c.obj
                0x08006e50                xPortStartScheduler
 .text.vPortEnterCritical
                0x08006f94       0x60 C:/Users/csr/Documents/yao_he002/build/cmake/stm32cubemx/CMakeFiles/FreeRTOS.dir/__/__/Middlewares/Third_Party/FreeRTOS/Source/portable/GCC/ARM_CM4F/port.c.obj
                0x08006f94                vPortEnterCritical
 .text.vPortExitCritical
                0x08006ff4       0x54 C:/Users/csr/Documents/yao_he002/build/cmake/stm32cubemx/CMakeFiles/FreeRTOS.dir/__/__/Middlewares/Third_Party/FreeRTOS/Source/portable/GCC/ARM_CM4F/port.c.obj
                0x08006ff4                vPortExitCritical
 *fill*         0x08007048        0x8 
 .text.PendSV_Handler
                0x08007050       0x68 C:/Users/csr/Documents/yao_he002/build/cmake/stm32cubemx/CMakeFiles/FreeRTOS.dir/__/__/Middlewares/Third_Party/FreeRTOS/Source/portable/GCC/ARM_CM4F/port.c.obj
                0x08007050                PendSV_Handler
 .text.xPortSysTickHandler
                0x080070b8       0x44 C:/Users/csr/Documents/yao_he002/build/cmake/stm32cubemx/CMakeFiles/FreeRTOS.dir/__/__/Middlewares/Third_Party/FreeRTOS/Source/portable/GCC/ARM_CM4F/port.c.obj
                0x080070b8                xPortSysTickHandler
 .text.vPortSetupTimerInterrupt
                0x080070fc       0x44 C:/Users/csr/Documents/yao_he002/build/cmake/stm32cubemx/CMakeFiles/FreeRTOS.dir/__/__/Middlewares/Third_Party/FreeRTOS/Source/portable/GCC/ARM_CM4F/port.c.obj
                0x080070fc                vPortSetupTimerInterrupt
 .text.vPortEnableVFP
                0x08007140       0x14 C:/Users/csr/Documents/yao_he002/build/cmake/stm32cubemx/CMakeFiles/FreeRTOS.dir/__/__/Middlewares/Third_Party/FreeRTOS/Source/portable/GCC/ARM_CM4F/port.c.obj
 .text.vPortValidateInterruptPriority
                0x08007154       0x80 C:/Users/csr/Documents/yao_he002/build/cmake/stm32cubemx/CMakeFiles/FreeRTOS.dir/__/__/Middlewares/Third_Party/FreeRTOS/Source/portable/GCC/ARM_CM4F/port.c.obj
                0x08007154                vPortValidateInterruptPriority
 .text.main     0x080071d4       0xe0 C:/Users/csr/Documents/yao_he002/build/CMakeFiles/yao_he002.dir/Src/main.c.obj
                0x080071d4                main
 .text.SystemClock_Config
                0x080072b4       0xf0 C:/Users/csr/Documents/yao_he002/build/CMakeFiles/yao_he002.dir/Src/main.c.obj
                0x080072b4                SystemClock_Config
 .text.TJC_ConfirmHandler
                0x080073a4       0x40 C:/Users/csr/Documents/yao_he002/build/CMakeFiles/yao_he002.dir/Src/main.c.obj
 .text.StartClockTask
                0x080073e4      0x4d8 C:/Users/csr/Documents/yao_he002/build/CMakeFiles/yao_he002.dir/Src/main.c.obj
                0x080073e4                StartClockTask
 .text.StartReminderTask
                0x080078bc      0x120 C:/Users/csr/Documents/yao_he002/build/CMakeFiles/yao_he002.dir/Src/main.c.obj
                0x080078bc                StartReminderTask
 .text.StartUiTask
                0x080079dc      0x22c C:/Users/csr/Documents/yao_he002/build/CMakeFiles/yao_he002.dir/Src/main.c.obj
                0x080079dc                StartUiTask
 .text.StartAudioTask
                0x08007c08      0x108 C:/Users/csr/Documents/yao_he002/build/CMakeFiles/yao_he002.dir/Src/main.c.obj
                0x08007c08                StartAudioTask
 .text.StartInputTask
                0x08007d10      0x154 C:/Users/csr/Documents/yao_he002/build/CMakeFiles/yao_he002.dir/Src/main.c.obj
                0x08007d10                StartInputTask
 .text.StartLogTask
                0x08007e64       0x2c C:/Users/csr/Documents/yao_he002/build/CMakeFiles/yao_he002.dir/Src/main.c.obj
                0x08007e64                StartLogTask
 .text.Error_Handler
                0x08007e90       0x98 C:/Users/csr/Documents/yao_he002/build/CMakeFiles/yao_he002.dir/Src/main.c.obj
                0x08007e90                Error_Handler
 .text.MX_GPIO_Init
                0x08007f28       0xd4 C:/Users/csr/Documents/yao_he002/build/CMakeFiles/yao_he002.dir/Src/gpio.c.obj
                0x08007f28                MX_GPIO_Init
 .text.MX_FREERTOS_Init
                0x08007ffc      0x14c C:/Users/csr/Documents/yao_he002/build/CMakeFiles/yao_he002.dir/Src/app_freertos.c.obj
                0x08007ffc                MX_FREERTOS_Init
 .text.StartDefaultTask
                0x08008148       0x10 C:/Users/csr/Documents/yao_he002/build/CMakeFiles/yao_he002.dir/Src/app_freertos.c.obj
                0x08008148                StartDefaultTask
 .text.TJC_RegisterConfirmCallback
                0x08008158       0x1c C:/Users/csr/Documents/yao_he002/build/CMakeFiles/yao_he002.dir/Src/usart.c.obj
                0x08008158                TJC_RegisterConfirmCallback
 .text.TJC_ParseTouchData
                0x08008174       0xc0 C:/Users/csr/Documents/yao_he002/build/CMakeFiles/yao_he002.dir/Src/usart.c.obj
 .text.UART1_Tx_Safe
                0x08008234       0x50 C:/Users/csr/Documents/yao_he002/build/CMakeFiles/yao_he002.dir/Src/usart.c.obj
                0x08008234                UART1_Tx_Safe
 .text.MX_USART1_UART_Init
                0x08008284       0xa8 C:/Users/csr/Documents/yao_he002/build/CMakeFiles/yao_he002.dir/Src/usart.c.obj
                0x08008284                MX_USART1_UART_Init
 .text.MX_USART2_UART_Init
                0x0800832c       0xa8 C:/Users/csr/Documents/yao_he002/build/CMakeFiles/yao_he002.dir/Src/usart.c.obj
                0x0800832c                MX_USART2_UART_Init
 .text.MX_USART3_UART_Init
                0x080083d4       0xa8 C:/Users/csr/Documents/yao_he002/build/CMakeFiles/yao_he002.dir/Src/usart.c.obj
                0x080083d4                MX_USART3_UART_Init
 .text.HAL_UART_MspInit
                0x0800847c      0x1b0 C:/Users/csr/Documents/yao_he002/build/CMakeFiles/yao_he002.dir/Src/usart.c.obj
                0x0800847c                HAL_UART_MspInit
 .text.HAL_UART_RxCpltCallback
                0x0800862c       0x80 C:/Users/csr/Documents/yao_he002/build/CMakeFiles/yao_he002.dir/Src/usart.c.obj
                0x0800862c                HAL_UART_RxCpltCallback
 .text.HAL_UART_TxCpltCallback
                0x080086ac       0x2c C:/Users/csr/Documents/yao_he002/build/CMakeFiles/yao_he002.dir/Src/usart.c.obj
                0x080086ac                HAL_UART_TxCpltCallback
 .text.HAL_UART_ErrorCallback
                0x080086d8       0x74 C:/Users/csr/Documents/yao_he002/build/CMakeFiles/yao_he002.dir/Src/usart.c.obj
                0x080086d8                HAL_UART_ErrorCallback
 .text.NMI_Handler
                0x0800874c        0x8 C:/Users/csr/Documents/yao_he002/build/CMakeFiles/yao_he002.dir/Src/stm32g4xx_it.c.obj
                0x0800874c                NMI_Handler
 .text.HardFault_Handler
                0x08008754        0x8 C:/Users/csr/Documents/yao_he002/build/CMakeFiles/yao_he002.dir/Src/stm32g4xx_it.c.obj
                0x08008754                HardFault_Handler
 .text.MemManage_Handler
                0x0800875c        0x8 C:/Users/csr/Documents/yao_he002/build/CMakeFiles/yao_he002.dir/Src/stm32g4xx_it.c.obj
                0x0800875c                MemManage_Handler
 .text.BusFault_Handler
                0x08008764        0x8 C:/Users/csr/Documents/yao_he002/build/CMakeFiles/yao_he002.dir/Src/stm32g4xx_it.c.obj
                0x08008764                BusFault_Handler
 .text.UsageFault_Handler
                0x0800876c        0x8 C:/Users/csr/Documents/yao_he002/build/CMakeFiles/yao_he002.dir/Src/stm32g4xx_it.c.obj
                0x0800876c                UsageFault_Handler
 .text.DebugMon_Handler
                0x08008774        0xc C:/Users/csr/Documents/yao_he002/build/CMakeFiles/yao_he002.dir/Src/stm32g4xx_it.c.obj
                0x08008774                DebugMon_Handler
 .text.SysTick_Handler
                0x08008780       0x1a C:/Users/csr/Documents/yao_he002/build/CMakeFiles/yao_he002.dir/Src/stm32g4xx_it.c.obj
                0x08008780                SysTick_Handler
 *fill*         0x0800879a        0x2 
 .text.USART1_IRQHandler
                0x0800879c       0x14 C:/Users/csr/Documents/yao_he002/build/CMakeFiles/yao_he002.dir/Src/stm32g4xx_it.c.obj
                0x0800879c                USART1_IRQHandler
 .text.USART2_IRQHandler
                0x080087b0       0x14 C:/Users/csr/Documents/yao_he002/build/CMakeFiles/yao_he002.dir/Src/stm32g4xx_it.c.obj
                0x080087b0                USART2_IRQHandler
 .text.USART3_IRQHandler
                0x080087c4       0x14 C:/Users/csr/Documents/yao_he002/build/CMakeFiles/yao_he002.dir/Src/stm32g4xx_it.c.obj
                0x080087c4                USART3_IRQHandler
 .text.I2C3_EV_IRQHandler
                0x080087d8        0xc C:/Users/csr/Documents/yao_he002/build/CMakeFiles/yao_he002.dir/Src/stm32g4xx_it.c.obj
                0x080087d8                I2C3_EV_IRQHandler
 .text.I2C3_ER_IRQHandler
                0x080087e4        0xc C:/Users/csr/Documents/yao_he002/build/CMakeFiles/yao_he002.dir/Src/stm32g4xx_it.c.obj
                0x080087e4                I2C3_ER_IRQHandler
 .text.HAL_MspInit
                0x080087f0       0x54 C:/Users/csr/Documents/yao_he002/build/CMakeFiles/yao_he002.dir/Src/stm32g4xx_hal_msp.c.obj
                0x080087f0                HAL_MspInit
 .text._sbrk    0x08008844       0x6c C:/Users/csr/Documents/yao_he002/build/CMakeFiles/yao_he002.dir/Src/sysmem.c.obj
                0x08008844                _sbrk
 .text.Reset_Handler
                0x080088b0       0x50 C:/Users/csr/Documents/yao_he002/build/CMakeFiles/yao_he002.dir/startup_stm32g431xx.s.obj
                0x080088b0                Reset_Handler
 .text.Default_Handler
                0x08008900        0x2 C:/Users/csr/Documents/yao_he002/build/CMakeFiles/yao_he002.dir/startup_stm32g431xx.s.obj
                0x08008900                RTC_Alarm_IRQHandler
                0x08008900                EXTI2_IRQHandler
                0x08008900                TIM8_TRG_COM_IRQHandler
                0x08008900                TIM8_CC_IRQHandler
                0x08008900                TIM1_CC_IRQHandler
                0x08008900                USB_HP_IRQHandler
                0x08008900                CORDIC_IRQHandler
                0x08008900                EXTI3_IRQHandler
                0x08008900                EXTI0_IRQHandler
                0x08008900                I2C2_EV_IRQHandler
                0x08008900                FPU_IRQHandler
                0x08008900                FDCAN1_IT1_IRQHandler
                0x08008900                TIM1_UP_TIM16_IRQHandler
                0x08008900                ADC1_2_IRQHandler
                0x08008900                SPI1_IRQHandler
                0x08008900                TIM6_DAC_IRQHandler
                0x08008900                TIM8_UP_IRQHandler
                0x08008900                DMA2_Channel2_IRQHandler
                0x08008900                DMA1_Channel4_IRQHandler
                0x08008900                TIM4_IRQHandler
                0x08008900                DMA2_Channel1_IRQHandler
                0x08008900                I2C1_EV_IRQHandler
                0x08008900                DMA1_Channel6_IRQHandler
                0x08008900                UART4_IRQHandler
                0x08008900                DMA2_Channel4_IRQHandler
                0x08008900                TIM3_IRQHandler
                0x08008900                RCC_IRQHandler
                0x08008900                DMA1_Channel1_IRQHandler
                0x08008900                Default_Handler
                0x08008900                RTC_TAMP_LSECSS_IRQHandler
                0x08008900                FMAC_IRQHandler
                0x08008900                EXTI15_10_IRQHandler
                0x08008900                TIM7_IRQHandler
                0x08008900                UCPD1_IRQHandler
                0x08008900                EXTI9_5_IRQHandler
                0x08008900                RTC_WKUP_IRQHandler
                0x08008900                PVD_PVM_IRQHandler
                0x08008900                SPI2_IRQHandler
                0x08008900                DMA2_Channel5_IRQHandler
                0x08008900                CRS_IRQHandler
                0x08008900                DMA1_Channel5_IRQHandler
                0x08008900                USB_LP_IRQHandler
                0x08008900                EXTI4_IRQHandler
                0x08008900                RNG_IRQHandler
                0x08008900                TIM1_TRG_COM_TIM17_IRQHandler
                0x08008900                DMA1_Channel3_IRQHandler
                0x08008900                WWDG_IRQHandler
                0x08008900                LPUART1_IRQHandler
                0x08008900                DMA2_Channel6_IRQHandler
                0x08008900                FDCAN1_IT0_IRQHandler
                0x08008900                TIM2_IRQHandler
                0x08008900                COMP1_2_3_IRQHandler
                0x08008900                EXTI1_IRQHandler
                0x08008900                I2C2_ER_IRQHandler
                0x08008900                DMA1_Channel2_IRQHandler
                0x08008900                TIM8_BRK_IRQHandler
                0x08008900                FLASH_IRQHandler
                0x08008900                SPI3_IRQHandler
                0x08008900                I2C1_ER_IRQHandler
                0x08008900                LPTIM1_IRQHandler
                0x08008900                DMAMUX_OVR_IRQHandler
                0x08008900                USBWakeUp_IRQHandler
                0x08008900                SAI1_IRQHandler
                0x08008900                DMA2_Channel3_IRQHandler
                0x08008900                COMP4_IRQHandler
                0x08008900                TIM1_BRK_TIM15_IRQHandler
 *fill*         0x08008902        0x2 
 .text.MedicineManager_Init
                0x08008904       0x70 C:/Users/csr/Documents/yao_he002/build/CMakeFiles/yao_he002.dir/Src/medicine_manager.c.obj
                0x08008904                MedicineManager_Init
 .text.MedicineManager_AddTime
                0x08008974       0xb8 C:/Users/csr/Documents/yao_he002/build/CMakeFiles/yao_he002.dir/Src/medicine_manager.c.obj
                0x08008974                MedicineManager_AddTime
 .text.MedicineManager_SetCurrentTime
                0x08008a2c       0x4c C:/Users/csr/Documents/yao_he002/build/CMakeFiles/yao_he002.dir/Src/medicine_manager.c.obj
                0x08008a2c                MedicineManager_SetCurrentTime
 .text.MedicineManager_CheckTime
                0x08008a78       0x94 C:/Users/csr/Documents/yao_he002/build/CMakeFiles/yao_he002.dir/Src/medicine_manager.c.obj
                0x08008a78                MedicineManager_CheckTime
 .text.MedicineManager_RecordConfirmation
                0x08008b0c       0xfc C:/Users/csr/Documents/yao_he002/build/CMakeFiles/yao_he002.dir/Src/medicine_manager.c.obj
                0x08008b0c                MedicineManager_RecordConfirmation
 .text.MedicineManager_GetNextMedicine
                0x08008c08      0x17c C:/Users/csr/Documents/yao_he002/build/CMakeFiles/yao_he002.dir/Src/medicine_manager.c.obj
                0x08008c08                MedicineManager_GetNextMedicine
 .text.MedicineManager_ResetReminded
                0x08008d84       0x28 C:/Users/csr/Documents/yao_he002/build/CMakeFiles/yao_he002.dir/Src/medicine_manager.c.obj
                0x08008d84                MedicineManager_ResetReminded
 .text.bcd_to_decimal
                0x08008dac       0x30 C:/Users/csr/Documents/yao_he002/build/CMakeFiles/yao_he002.dir/Src/rtc_driver.c.obj
 .text.RTC_ReadTime
                0x08008ddc       0xac C:/Users/csr/Documents/yao_he002/build/CMakeFiles/yao_he002.dir/Src/rtc_driver.c.obj
                0x08008ddc                RTC_ReadTime
 .text.RTC_Init
                0x08008e88       0x64 C:/Users/csr/Documents/yao_he002/build/CMakeFiles/yao_he002.dir/Src/rtc_driver.c.obj
                0x08008e88                RTC_Init
 .text.I2C3_ShortDelay
                0x08008eec       0x28 C:/Users/csr/Documents/yao_he002/yao_he002_i2c_fix.obj
 .text.I2C3_ReadSCL
                0x08008f14       0x18 C:/Users/csr/Documents/yao_he002/yao_he002_i2c_fix.obj
 .text.I2C3_ReadSDA
                0x08008f2c       0x18 C:/Users/csr/Documents/yao_he002/yao_he002_i2c_fix.obj
 .text.I2C3_BusRecover
                0x08008f44       0xf8 C:/Users/csr/Documents/yao_he002/yao_he002_i2c_fix.obj
                0x08008f44                I2C3_BusRecover
 .text.MX_I2C3_Init
                0x0800903c       0xd4 C:/Users/csr/Documents/yao_he002/yao_he002_i2c_fix.obj
                0x0800903c                MX_I2C3_Init
 .text.HAL_I2C_MspInit
                0x08009110       0x88 C:/Users/csr/Documents/yao_he002/yao_he002_i2c_fix.obj
                0x08009110                HAL_I2C_MspInit
 .text.__udivmoddi4
                0x08009198      0x320 F:/arm/bin/../lib/gcc/arm-none-eabi/15.2.1/thumb/v7e-m+fp/hard\libgcc.a(_udivmoddi4.o)
                0x08009198                __udivmoddi4
 .text.sprintf  0x080094b8       0x44 F:/arm/bin/../lib/gcc/arm-none-eabi/15.2.1/../../../../arm-none-eabi/lib/thumb/v7e-m+fp/hard\libg_nano.a(libc_a-sprintf.o)
                0x080094b8                siprintf
                0x080094b8                sprintf
 .text.memset   0x080094fc       0x10 F:/arm/bin/../lib/gcc/arm-none-eabi/15.2.1/../../../../arm-none-eabi/lib/thumb/v7e-m+fp/hard\libg_nano.a(libc_a-memset.o)
                0x080094fc                memset
 .text.strncpy  0x0800950c       0x26 F:/arm/bin/../lib/gcc/arm-none-eabi/15.2.1/../../../../arm-none-eabi/lib/thumb/v7e-m+fp/hard\libg_nano.a(libc_a-strncpy.o)
                0x0800950c                strncpy
 *fill*         0x08009532        0x2 
 .text.__errno  0x08009534        0xc F:/arm/bin/../lib/gcc/arm-none-eabi/15.2.1/../../../../arm-none-eabi/lib/thumb/v7e-m+fp/hard\libg_nano.a(libc_a-errno.o)
                0x08009534                __errno
 .text.__libc_init_array
                0x08009540       0x48 F:/arm/bin/../lib/gcc/arm-none-eabi/15.2.1/../../../../arm-none-eabi/lib/thumb/v7e-m+fp/hard\libg_nano.a(libc_a-init.o)
                0x08009540                __libc_init_array
 .text.__retarget_lock_acquire_recursive
                0x08009588        0x2 F:/arm/bin/../lib/gcc/arm-none-eabi/15.2.1/../../../../arm-none-eabi/lib/thumb/v7e-m+fp/hard\libg_nano.a(libc_a-lock.o)
                0x08009588                __retarget_lock_acquire_recursive
 .text.__retarget_lock_release_recursive
                0x0800958a        0x2 F:/arm/bin/../lib/gcc/arm-none-eabi/15.2.1/../../../../arm-none-eabi/lib/thumb/v7e-m+fp/hard\libg_nano.a(libc_a-lock.o)
                0x0800958a                __retarget_lock_release_recursive
 .text.strcpy   0x0800958c       0x10 F:/arm/bin/../lib/gcc/arm-none-eabi/15.2.1/../../../../arm-none-eabi/lib/thumb/v7e-m+fp/hard\libg_nano.a(libc_a-strcpy.o)
                0x0800958c                strcpy
 .text.memcpy   0x0800959c       0x1c F:/arm/bin/../lib/gcc/arm-none-eabi/15.2.1/../../../../arm-none-eabi/lib/thumb/v7e-m+fp/hard\libg_nano.a(libc_a-memcpy-stub.o)
                0x0800959c                memcpy
 .text._free_r  0x080095b8       0x98 F:/arm/bin/../lib/gcc/arm-none-eabi/15.2.1/../../../../arm-none-eabi/lib/thumb/v7e-m+fp/hard\libg_nano.a(libc_a-freer.o)
                0x080095b8                _free_r
 .text.sbrk_aligned
                0x08009650       0x44 F:/arm/bin/../lib/gcc/arm-none-eabi/15.2.1/../../../../arm-none-eabi/lib/thumb/v7e-m+fp/hard\libg_nano.a(libc_a-mallocr.o)
 .text._malloc_r
                0x08009694       0xf8 F:/arm/bin/../lib/gcc/arm-none-eabi/15.2.1/../../../../arm-none-eabi/lib/thumb/v7e-m+fp/hard\libg_nano.a(libc_a-mallocr.o)
                0x08009694                _malloc_r
 .text.__malloc_lock
                0x0800978c        0xc F:/arm/bin/../lib/gcc/arm-none-eabi/15.2.1/../../../../arm-none-eabi/lib/thumb/v7e-m+fp/hard\libg_nano.a(libc_a-mlock.o)
                0x0800978c                __malloc_lock
 .text.__malloc_unlock
                0x08009798        0xc F:/arm/bin/../lib/gcc/arm-none-eabi/15.2.1/../../../../arm-none-eabi/lib/thumb/v7e-m+fp/hard\libg_nano.a(libc_a-mlock.o)
                0x08009798                __malloc_unlock
 .text.__ssputs_r
                0x080097a4       0xc0 F:/arm/bin/../lib/gcc/arm-none-eabi/15.2.1/../../../../arm-none-eabi/lib/thumb/v7e-m+fp/hard\libg_nano.a(libc_a-nano-svfprintf.o)
                0x080097a4                __ssputs_r
 .text._svfprintf_r
                0x08009864      0x1f0 F:/arm/bin/../lib/gcc/arm-none-eabi/15.2.1/../../../../arm-none-eabi/lib/thumb/v7e-m+fp/hard\libg_nano.a(libc_a-nano-svfprintf.o)
                0x08009864                _svfiprintf_r
                0x08009864                _svfprintf_r
 .text._printf_common
                0x08009a54       0xea F:/arm/bin/../lib/gcc/arm-none-eabi/15.2.1/../../../../arm-none-eabi/lib/thumb/v7e-m+fp/hard\libg_nano.a(libc_a-nano-vfprintf_i.o)
                0x08009a54                _printf_common
 *fill*         0x08009b3e        0x2 
 .text._printf_i
                0x08009b40      0x254 F:/arm/bin/../lib/gcc/arm-none-eabi/15.2.1/../../../../arm-none-eabi/lib/thumb/v7e-m+fp/hard\libg_nano.a(libc_a-nano-vfprintf_i.o)
                0x08009b40                _printf_i
 .text.memmove  0x08009d94       0x32 F:/arm/bin/../lib/gcc/arm-none-eabi/15.2.1/../../../../arm-none-eabi/lib/thumb/v7e-m+fp/hard\libg_nano.a(libc_a-memmove.o)
                0x08009d94                memmove
 *fill*         0x08009dc6        0x2 
 .text._sbrk_r  0x08009dc8       0x20 F:/arm/bin/../lib/gcc/arm-none-eabi/15.2.1/../../../../arm-none-eabi/lib/thumb/v7e-m+fp/hard\libg_nano.a(libc_a-sbrkr.o)
                0x08009dc8                _sbrk_r
 .text._realloc_r
                0x08009de8       0x5c F:/arm/bin/../lib/gcc/arm-none-eabi/15.2.1/../../../../arm-none-eabi/lib/thumb/v7e-m+fp/hard\libg_nano.a(libc_a-reallocr.o)
                0x08009de8                _realloc_r
 .text._malloc_usable_size_r
                0x08009e44       0x10 F:/arm/bin/../lib/gcc/arm-none-eabi/15.2.1/../../../../arm-none-eabi/lib/thumb/v7e-m+fp/hard\libg_nano.a(libc_a-msizer.o)
                0x08009e44                _malloc_usable_size_r
 *(.glue_7)
 .glue_7        0x08009e54        0x0 linker stubs
 *(.glue_7t)
 .glue_7t       0x08009e54        0x0 linker stubs
 *(.eh_frame)
 .eh_frame      0x08009e54        0x0 F:/arm/bin/../lib/gcc/arm-none-eabi/15.2.1/thumb/v7e-m+fp/hard/crtbegin.o
 *(.init)
 .init          0x08009e54        0x4 F:/arm/bin/../lib/gcc/arm-none-eabi/15.2.1/thumb/v7e-m+fp/hard/crti.o
                0x08009e54                _init
 .init          0x08009e58        0x8 F:/arm/bin/../lib/gcc/arm-none-eabi/15.2.1/thumb/v7e-m+fp/hard/crtn.o
 *(.fini)
 .fini          0x08009e60        0x4 F:/arm/bin/../lib/gcc/arm-none-eabi/15.2.1/thumb/v7e-m+fp/hard/crti.o
                0x08009e60                _fini
 .fini          0x08009e64        0x8 F:/arm/bin/../lib/gcc/arm-none-eabi/15.2.1/thumb/v7e-m+fp/hard/crtn.o
                0x08009e6c                        . = ALIGN (0x4)
                0x08009e6c                        _etext = .

.vfp11_veneer   0x08009e6c        0x0
 .vfp11_veneer  0x08009e6c        0x0 linker stubs

.v4_bx          0x08009e6c        0x0
 .v4_bx         0x08009e6c        0x0 linker stubs

.iplt           0x08009e6c        0x0
 .iplt          0x08009e6c        0x0 F:/arm/bin/../lib/gcc/arm-none-eabi/15.2.1/thumb/v7e-m+fp/hard/crtbegin.o

.rodata         0x08009e6c      0x2e4
                0x08009e6c                        . = ALIGN (0x4)
 *(.rodata)
 .rodata        0x08009e6c        0x5 C:/Users/csr/Documents/yao_he002/build/cmake/stm32cubemx/CMakeFiles/FreeRTOS.dir/__/__/Middlewares/Third_Party/FreeRTOS/Source/tasks.c.obj
 *fill*         0x08009e71        0x3 
 .rodata        0x08009e74      0x165 C:/Users/csr/Documents/yao_he002/build/CMakeFiles/yao_he002.dir/Src/main.c.obj
 *fill*         0x08009fd9        0x3 
 .rodata        0x08009fdc       0xdc C:/Users/csr/Documents/yao_he002/build/CMakeFiles/yao_he002.dir/Src/app_freertos.c.obj
 .rodata        0x0800a0b8       0x22 C:/Users/csr/Documents/yao_he002/build/CMakeFiles/yao_he002.dir/Src/medicine_manager.c.obj
 *(.rodata*)
 *fill*         0x0800a0da        0x2 
 .rodata.AHBPrescTable
                0x0800a0dc       0x10 C:/Users/csr/Documents/yao_he002/build/cmake/stm32cubemx/CMakeFiles/STM32_Drivers.dir/__/__/Src/system_stm32g4xx.c.obj
                0x0800a0dc                AHBPrescTable
 .rodata.APBPrescTable
                0x0800a0ec        0x8 C:/Users/csr/Documents/yao_he002/build/cmake/stm32cubemx/CMakeFiles/STM32_Drivers.dir/__/__/Src/system_stm32g4xx.c.obj
                0x0800a0ec                APBPrescTable
 .rodata.UARTPrescTable
                0x0800a0f4       0x18 C:/Users/csr/Documents/yao_he002/build/cmake/stm32cubemx/CMakeFiles/STM32_Drivers.dir/__/__/Drivers/STM32G4xx_HAL_Driver/Src/stm32g4xx_hal_uart.c.obj
                0x0800a0f4                UARTPrescTable
 .rodata.numerator.1
                0x0800a10c        0x8 C:/Users/csr/Documents/yao_he002/build/cmake/stm32cubemx/CMakeFiles/STM32_Drivers.dir/__/__/Drivers/STM32G4xx_HAL_Driver/Src/stm32g4xx_hal_uart_ex.c.obj
 .rodata.denominator.0
                0x0800a114        0x8 C:/Users/csr/Documents/yao_he002/build/cmake/stm32cubemx/CMakeFiles/STM32_Drivers.dir/__/__/Drivers/STM32G4xx_HAL_Driver/Src/stm32g4xx_hal_uart_ex.c.obj
 .rodata._svfprintf_r.str1.1
                0x0800a11c       0x33 F:/arm/bin/../lib/gcc/arm-none-eabi/15.2.1/../../../../arm-none-eabi/lib/thumb/v7e-m+fp/hard\libg_nano.a(libc_a-nano-svfprintf.o)
                                 0x11 (size before relaxing)
 .rodata._printf_i.str1.1
                0x0800a14f        0x0 F:/arm/bin/../lib/gcc/arm-none-eabi/15.2.1/../../../../arm-none-eabi/lib/thumb/v7e-m+fp/hard\libg_nano.a(libc_a-nano-vfprintf_i.o)
                                 0x22 (size before relaxing)
                0x0800a150                        . = ALIGN (0x4)
 *fill*         0x0800a14f        0x1 

.ARM.extab      0x0800a150        0x0
                0x0800a150                        . = ALIGN (0x4)
 *(.ARM.extab* .gnu.linkonce.armextab.*)
                0x0800a150                        . = ALIGN (0x4)

.ARM            0x0800a150        0x8
                0x0800a150                        . = ALIGN (0x4)
                0x0800a150                        __exidx_start = .
 *(.ARM.exidx*)
 .ARM.exidx     0x0800a150        0x8 F:/arm/bin/../lib/gcc/arm-none-eabi/15.2.1/../../../../arm-none-eabi/lib/thumb/v7e-m+fp/hard\libg_nano.a(libc_a-strlen.o)
 .ARM.exidx     0x0800a158        0x0 F:/arm/bin/../lib/gcc/arm-none-eabi/15.2.1/../../../../arm-none-eabi/lib/thumb/v7e-m+fp/hard\libg_nano.a(libc_a-memchr.o)
                                  0x8 (size before relaxing)
 .ARM.exidx.text.__udivmoddi4
                0x0800a158        0x0 F:/arm/bin/../lib/gcc/arm-none-eabi/15.2.1/thumb/v7e-m+fp/hard\libgcc.a(_udivmoddi4.o)
                                  0x8 (size before relaxing)
                0x0800a158                        __exidx_end = .
                0x0800a158                        . = ALIGN (0x4)

.preinit_array  0x0800a158        0x0
                0x0800a158                        . = ALIGN (0x4)
                0x0800a158                        PROVIDE (__preinit_array_start = .)
 *(.preinit_array*)
                0x0800a158                        PROVIDE (__preinit_array_end = .)
                0x0800a158                        . = ALIGN (0x4)

.init_array     0x0800a158        0x4
                0x0800a158                        . = ALIGN (0x4)
                0x0800a158                        PROVIDE (__init_array_start = .)
 *(SORT_BY_NAME(.init_array.*))
 *(.init_array*)
 .init_array    0x0800a158        0x4 F:/arm/bin/../lib/gcc/arm-none-eabi/15.2.1/thumb/v7e-m+fp/hard/crtbegin.o
                0x0800a15c                        PROVIDE (__init_array_end = .)
                0x0800a15c                        . = ALIGN (0x4)

.fini_array     0x0800a15c        0x4
                0x0800a15c                        . = ALIGN (0x4)
                [!provide]                        PROVIDE (__fini_array_start = .)
 *(SORT_BY_NAME(.fini_array.*))
 *(.fini_array*)
 .fini_array    0x0800a15c        0x4 F:/arm/bin/../lib/gcc/arm-none-eabi/15.2.1/thumb/v7e-m+fp/hard/crtbegin.o
                [!provide]                        PROVIDE (__fini_array_end = .)
                0x0800a160                        . = ALIGN (0x4)
                0x0800a160                        _sidata = LOADADDR (.data)

.rel.dyn        0x0800a160        0x0
 .rel.iplt      0x0800a160        0x0 F:/arm/bin/../lib/gcc/arm-none-eabi/15.2.1/thumb/v7e-m+fp/hard/crtbegin.o

.data           0x20000000       0x60 load address 0x0800a160
                0x20000000                        . = ALIGN (0x4)
                0x20000000                        _sdata = .
 *(.data)
 *(.data*)
 .data.SystemCoreClock
                0x20000000        0x4 C:/Users/csr/Documents/yao_he002/build/cmake/stm32cubemx/CMakeFiles/STM32_Drivers.dir/__/__/Src/system_stm32g4xx.c.obj
                0x20000000                SystemCoreClock
 .data.uwTickPrio
                0x20000004        0x4 C:/Users/csr/Documents/yao_he002/build/cmake/stm32cubemx/CMakeFiles/STM32_Drivers.dir/__/__/Drivers/STM32G4xx_HAL_Driver/Src/stm32g4xx_hal.c.obj
                0x20000004                uwTickPrio
 .data.uwTickFreq
                0x20000008        0x4 C:/Users/csr/Documents/yao_he002/build/cmake/stm32cubemx/CMakeFiles/STM32_Drivers.dir/__/__/Drivers/STM32G4xx_HAL_Driver/Src/stm32g4xx_hal.c.obj
                0x20000008                uwTickFreq
 .data.uxCriticalNesting
                0x2000000c        0x4 C:/Users/csr/Documents/yao_he002/build/cmake/stm32cubemx/CMakeFiles/FreeRTOS.dir/__/__/Middlewares/Third_Party/FreeRTOS/Source/portable/GCC/ARM_CM4F/port.c.obj
 .data._impure_ptr
                0x20000010        0x4 F:/arm/bin/../lib/gcc/arm-none-eabi/15.2.1/../../../../arm-none-eabi/lib/thumb/v7e-m+fp/hard\libg_nano.a(libc_a-impure.o)
                0x20000010                _impure_ptr
 .data._impure_data
                0x20000014       0x4c F:/arm/bin/../lib/gcc/arm-none-eabi/15.2.1/../../../../arm-none-eabi/lib/thumb/v7e-m+fp/hard\libg_nano.a(libc_a-impure.o)
                0x20000014                _impure_data
 *(.RamFunc)
 *(.RamFunc*)
                0x20000060                        . = ALIGN (0x4)

.tm_clone_table
                0x20000060        0x0 load address 0x0800a1c0
 .tm_clone_table
                0x20000060        0x0 F:/arm/bin/../lib/gcc/arm-none-eabi/15.2.1/thumb/v7e-m+fp/hard/crtbegin.o
 .tm_clone_table
                0x20000060        0x0 F:/arm/bin/../lib/gcc/arm-none-eabi/15.2.1/thumb/v7e-m+fp/hard/crtend.o

.igot.plt       0x20000060        0x0 load address 0x0800a1c0
 .igot.plt      0x20000060        0x0 F:/arm/bin/../lib/gcc/arm-none-eabi/15.2.1/thumb/v7e-m+fp/hard/crtbegin.o

.tdata          0x20000060        0x0 load address 0x0800a1c0
 *(.tdata .tdata.* .gnu.linkonce.td.*)
                0x20000060                        . = ALIGN (0x4)
                0x20000060                        _edata = .
                [!provide]                        PROVIDE (__data_end = .)
                [!provide]                        PROVIDE (__tdata_end = .)
                [!provide]                        PROVIDE (__tdata_start = ADDR (.tdata))
                [!provide]                        PROVIDE (__tdata_size = (__tdata_end - __tdata_start))
                [!provide]                        PROVIDE (__data_start = ADDR (.data))
                [!provide]                        PROVIDE (__data_size = (__data_end - __data_start))
                [!provide]                        PROVIDE (__tdata_source = LOADADDR (.tdata))
                [!provide]                        PROVIDE (__tdata_source_end = (LOADADDR (.tdata) + SIZEOF (.tdata)))
                [!provide]                        PROVIDE (__tdata_source_size = (__tdata_source_end - __tdata_source))
                [!provide]                        PROVIDE (__data_source = LOADADDR (.data))
                [!provide]                        PROVIDE (__data_source_end = __tdata_source_end)
                [!provide]                        PROVIDE (__data_source_size = (__data_source_end - __data_source))

.tbss           0x20000060        0x0 load address 0x0800a1c0
                0x20000060                        _sbss = .
                0x20000060                        __bss_start__ = _sbss
 *(.tbss .tbss.*)
                0x20000060                        . = ALIGN (0x4)
                [!provide]                        PROVIDE (__tbss_end = .)
                [!provide]                        PROVIDE (__tbss_start = ADDR (.tbss))
                [!provide]                        PROVIDE (__tbss_size = (__tbss_end - __tbss_start))
                [!provide]                        PROVIDE (__tbss_offset = (ADDR (.tbss) - ADDR (.tdata)))
                [!provide]                        PROVIDE (__tls_base = __tdata_start)
                [!provide]                        PROVIDE (__tls_end = __tbss_end)
                [!provide]                        PROVIDE (__tls_size = (__tls_end - __tls_base))
                [!provide]                        PROVIDE (__tls_align = MAX (ALIGNOF (.tdata), ALIGNOF (.tbss)))
                [!provide]                        PROVIDE (__tls_size_align = (((__tls_size + __tls_align) - 0x1) & ~ ((__tls_align - 0x1))))
                [!provide]                        PROVIDE (__arm32_tls_tcb_offset = MAX (0x8, __tls_align))
                [!provide]                        PROVIDE (__arm64_tls_tcb_offset = MAX (0x10, __tls_align))

.bss            0x20000060     0x3c64 load address 0x0800a1c0
 *(.bss)
 *(.bss*)
 .bss.completed.1
                0x20000060        0x1 F:/arm/bin/../lib/gcc/arm-none-eabi/15.2.1/thumb/v7e-m+fp/hard/crtbegin.o
 *fill*         0x20000061        0x3 
 .bss.object.0  0x20000064       0x18 F:/arm/bin/../lib/gcc/arm-none-eabi/15.2.1/thumb/v7e-m+fp/hard/crtbegin.o
 .bss.uwTick    0x2000007c        0x4 C:/Users/csr/Documents/yao_he002/build/cmake/stm32cubemx/CMakeFiles/STM32_Drivers.dir/__/__/Drivers/STM32G4xx_HAL_Driver/Src/stm32g4xx_hal.c.obj
                0x2000007c                uwTick
 .bss.pxCurrentTCB
                0x20000080        0x4 C:/Users/csr/Documents/yao_he002/build/cmake/stm32cubemx/CMakeFiles/FreeRTOS.dir/__/__/Middlewares/Third_Party/FreeRTOS/Source/tasks.c.obj
                0x20000080                pxCurrentTCB
 .bss.pxReadyTasksLists
                0x20000084       0x8c C:/Users/csr/Documents/yao_he002/build/cmake/stm32cubemx/CMakeFiles/FreeRTOS.dir/__/__/Middlewares/Third_Party/FreeRTOS/Source/tasks.c.obj
 .bss.xDelayedTaskList1
                0x20000110       0x14 C:/Users/csr/Documents/yao_he002/build/cmake/stm32cubemx/CMakeFiles/FreeRTOS.dir/__/__/Middlewares/Third_Party/FreeRTOS/Source/tasks.c.obj
 .bss.xDelayedTaskList2
                0x20000124       0x14 C:/Users/csr/Documents/yao_he002/build/cmake/stm32cubemx/CMakeFiles/FreeRTOS.dir/__/__/Middlewares/Third_Party/FreeRTOS/Source/tasks.c.obj
 .bss.pxDelayedTaskList
                0x20000138        0x4 C:/Users/csr/Documents/yao_he002/build/cmake/stm32cubemx/CMakeFiles/FreeRTOS.dir/__/__/Middlewares/Third_Party/FreeRTOS/Source/tasks.c.obj
 .bss.pxOverflowDelayedTaskList
                0x2000013c        0x4 C:/Users/csr/Documents/yao_he002/build/cmake/stm32cubemx/CMakeFiles/FreeRTOS.dir/__/__/Middlewares/Third_Party/FreeRTOS/Source/tasks.c.obj
 .bss.xPendingReadyList
                0x20000140       0x14 C:/Users/csr/Documents/yao_he002/build/cmake/stm32cubemx/CMakeFiles/FreeRTOS.dir/__/__/Middlewares/Third_Party/FreeRTOS/Source/tasks.c.obj
 .bss.xTasksWaitingTermination
                0x20000154       0x14 C:/Users/csr/Documents/yao_he002/build/cmake/stm32cubemx/CMakeFiles/FreeRTOS.dir/__/__/Middlewares/Third_Party/FreeRTOS/Source/tasks.c.obj
 .bss.uxDeletedTasksWaitingCleanUp
                0x20000168        0x4 C:/Users/csr/Documents/yao_he002/build/cmake/stm32cubemx/CMakeFiles/FreeRTOS.dir/__/__/Middlewares/Third_Party/FreeRTOS/Source/tasks.c.obj
 .bss.xSuspendedTaskList
                0x2000016c       0x14 C:/Users/csr/Documents/yao_he002/build/cmake/stm32cubemx/CMakeFiles/FreeRTOS.dir/__/__/Middlewares/Third_Party/FreeRTOS/Source/tasks.c.obj
 .bss.uxCurrentNumberOfTasks
                0x20000180        0x4 C:/Users/csr/Documents/yao_he002/build/cmake/stm32cubemx/CMakeFiles/FreeRTOS.dir/__/__/Middlewares/Third_Party/FreeRTOS/Source/tasks.c.obj
 .bss.xTickCount
                0x20000184        0x4 C:/Users/csr/Documents/yao_he002/build/cmake/stm32cubemx/CMakeFiles/FreeRTOS.dir/__/__/Middlewares/Third_Party/FreeRTOS/Source/tasks.c.obj
 .bss.uxTopReadyPriority
                0x20000188        0x4 C:/Users/csr/Documents/yao_he002/build/cmake/stm32cubemx/CMakeFiles/FreeRTOS.dir/__/__/Middlewares/Third_Party/FreeRTOS/Source/tasks.c.obj
 .bss.xSchedulerRunning
                0x2000018c        0x4 C:/Users/csr/Documents/yao_he002/build/cmake/stm32cubemx/CMakeFiles/FreeRTOS.dir/__/__/Middlewares/Third_Party/FreeRTOS/Source/tasks.c.obj
 .bss.xPendedTicks
                0x20000190        0x4 C:/Users/csr/Documents/yao_he002/build/cmake/stm32cubemx/CMakeFiles/FreeRTOS.dir/__/__/Middlewares/Third_Party/FreeRTOS/Source/tasks.c.obj
 .bss.xYieldPending
                0x20000194        0x4 C:/Users/csr/Documents/yao_he002/build/cmake/stm32cubemx/CMakeFiles/FreeRTOS.dir/__/__/Middlewares/Third_Party/FreeRTOS/Source/tasks.c.obj
 .bss.xNumOfOverflows
                0x20000198        0x4 C:/Users/csr/Documents/yao_he002/build/cmake/stm32cubemx/CMakeFiles/FreeRTOS.dir/__/__/Middlewares/Third_Party/FreeRTOS/Source/tasks.c.obj
 .bss.uxTaskNumber
                0x2000019c        0x4 C:/Users/csr/Documents/yao_he002/build/cmake/stm32cubemx/CMakeFiles/FreeRTOS.dir/__/__/Middlewares/Third_Party/FreeRTOS/Source/tasks.c.obj
 .bss.xNextTaskUnblockTime
                0x200001a0        0x4 C:/Users/csr/Documents/yao_he002/build/cmake/stm32cubemx/CMakeFiles/FreeRTOS.dir/__/__/Middlewares/Third_Party/FreeRTOS/Source/tasks.c.obj
 .bss.xIdleTaskHandle
                0x200001a4        0x4 C:/Users/csr/Documents/yao_he002/build/cmake/stm32cubemx/CMakeFiles/FreeRTOS.dir/__/__/Middlewares/Third_Party/FreeRTOS/Source/tasks.c.obj
 .bss.uxSchedulerSuspended
                0x200001a8        0x4 C:/Users/csr/Documents/yao_he002/build/cmake/stm32cubemx/CMakeFiles/FreeRTOS.dir/__/__/Middlewares/Third_Party/FreeRTOS/Source/tasks.c.obj
 .bss.ucHeap    0x200001ac     0x3000 C:/Users/csr/Documents/yao_he002/build/cmake/stm32cubemx/CMakeFiles/FreeRTOS.dir/__/__/Middlewares/Third_Party/FreeRTOS/Source/portable/MemMang/heap_4.c.obj
 .bss.xStart    0x200031ac        0x8 C:/Users/csr/Documents/yao_he002/build/cmake/stm32cubemx/CMakeFiles/FreeRTOS.dir/__/__/Middlewares/Third_Party/FreeRTOS/Source/portable/MemMang/heap_4.c.obj
 .bss.pxEnd     0x200031b4        0x4 C:/Users/csr/Documents/yao_he002/build/cmake/stm32cubemx/CMakeFiles/FreeRTOS.dir/__/__/Middlewares/Third_Party/FreeRTOS/Source/portable/MemMang/heap_4.c.obj
 .bss.xFreeBytesRemaining
                0x200031b8        0x4 C:/Users/csr/Documents/yao_he002/build/cmake/stm32cubemx/CMakeFiles/FreeRTOS.dir/__/__/Middlewares/Third_Party/FreeRTOS/Source/portable/MemMang/heap_4.c.obj
 .bss.xMinimumEverFreeBytesRemaining
                0x200031bc        0x4 C:/Users/csr/Documents/yao_he002/build/cmake/stm32cubemx/CMakeFiles/FreeRTOS.dir/__/__/Middlewares/Third_Party/FreeRTOS/Source/portable/MemMang/heap_4.c.obj
 .bss.xNumberOfSuccessfulAllocations
                0x200031c0        0x4 C:/Users/csr/Documents/yao_he002/build/cmake/stm32cubemx/CMakeFiles/FreeRTOS.dir/__/__/Middlewares/Third_Party/FreeRTOS/Source/portable/MemMang/heap_4.c.obj
 .bss.xNumberOfSuccessfulFrees
                0x200031c4        0x4 C:/Users/csr/Documents/yao_he002/build/cmake/stm32cubemx/CMakeFiles/FreeRTOS.dir/__/__/Middlewares/Third_Party/FreeRTOS/Source/portable/MemMang/heap_4.c.obj
 .bss.xBlockAllocatedBit
                0x200031c8        0x4 C:/Users/csr/Documents/yao_he002/build/cmake/stm32cubemx/CMakeFiles/FreeRTOS.dir/__/__/Middlewares/Third_Party/FreeRTOS/Source/portable/MemMang/heap_4.c.obj
 .bss.ucMaxSysCallPriority
                0x200031cc        0x1 C:/Users/csr/Documents/yao_he002/build/cmake/stm32cubemx/CMakeFiles/FreeRTOS.dir/__/__/Middlewares/Third_Party/FreeRTOS/Source/portable/GCC/ARM_CM4F/port.c.obj
 *fill*         0x200031cd        0x3 
 .bss.ulMaxPRIGROUPValue
                0x200031d0        0x4 C:/Users/csr/Documents/yao_he002/build/cmake/stm32cubemx/CMakeFiles/FreeRTOS.dir/__/__/Middlewares/Third_Party/FreeRTOS/Source/portable/GCC/ARM_CM4F/port.c.obj
 .bss.med_times
                0x200031d4      0x15e C:/Users/csr/Documents/yao_he002/build/CMakeFiles/yao_he002.dir/Src/main.c.obj
                0x200031d4                med_times
 *fill*         0x20003332        0x2 
 .bss.clockTaskHandle
                0x20003334        0x4 C:/Users/csr/Documents/yao_he002/build/CMakeFiles/yao_he002.dir/Src/main.c.obj
                0x20003334                clockTaskHandle
 .bss.reminderTaskHandle
                0x20003338        0x4 C:/Users/csr/Documents/yao_he002/build/CMakeFiles/yao_he002.dir/Src/main.c.obj
                0x20003338                reminderTaskHandle
 .bss.uiTaskHandle
                0x2000333c        0x4 C:/Users/csr/Documents/yao_he002/build/CMakeFiles/yao_he002.dir/Src/main.c.obj
                0x2000333c                uiTaskHandle
 .bss.audioTaskHandle
                0x20003340        0x4 C:/Users/csr/Documents/yao_he002/build/CMakeFiles/yao_he002.dir/Src/main.c.obj
                0x20003340                audioTaskHandle
 .bss.inputTaskHandle
                0x20003344        0x4 C:/Users/csr/Documents/yao_he002/build/CMakeFiles/yao_he002.dir/Src/main.c.obj
                0x20003344                inputTaskHandle
 .bss.logTaskHandle
                0x20003348        0x4 C:/Users/csr/Documents/yao_he002/build/CMakeFiles/yao_he002.dir/Src/main.c.obj
                0x20003348                logTaskHandle
 .bss.current_med_state
                0x2000334c        0x1 C:/Users/csr/Documents/yao_he002/build/CMakeFiles/yao_he002.dir/Src/main.c.obj
                0x2000334c                current_med_state
 .bss.current_hour
                0x2000334d        0x1 C:/Users/csr/Documents/yao_he002/build/CMakeFiles/yao_he002.dir/Src/main.c.obj
                0x2000334d                current_hour
 .bss.current_minute
                0x2000334e        0x1 C:/Users/csr/Documents/yao_he002/build/CMakeFiles/yao_he002.dir/Src/main.c.obj
                0x2000334e                current_minute
 .bss.current_second
                0x2000334f        0x1 C:/Users/csr/Documents/yao_he002/build/CMakeFiles/yao_he002.dir/Src/main.c.obj
                0x2000334f                current_second
 .bss.reminder_active
                0x20003350        0x1 C:/Users/csr/Documents/yao_he002/build/CMakeFiles/yao_he002.dir/Src/main.c.obj
                0x20003350                reminder_active
 .bss.last_reminder_idx
                0x20003351        0x1 C:/Users/csr/Documents/yao_he002/build/CMakeFiles/yao_he002.dir/Src/main.c.obj
                0x20003351                last_reminder_idx
 .bss.diag_mode
                0x20003352        0x1 C:/Users/csr/Documents/yao_he002/build/CMakeFiles/yao_he002.dir/Src/main.c.obj
                0x20003352                diag_mode
 *fill*         0x20003353        0x1 
 .bss.uart1MutexHandle
                0x20003354        0x4 C:/Users/csr/Documents/yao_he002/build/CMakeFiles/yao_he002.dir/Src/app_freertos.c.obj
                0x20003354                uart1MutexHandle
 .bss.defaultTaskHandle
                0x20003358        0x4 C:/Users/csr/Documents/yao_he002/build/CMakeFiles/yao_he002.dir/Src/app_freertos.c.obj
                0x20003358                defaultTaskHandle
 .bss.uart1_rx_buffer
                0x2000335c      0x100 C:/Users/csr/Documents/yao_he002/build/CMakeFiles/yao_he002.dir/Src/usart.c.obj
                0x2000335c                uart1_rx_buffer
 .bss.uart2_rx_buffer
                0x2000345c      0x100 C:/Users/csr/Documents/yao_he002/build/CMakeFiles/yao_he002.dir/Src/usart.c.obj
                0x2000345c                uart2_rx_buffer
 .bss.uart3_rx_buffer
                0x2000355c      0x100 C:/Users/csr/Documents/yao_he002/build/CMakeFiles/yao_he002.dir/Src/usart.c.obj
                0x2000355c                uart3_rx_buffer
 .bss.tj_touch_state
                0x2000365c        0x1 C:/Users/csr/Documents/yao_he002/build/CMakeFiles/yao_he002.dir/Src/usart.c.obj
 .bss.tj_touch_page
                0x2000365d        0x1 C:/Users/csr/Documents/yao_he002/build/CMakeFiles/yao_he002.dir/Src/usart.c.obj
 .bss.tj_touch_comp
                0x2000365e        0x1 C:/Users/csr/Documents/yao_he002/build/CMakeFiles/yao_he002.dir/Src/usart.c.obj
 *fill*         0x2000365f        0x1 
 .bss.tj_confirm_callback
                0x20003660        0x4 C:/Users/csr/Documents/yao_he002/build/CMakeFiles/yao_he002.dir/Src/usart.c.obj
 .bss.huart1    0x20003664       0x94 C:/Users/csr/Documents/yao_he002/build/CMakeFiles/yao_he002.dir/Src/usart.c.obj
                0x20003664                huart1
 .bss.huart2    0x200036f8       0x94 C:/Users/csr/Documents/yao_he002/build/CMakeFiles/yao_he002.dir/Src/usart.c.obj
                0x200036f8                huart2
 .bss.huart3    0x2000378c       0x94 C:/Users/csr/Documents/yao_he002/build/CMakeFiles/yao_he002.dir/Src/usart.c.obj
                0x2000378c                huart3
 .bss.__sbrk_heap_end
                0x20003820        0x4 C:/Users/csr/Documents/yao_he002/build/CMakeFiles/yao_he002.dir/Src/sysmem.c.obj
 .bss.med_times_local
                0x20003824      0x15e C:/Users/csr/Documents/yao_he002/build/CMakeFiles/yao_he002.dir/Src/medicine_manager.c.obj
 .bss.med_times_count_local
                0x20003982        0x1 C:/Users/csr/Documents/yao_he002/build/CMakeFiles/yao_he002.dir/Src/medicine_manager.c.obj
 *fill*         0x20003983        0x1 
 .bss.records_local
                0x20003984      0x190 C:/Users/csr/Documents/yao_he002/build/CMakeFiles/yao_he002.dir/Src/medicine_manager.c.obj
 .bss.record_count_local
                0x20003b14        0x2 C:/Users/csr/Documents/yao_he002/build/CMakeFiles/yao_he002.dir/Src/medicine_manager.c.obj
 .bss.current_hour_local
                0x20003b16        0x1 C:/Users/csr/Documents/yao_he002/build/CMakeFiles/yao_he002.dir/Src/medicine_manager.c.obj
 .bss.current_minute_local
                0x20003b17        0x1 C:/Users/csr/Documents/yao_he002/build/CMakeFiles/yao_he002.dir/Src/medicine_manager.c.obj
 .bss.current_second_local
                0x20003b18        0x1 C:/Users/csr/Documents/yao_he002/build/CMakeFiles/yao_he002.dir/Src/medicine_manager.c.obj
 *fill*         0x20003b19        0x3 
 .bss.reminded_flag
                0x20003b1c        0xa C:/Users/csr/Documents/yao_he002/build/CMakeFiles/yao_he002.dir/Src/medicine_manager.c.obj
 *fill*         0x20003b26        0x2 
 .bss.hi2c3     0x20003b28       0x54 C:/Users/csr/Documents/yao_he002/yao_he002_i2c_fix.obj
                0x20003b28                hi2c3
 .bss.__sf      0x20003b7c      0x138 F:/arm/bin/../lib/gcc/arm-none-eabi/15.2.1/../../../../arm-none-eabi/lib/thumb/v7e-m+fp/hard\libg_nano.a(libc_a-findfp.o)
                0x20003b7c                __sf
 .bss.errno     0x20003cb4        0x4 F:/arm/bin/../lib/gcc/arm-none-eabi/15.2.1/../../../../arm-none-eabi/lib/thumb/v7e-m+fp/hard\libg_nano.a(libc_a-reent.o)
                0x20003cb4                errno
 .bss.__lock___malloc_recursive_mutex
                0x20003cb8        0x1 F:/arm/bin/../lib/gcc/arm-none-eabi/15.2.1/../../../../arm-none-eabi/lib/thumb/v7e-m+fp/hard\libg_nano.a(libc_a-lock.o)
                0x20003cb8                __lock___malloc_recursive_mutex
 *fill*         0x20003cb9        0x3 
 .bss.__malloc_sbrk_start
                0x20003cbc        0x4 F:/arm/bin/../lib/gcc/arm-none-eabi/15.2.1/../../../../arm-none-eabi/lib/thumb/v7e-m+fp/hard\libg_nano.a(libc_a-mallocr.o)
                0x20003cbc                __malloc_sbrk_start
 .bss.__malloc_free_list
                0x20003cc0        0x4 F:/arm/bin/../lib/gcc/arm-none-eabi/15.2.1/../../../../arm-none-eabi/lib/thumb/v7e-m+fp/hard\libg_nano.a(libc_a-mallocr.o)
                0x20003cc0                __malloc_free_list
 *(COMMON)
                0x20003cc4                        . = ALIGN (0x4)
                0x20003cc4                        _ebss = .
                0x20003cc4                        __bss_end__ = _ebss
                [!provide]                        PROVIDE (__bss_end = .)
                [!provide]                        PROVIDE (__non_tls_bss_start = ADDR (.bss))
                [!provide]                        PROVIDE (__bss_start = __tbss_start)
                [!provide]                        PROVIDE (__bss_size = (__bss_end - __bss_start))

._user_heap_stack
                0x20003cc4      0x604 load address 0x0800a1c0
                0x20003cc8                        . = ALIGN (0x8)
 *fill*         0x20003cc4        0x4 
                [!provide]                        PROVIDE (end = .)
                0x20003cc8                        PROVIDE (_end = .)
                0x20003ec8                        . = (. + _Min_Heap_Size)
 *fill*         0x20003cc8      0x200 
                0x200042c8                        . = (. + _Min_Stack_Size)
 *fill*         0x20003ec8      0x400 
                0x200042c8                        . = ALIGN (0x8)

/DISCARD/
 libc.a:*(*)
 libm.a:*(*)
 libgcc.a:*(*)
OUTPUT(C:/Users/csr/Documents/yao_he002/yao_he002_i2c_fix.elf elf32-littlearm)
LOAD linker stubs

.ARM.attributes
                0x00000000       0x30
 .ARM.attributes
                0x00000000       0x22 F:/arm/bin/../lib/gcc/arm-none-eabi/15.2.1/thumb/v7e-m+fp/hard/crti.o
 .ARM.attributes
                0x00000022       0x34 F:/arm/bin/../lib/gcc/arm-none-eabi/15.2.1/thumb/v7e-m+fp/hard/crtbegin.o
 .ARM.attributes
                0x00000056       0x34 C:/Users/csr/Documents/yao_he002/build/cmake/stm32cubemx/CMakeFiles/STM32_Drivers.dir/__/__/Src/system_stm32g4xx.c.obj
 .ARM.attributes
                0x0000008a       0x34 C:/Users/csr/Documents/yao_he002/build/cmake/stm32cubemx/CMakeFiles/STM32_Drivers.dir/__/__/Drivers/STM32G4xx_HAL_Driver/Src/stm32g4xx_hal.c.obj
 .ARM.attributes
                0x000000be       0x34 C:/Users/csr/Documents/yao_he002/build/cmake/stm32cubemx/CMakeFiles/STM32_Drivers.dir/__/__/Drivers/STM32G4xx_HAL_Driver/Src/stm32g4xx_hal_rcc.c.obj
 .ARM.attributes
                0x000000f2       0x34 C:/Users/csr/Documents/yao_he002/build/cmake/stm32cubemx/CMakeFiles/STM32_Drivers.dir/__/__/Drivers/STM32G4xx_HAL_Driver/Src/stm32g4xx_hal_rcc_ex.c.obj
 .ARM.attributes
                0x00000126       0x34 C:/Users/csr/Documents/yao_he002/build/cmake/stm32cubemx/CMakeFiles/STM32_Drivers.dir/__/__/Drivers/STM32G4xx_HAL_Driver/Src/stm32g4xx_hal_gpio.c.obj
 .ARM.attributes
                0x0000015a       0x34 C:/Users/csr/Documents/yao_he002/build/cmake/stm32cubemx/CMakeFiles/STM32_Drivers.dir/__/__/Drivers/STM32G4xx_HAL_Driver/Src/stm32g4xx_hal_dma.c.obj
 .ARM.attributes
                0x0000018e       0x34 C:/Users/csr/Documents/yao_he002/build/cmake/stm32cubemx/CMakeFiles/STM32_Drivers.dir/__/__/Drivers/STM32G4xx_HAL_Driver/Src/stm32g4xx_hal_pwr_ex.c.obj
 .ARM.attributes
                0x000001c2       0x34 C:/Users/csr/Documents/yao_he002/build/cmake/stm32cubemx/CMakeFiles/STM32_Drivers.dir/__/__/Drivers/STM32G4xx_HAL_Driver/Src/stm32g4xx_hal_cortex.c.obj
 .ARM.attributes
                0x000001f6       0x34 C:/Users/csr/Documents/yao_he002/build/cmake/stm32cubemx/CMakeFiles/STM32_Drivers.dir/__/__/Drivers/STM32G4xx_HAL_Driver/Src/stm32g4xx_hal_uart.c.obj