C:/Users/csr/Documents/yao_he002/Src/soft_i2c_ds3231.c:11:13:SoftI2C_Delay	16	static
C:/Users/csr/Documents/yao_he002/Src/soft_i2c_ds3231.c:19:13:SDA_Write	16	static
C:/Users/csr/Documents/yao_he002/Src/soft_i2c_ds3231.c:24:22:SDA_Read	8	static
C:/Users/csr/Documents/yao_he002/Src/soft_i2c_ds3231.c:29:13:SCL_Write	16	static
C:/Users/csr/Documents/yao_he002/Src/soft_i2c_ds3231.c:35:6:SoftI2C_Init	32	static
C:/Users/csr/Documents/yao_he002/Src/soft_i2c_ds3231.c:61:6:SoftI2C_Start	8	static
C:/Users/csr/Documents/yao_he002/Src/soft_i2c_ds3231.c:72:6:SoftI2C_Stop	8	static
C:/Users/csr/Documents/yao_he002/Src/soft_i2c_ds3231.c:82:9:SoftI2C_WaitAck	16	static
C:/Users/csr/Documents/yao_he002/Src/soft_i2c_ds3231.c:96:6:SoftI2C_SendAck	8	static
C:/Users/csr/Documents/yao_he002/Src/soft_i2c_ds3231.c:107:6:SoftI2C_SendNack	8	static
C:/Users/csr/Documents/yao_he002/Src/soft_i2c_ds3231.c:117:6:SoftI2C_WriteByte	24	static
C:/Users/csr/Documents/yao_he002/Src/soft_i2c_ds3231.c:130:9:SoftI2C_ReadByte	24	static
C:/Users/csr/Documents/yao_he002/Src/soft_i2c_ds3231.c:156:16:BcdToDec	16	static
C:/Users/csr/Documents/yao_he002/Src/soft_i2c_ds3231.c:161:16:DecToBcd	16	static
C:/Users/csr/Documents/yao_he002/Src/soft_i2c_ds3231.c:170:16:DS3231_ReadRegister	16	static
C:/Users/csr/Documents/yao_he002/Src/soft_i2c_ds3231.c:191:16:DS3231_WriteRegister	16	static
C:/Users/csr/Documents/yao_he002/Src/soft_i2c_ds3231.c:208:16:DS3231_TimeIsValid	16	static
C:/Users/csr/Documents/yao_he002/Src/soft_i2c_ds3231.c:230:9:DS3231_ReadTime	32	static
C:/Users/csr/Documents/yao_he002/Src/soft_i2c_ds3231.c:272:9:DS3231_SetTime	16	static
C:/Users/csr/Documents/yao_he002/Src/soft_i2c_ds3231.c:308:9:DS3231_SetAlarm1	24	static
C:/Users/csr/Documents/yao_he002/Src/soft_i2c_ds3231.c:380:9:DS3231_ClearAlarmFlag	16	static
C:/Users/csr/Documents/yao_he002/Src/soft_i2c_ds3231.c:399:9:DS3231_SetAgingOffset	16	static
C:/Users/csr/Documents/yao_he002/Src/soft_i2c_ds3231.c:421:9:DS3231_CheckOSF	16	static
C:/Users/csr/Documents/yao_he002/Src/soft_i2c_ds3231.c:435:9:DS3231_Init	16	static
