C:/Users/csr/Documents/yao_he002/Src/stm32g4xx_it.c:54:6:NMI_Handler	4	static
C:/Users/csr/Documents/yao_he002/Src/stm32g4xx_it.c:59:6:HardFault_Handler	4	static
C:/Users/csr/Documents/yao_he002/Src/stm32g4xx_it.c:64:6:MemManage_Handler	4	static
C:/Users/csr/Documents/yao_he002/Src/stm32g4xx_it.c:69:6:BusFault_Handler	4	static
C:/Users/csr/Documents/yao_he002/Src/stm32g4xx_it.c:74:6:UsageFault_Handler	4	static
C:/Users/csr/Documents/yao_he002/Src/stm32g4xx_it.c:79:6:DebugMon_Handler	4	static
C:/Users/csr/Documents/yao_he002/Src/stm32g4xx_it.c:86:6:SysTick_Handler	8	static
C:/Users/csr/Documents/yao_he002/Src/stm32g4xx_it.c:108:6:USART1_IRQHandler	8	static
C:/Users/csr/Documents/yao_he002/Src/stm32g4xx_it.c:116:6:USART2_IRQHandler	8	static
C:/Users/csr/Documents/yao_he002/Src/stm32g4xx_it.c:124:6:EXTI3_IRQHandler	8	static
C:/Users/csr/Documents/yao_he002/Src/stm32g4xx_it.c:133:6:EXTI9_5_IRQHandler	8	static
C:/Users/csr/Documents/yao_he002/Src/stm32g4xx_it.c:141:6:I2C3_EV_IRQHandler	4	static
C:/Users/csr/Documents/yao_he002/Src/stm32g4xx_it.c:148:6:I2C3_ER_IRQHandler	4	static
