<html>
<body>
<pre>
<h1>礦ision Build Log</h1>
<h2>Project:</h2>
E:\完成设计的产品\(MCUDEV)-STM32开发板系列\(MCUDEV)STM32_F4XX\STM32_F407ZET6最小系统--客户资料-1510\1，STM32F4xx标准例程\实验47 DSP测试实验\实验47_1 DSP BasicMath测试\USER\DSP_BASCIMATH.uvproj
Project File Date:  10/18/2014

<h2>Output:</h2>
Build target 'DSP_BASICMATH'
compiling main.c...
compiling stm32f4xx_it.c...
compiling system_stm32f4xx.c...
compiling led.c...
compiling lcd.c...
compiling key.c...
compiling timer.c...
compiling delay.c...
compiling sys.c...
compiling usart.c...
assembling startup_stm32f40_41xxx.s...
compiling misc.c...
compiling stm32f4xx_gpio.c...
compiling stm32f4xx_fsmc.c...
compiling stm32f4xx_rcc.c...
compiling stm32f4xx_syscfg.c...
compiling stm32f4xx_usart.c...
compiling stm32f4xx_tim.c...
linking...
Program Size: Code=35992 RO-data=8876 RW-data=60 ZI-data=1852  
FromELF: creating hex file...
"..\OBJ\DSP_BASICMATH.axf" - 0 Errors, 0 Warning(s).
Build target 'DSP_BASICMATH'
linking...
Program Size: Code=35992 RO-data=8876 RW-data=60 ZI-data=1852  
FromELF: creating hex file...
"..\OBJ\DSP_BASICMATH.axf" - 0 Errors, 0 Warning(s).
Build target 'DSP_BASICMATH'
compiling main.c...
compiling led.c...
compiling lcd.c...
compiling key.c...
compiling timer.c...
compiling delay.c...
compiling sys.c...
compiling usart.c...
linking...
Program Size: Code=35992 RO-data=8876 RW-data=60 ZI-data=1852  
FromELF: creating hex file...
"..\OBJ\DSP_BASICMATH.axf" - 0 Errors, 0 Warning(s).
Load "..\\OBJ\\DSP_BASICMATH.axf" 
Erase Done.
Programming Done.
Verify OK.
