<html>
<body>
<pre>
<h1>礦ision Build Log</h1>
<h2>Project:</h2>
E:\完成设计的产品\(MCUDEV)-STM32开发板系列\(MCUDEV)STM32_F4XX\STM32_F407ZET6最小系统--客户资料-1510\1，STM32F4xx标准例程\实验51 USB读卡器(Slave)实验\USER\USB_CardReader_SLAVE.uvproj
Project File Date:  10/24/2015

<h2>Output:</h2>
Build target 'USB_CardReader_SLAVE'
compiling main.c...
linking...
Program Size: Code=52586 RO-data=6670 RW-data=388 ZI-data=1129852  
FromELF: creating hex file...
"..\OBJ\USB_CardReader_SLAVE.axf" - 0 Errors, 0 Warning(s).
Load "..\\OBJ\\USB_CardReader_SLAVE.axf" 
Erase Done.
Programming Done.
Verify OK.
Application running ...
Build target 'USB_CardReader_SLAVE'
compiling w25qxx.c...
linking...
Program Size: Code=52586 RO-data=6670 RW-data=388 ZI-data=1129852  
FromELF: creating hex file...
"..\OBJ\USB_CardReader_SLAVE.axf" - 0 Errors, 0 Warning(s).
Build target 'USB_CardReader_SLAVE'
linking...
Program Size: Code=52586 RO-data=6670 RW-data=388 ZI-data=1129852  
FromELF: creating hex file...
"..\OBJ\USB_CardReader_SLAVE.axf" - 0 Errors, 0 Warning(s).
Load "..\\OBJ\\USB_CardReader_SLAVE.axf" 
Erase Done.
Programming Done.
Verify OK.
Application running ...
Build target 'USB_CardReader_SLAVE'
linking...
Program Size: Code=52586 RO-data=6670 RW-data=388 ZI-data=1129852  
FromELF: creating hex file...
"..\OBJ\USB_CardReader_SLAVE.axf" - 0 Errors, 0 Warning(s).
Build target 'USB_CardReader_SLAVE'
linking...
Program Size: Code=52586 RO-data=6670 RW-data=388 ZI-data=1129852  
FromELF: creating hex file...
"..\OBJ\USB_CardReader_SLAVE.axf" - 0 Errors, 0 Warning(s).
