<html>
<body>
<pre>
<h1>礦ision Build Log</h1>
<h2>Project:</h2>
E:\完成设计的产品\(MCUDEV)-STM32开发板系列\(MCUDEV)STM32_F4XX\STM32_F407ZET6最小系统--客户资料-1510\1，STM32F4xx标准例程\实验46 FPU测试(Julia分形)实验\实验46_1 FPU测试(Julia分形)实验_开启硬件FPU\USER\FPU_TEST.uvproj
Project File Date:  10/18/2014

<h2>Output:</h2>
Build target 'FPU_TEST'
compiling main.c...
compiling stm32f4xx_it.c...
compiling system_stm32f4xx.c...
compiling led.c...
compiling lcd.c...
compiling key.c...
compiling timer.c...
compiling delay.c...
compiling sys.c...
compiling usart.c...
assembling startup_stm32f40_41xxx.s...
compiling misc.c...
compiling stm32f4xx_gpio.c...
compiling stm32f4xx_fsmc.c...
compiling stm32f4xx_rcc.c...
compiling stm32f4xx_syscfg.c...
compiling stm32f4xx_usart.c...
compiling stm32f4xx_tim.c...
linking...
Program Size: Code=34736 RO-data=6820 RW-data=60 ZI-data=2108  
FromELF: creating hex file...
"..\OBJ\FPU_TEST.axf" - 0 Errors, 0 Warning(s).
Build target 'FPU_TEST'
compiling main.c...
compiling led.c...
compiling lcd.c...
compiling key.c...
compiling timer.c...
linking...
Program Size: Code=34736 RO-data=6820 RW-data=60 ZI-data=2108  
FromELF: creating hex file...
"..\OBJ\FPU_TEST.axf" - 0 Errors, 0 Warning(s).
Build target 'FPU_TEST'
linking...
Program Size: Code=34736 RO-data=6820 RW-data=60 ZI-data=2108  
FromELF: creating hex file...
"..\OBJ\FPU_TEST.axf" - 0 Errors, 0 Warning(s).
Build target 'FPU_TEST'
compiling main.c...
compiling led.c...
compiling lcd.c...
compiling key.c...
compiling timer.c...
compiling delay.c...
compiling sys.c...
compiling usart.c...
linking...
Program Size: Code=34736 RO-data=6820 RW-data=60 ZI-data=2108  
FromELF: creating hex file...
"..\OBJ\FPU_TEST.axf" - 0 Errors, 0 Warning(s).
Build target 'FPU_TEST'
linking...
Program Size: Code=34736 RO-data=6820 RW-data=60 ZI-data=2108  
FromELF: creating hex file...
"..\OBJ\FPU_TEST.axf" - 0 Errors, 0 Warning(s).
Build target 'FPU_TEST'
linking...
Program Size: Code=34736 RO-data=6820 RW-data=60 ZI-data=2108  
FromELF: creating hex file...
"..\OBJ\FPU_TEST.axf" - 0 Errors, 0 Warning(s).
Load "..\\OBJ\\FPU_TEST.axf" 
Erase Done.
Programming Done.
Verify OK.
