<html>
<body>
<pre>
<h1>礦ision Build Log</h1>
<h2>Project:</h2>
E:\完成设计的产品\(MCUDEV)-STM32开发板系列\(MCUDEV)STM32_F4XX\STM32_F407ZET6最小系统--客户资料-1510\1，STM32F4xx标准例程\实验45 视频播放器实验\USER\VIDEOPLAYER.uvproj
Project File Date:  10/18/2014

<h2>Output:</h2>
Build target 'VIDEOPLAYER'
compiling main.c...
compiling stm32f4xx_it.c...
compiling system_stm32f4xx.c...
compiling led.c...
compiling lcd.c...
compiling key.c...
compiling spi.c...
compiling w25qxx.c...
compiling sdio_sdcard.c...
..\HARDWARE\SDIO\sdio_sdcard.c(1336): warning: C4017W: status may be used before being set
..\HARDWARE\SDIO\sdio_sdcard.c(1268): warning: C4017W: status may be used before being set
compiling myiic.c...
compiling 24cxx.c...
compiling i2s.c...
compiling wm8978.c...
compiling timer.c...
compiling delay.c...
compiling sys.c...
compiling usart.c...
assembling startup_stm32f40_41xxx.s...
compiling misc.c...
compiling stm32f4xx_gpio.c...
compiling stm32f4xx_fsmc.c...
compiling stm32f4xx_rcc.c...
compiling stm32f4xx_usart.c...
compiling stm32f4xx_tim.c...
compiling stm32f4xx_syscfg.c...
compiling stm32f4xx_spi.c...
compiling stm32f4xx_sdio.c...
compiling stm32f4xx_dma.c...
compiling malloc.c...
compiling usmart.c...
..\USMART\usmart.c(308): warning: C4017W: res may be used before being set
compiling usmart_config.c...
compiling usmart_str.c...
compiling diskio.c...
compiling ff.c...
compiling exfuns.c...
compiling fattester.c...
compiling mycc936.c...
compiling fontupd.c...
compiling text.c...
compiling wavplay.c...
compiling audioplay.c...
compiling videoplayer.c...
..\APP\videoplayer.c(234): warning: C4017W: i2ssavebuf may be used before being set
compiling avi.c...
compiling mjpeg.c...
..\MJPEG\mjpeg.c(173): warning: C4017W: buffer may be used before being set
compiling jaricom.c...
compiling jcomapi.c...
compiling jutils.c...
compiling jerror.c...
compiling jmemmgr.c...
compiling jdapimin.c...
compiling jdapistd.c...
compiling jdarith.c...
compiling jdmaster.c...
compiling jdinput.c...
compiling jdmarker.c...
compiling jdhuff.c...
compiling jdmainct.c...
compiling jdcoefct.c...
compiling jdpostct.c...
compiling jddctmgr.c...
compiling jidctfst.c...
compiling jidctflt.c...
compiling jidctint.c...
compiling jdsample.c...
compiling jdcolor.c...
compiling jquant2.c...
compiling jquant1.c...
compiling jdmerge.c...
compiling jmemnobs.c...
compiling wrppm.c...
linking...
Program Size: Code=121760 RO-data=17128 RW-data=680 ZI-data=1225840  
FromELF: creating hex file...
"..\OBJ\VIDEOPLAYER.axf" - 0 Errors, 5 Warning(s).
Build target 'VIDEOPLAYER'
linking...
Program Size: Code=121760 RO-data=17128 RW-data=680 ZI-data=1225840  
FromELF: creating hex file...
"..\OBJ\VIDEOPLAYER.axf" - 0 Errors, 0 Warning(s).
Build target 'VIDEOPLAYER'
compiling main.c...
compiling myiic.c...
compiling 24cxx.c...
compiling i2s.c...
compiling wm8978.c...
compiling timer.c...
compiling malloc.c...
compiling usmart.c...
..\USMART\usmart.c(254): warning: C4017W: res may be used before being set
compiling usmart_config.c...
compiling usmart_str.c...
compiling diskio.c...
compiling exfuns.c...
compiling fattester.c...
compiling mycc936.c...
compiling fontupd.c...
compiling text.c...
compiling wavplay.c...
compiling audioplay.c...
compiling videoplayer.c...
..\APP\videoplayer.c(228): warning: C4017W: i2ssavebuf may be used before being set
compiling avi.c...
compiling mjpeg.c...
..\MJPEG\mjpeg.c(167): warning: C4017W: buffer may be used before being set
compiling jmemnobs.c...
linking...
Program Size: Code=121760 RO-data=17128 RW-data=680 ZI-data=1225840  
FromELF: creating hex file...
"..\OBJ\VIDEOPLAYER.axf" - 0 Errors, 3 Warning(s).
Build target 'VIDEOPLAYER'
compiling main.c...
compiling usmart.c...
..\USMART\usmart.c(253): warning: C4017W: res may be used before being set
compiling text.c...
compiling audioplay.c...
compiling videoplayer.c...
..\APP\videoplayer.c(228): warning: C4017W: i2ssavebuf may be used before being set
linking...
Program Size: Code=121720 RO-data=17128 RW-data=680 ZI-data=1225840  
FromELF: creating hex file...
"..\OBJ\VIDEOPLAYER.axf" - 0 Errors, 2 Warning(s).
Build target 'VIDEOPLAYER'
compiling main.c...
linking...
Program Size: Code=121720 RO-data=17128 RW-data=680 ZI-data=1225840  
FromELF: creating hex file...
"..\OBJ\VIDEOPLAYER.axf" - 0 Errors, 0 Warning(s).
Load "..\\OBJ\\VIDEOPLAYER.axf" 
Erase Done.
Programming Done.
Verify OK.
Load "..\\OBJ\\VIDEOPLAYER.axf" 
Erase Done.
Programming Done.
Verify OK.
Build target 'VIDEOPLAYER'
linking...
Program Size: Code=121720 RO-data=17128 RW-data=680 ZI-data=1225840  
FromELF: creating hex file...
"..\OBJ\VIDEOPLAYER.axf" - 0 Errors, 0 Warning(s).
Load "..\\OBJ\\VIDEOPLAYER.axf" 
Erase Done.
Programming Done.
Verify OK.
