C:/Users/csr/Documents/yao_he002/Src/esp01_wifi.c:71:6:MX_ESP01_UART_Init	8	static
C:/Users/csr/Documents/yao_he002/Src/esp01_wifi.c:94:6:HAL_UART_MspInit_ESP01	48	static
C:/Users/csr/Documents/yao_he002/Src/esp01_wifi.c:120:13:Esp01_SendCmd	16	static
C:/Users/csr/Documents/yao_he002/Src/esp01_wifi.c:138:12:Esp01_WaitResponse	24	static
C:/Users/csr/Documents/yao_he002/Src/esp01_wifi.c:168:12:Esp01_ConnectWiFi	280	static
C:/Users/csr/Documents/yao_he002/Src/esp01_wifi.c:213:12:Esp01_HttpPost	816	static
C:/Users/csr/Documents/yao_he002/Src/esp01_wifi.c:298:6:vEsp01Task	224	static
C:/Users/csr/Documents/yao_he002/Src/esp01_wifi.c:394:6:Esp01_RxCallback	32	static
