C:/Users/csr/Documents/yao_he002/Src/stm32f4xx_it.c:62:6:NMI_Handler	4	static
C:/Users/csr/Documents/yao_he002/Src/stm32f4xx_it.c:67:6:HardFault_Handler	4	static
C:/Users/csr/Documents/yao_he002/Src/stm32f4xx_it.c:72:6:MemManage_Handler	4	static
C:/Users/csr/Documents/yao_he002/Src/stm32f4xx_it.c:77:6:BusFault_Handler	4	static
C:/Users/csr/Documents/yao_he002/Src/stm32f4xx_it.c:82:6:UsageFault_Handler	4	static
C:/Users/csr/Documents/yao_he002/Src/stm32f4xx_it.c:89:6:DebugMon_Handler	4	static
C:/Users/csr/Documents/yao_he002/Src/stm32f4xx_it.c:96:6:SysTick_Handler	8	static
C:/Users/csr/Documents/yao_he002/Src/stm32f4xx_it.c:118:6:USART1_IRQHandler	8	static
C:/Users/csr/Documents/yao_he002/Src/stm32f4xx_it.c:126:6:USART2_IRQHandler	8	static
C:/Users/csr/Documents/yao_he002/Src/stm32f4xx_it.c:134:6:EXTI3_IRQHandler	8	static
C:/Users/csr/Documents/yao_he002/Src/stm32f4xx_it.c:143:6:EXTI15_10_IRQHandler	8	static
C:/Users/csr/Documents/yao_he002/Src/stm32f4xx_it.c:151:6:USART3_IRQHandler	8	static
C:/Users/csr/Documents/yao_he002/Src/stm32f4xx_it.c:159:6:USART6_IRQHandler	8	static
