C:/Users/csr/Documents/yao_he002/Src/usart.c:43:19:UART1_Tx_Safe	24	static
C:/Users/csr/Documents/yao_he002/Src/usart.c:61:6:MX_USART1_UART_Init	8	static
C:/Users/csr/Documents/yao_he002/Src/usart.c:93:6:MX_USART2_UART_Init	8	static
C:/Users/csr/Documents/yao_he002/Src/usart.c:124:6:HAL_UART_MspInit	72	static
C:/Users/csr/Documents/yao_he002/Src/usart.c:220:6:HAL_UART_MspDeInit	16	static
C:/Users/csr/Documents/yao_he002/Src/usart.c:278:6:HAL_UART_RxCpltCallback	24	static
C:/Users/csr/Documents/yao_he002/Src/usart.c:320:6:HAL_UART_TxCpltCallback	16	static
C:/Users/csr/Documents/yao_he002/Src/usart.c:329:6:HAL_UART_ErrorCallback	16	static
C:/Users/csr/Documents/yao_he002/Src/usart.c:351:6:LU6288_SendString	16	static
C:/Users/csr/Documents/yao_he002/Src/usart.c:356:6:LU6288_SendVoice	16	static
