<html>
<body>
<pre>
<h1>礦ision Build Log</h1>
<h2>Project:</h2>
E:\完成设计的产品\(MCUDEV)-STM32开发板系列\(MCUDEV)STM32_F4XX\STM32_F407ZET6最小系统--客户资料-1510\1，STM32F4xx标准例程\实验33 NRF24L01无线通信实验\USER\NRF24L01.uvproj
Project File Date:  10/05/2014

<h2>Output:</h2>
Build target 'NRF24L01'
compiling main.c...
compiling stm32f4xx_it.c...
compiling system_stm32f4xx.c...
compiling led.c...
compiling lcd.c...
compiling key.c...
compiling spi.c...
compiling 24l01.c...
compiling delay.c...
compiling sys.c...
compiling usart.c...
assembling startup_stm32f40_41xxx.s...
compiling misc.c...
compiling stm32f4xx_gpio.c...
compiling stm32f4xx_fsmc.c...
compiling stm32f4xx_rcc.c...
compiling stm32f4xx_spi.c...
compiling stm32f4xx_syscfg.c...
compiling stm32f4xx_usart.c...
linking...
Program Size: Code=29102 RO-data=6582 RW-data=56 ZI-data=1848  
FromELF: creating hex file...
"..\OBJ\NRF24L01.axf" - 0 Errors, 0 Warning(s).
Build target 'NRF24L01'
linking...
Program Size: Code=29102 RO-data=6582 RW-data=56 ZI-data=1848  
FromELF: creating hex file...
"..\OBJ\NRF24L01.axf" - 0 Errors, 0 Warning(s).
Build target 'NRF24L01'
compiling main.c...
linking...
Program Size: Code=29102 RO-data=6582 RW-data=56 ZI-data=1848  
FromELF: creating hex file...
"..\OBJ\NRF24L01.axf" - 0 Errors, 0 Warning(s).
Build target 'NRF24L01'
compiling main.c...
compiling 24l01.c...
linking...
Program Size: Code=29102 RO-data=6582 RW-data=56 ZI-data=1848  
FromELF: creating hex file...
"..\OBJ\NRF24L01.axf" - 0 Errors, 0 Warning(s).
Build target 'NRF24L01'
linking...
Program Size: Code=29102 RO-data=6582 RW-data=56 ZI-data=1848  
FromELF: creating hex file...
"..\OBJ\NRF24L01.axf" - 0 Errors, 0 Warning(s).
Load "..\\OBJ\\NRF24L01.axf" 
Erase Done.
Programming Done.
Verify OK.
Build target 'NRF24L01'
compiling main.c...
linking...
Program Size: Code=29102 RO-data=6582 RW-data=56 ZI-data=1848  
FromELF: creating hex file...
"..\OBJ\NRF24L01.axf" - 0 Errors, 0 Warning(s).
Load "..\\OBJ\\NRF24L01.axf" 
Erase Done.
Programming Done.
Verify OK.
