<html>
<body>
<pre>
<h1>礦ision Build Log</h1>
<h2>Project:</h2>
E:\完成设计的产品\(MCUDEV)-STM32开发板系列\(MCUDEV)STM32_F4XX\STM32_F407ZET6最小系统--客户资料-1510\1，STM32F4xx标准例程\实验40 汉字显示实验\USER\HZ.uvproj
Project File Date:  09/23/2014

<h2>Output:</h2>
Build target 'HZ'
compiling main.c...
compiling stm32f4xx_it.c...
compiling system_stm32f4xx.c...
compiling led.c...
compiling lcd.c...
compiling key.c...
compiling spi.c...
compiling w25qxx.c...
compiling sdio_sdcard.c...
compiling delay.c...
compiling sys.c...
compiling usart.c...
assembling startup_stm32f40_41xxx.s...
compiling misc.c...
compiling stm32f4xx_gpio.c...
compiling stm32f4xx_fsmc.c...
compiling stm32f4xx_rcc.c...
compiling stm32f4xx_usart.c...
compiling stm32f4xx_tim.c...
compiling stm32f4xx_syscfg.c...
compiling stm32f4xx_spi.c...
compiling stm32f4xx_sdio.c...
compiling stm32f4xx_dma.c...
compiling malloc.c...
compiling usmart.c...
compiling usmart_config.c...
compiling usmart_str.c...
compiling diskio.c...
compiling ff.c...
compiling exfuns.c...
compiling fattester.c...
compiling mycc936.c...
compiling fontupd.c...
compiling text.c...
linking...
Program Size: Code=66188 RO-data=8536 RW-data=952 ZI-data=1225328  
FromELF: creating hex file...
"..\OBJ\HZ.axf" - 0 Errors, 0 Warning(s).
Build target 'HZ'
compiling main.c...
linking...
Program Size: Code=66188 RO-data=8536 RW-data=952 ZI-data=1225328  
FromELF: creating hex file...
"..\OBJ\HZ.axf" - 0 Errors, 0 Warning(s).
Build target 'HZ'
linking...
Program Size: Code=66188 RO-data=8536 RW-data=952 ZI-data=1225328  
FromELF: creating hex file...
"..\OBJ\HZ.axf" - 0 Errors, 0 Warning(s).
Build target 'HZ'
compiling main.c...
compiling usmart.c...
compiling usmart_config.c...
compiling usmart_str.c...
compiling fattester.c...
linking...
Program Size: Code=66188 RO-data=8536 RW-data=952 ZI-data=1225328  
FromELF: creating hex file...
"..\OBJ\HZ.axf" - 0 Errors, 0 Warning(s).
Build target 'HZ'
compiling main.c...
compiling malloc.c...
compiling usmart_config.c...
compiling diskio.c...
compiling exfuns.c...
compiling fattester.c...
compiling mycc936.c...
compiling fontupd.c...
linking...
Program Size: Code=66188 RO-data=8536 RW-data=952 ZI-data=1225328  
FromELF: creating hex file...
"..\OBJ\HZ.axf" - 0 Errors, 0 Warning(s).
Build target 'HZ'
compiling main.c...
compiling usmart.c...
compiling mycc936.c...
compiling fontupd.c...
compiling text.c...
linking...
Program Size: Code=66148 RO-data=8536 RW-data=952 ZI-data=1225328  
FromELF: creating hex file...
"..\OBJ\HZ.axf" - 0 Errors, 0 Warning(s).
Build target 'HZ'
linking...
Program Size: Code=66148 RO-data=8536 RW-data=952 ZI-data=1225328  
FromELF: creating hex file...
"..\OBJ\HZ.axf" - 0 Errors, 0 Warning(s).
Build target 'HZ'
linking...
Program Size: Code=66148 RO-data=8536 RW-data=952 ZI-data=1225328  
FromELF: creating hex file...
"..\OBJ\HZ.axf" - 0 Errors, 0 Warning(s).
Load "..\\OBJ\\HZ.axf" 
Erase Done.
Programming Done.
Verify OK.
Build target 'HZ'
compiling main.c...
linking...
Program Size: Code=66144 RO-data=8536 RW-data=952 ZI-data=1225328  
FromELF: creating hex file...
"..\OBJ\HZ.axf" - 0 Errors, 0 Warning(s).
Load "..\\OBJ\\HZ.axf" 
Erase Done.
Programming Done.
Verify OK.
Build target 'HZ'
compiling main.c...
linking...
Program Size: Code=66144 RO-data=8536 RW-data=952 ZI-data=1225328  
FromELF: creating hex file...
"..\OBJ\HZ.axf" - 0 Errors, 0 Warning(s).
Build target 'HZ'
compiling w25qxx.c...
linking...
Program Size: Code=66144 RO-data=8536 RW-data=952 ZI-data=1225328  
FromELF: creating hex file...
"..\OBJ\HZ.axf" - 0 Errors, 0 Warning(s).
Load "..\\OBJ\\HZ.axf" 
Erase Done.
Programming Done.
Verify OK.
Build target 'HZ'
compiling fontupd.c...
linking...
Program Size: Code=66028 RO-data=8536 RW-data=952 ZI-data=1225328  
FromELF: creating hex file...
"..\OBJ\HZ.axf" - 0 Errors, 0 Warning(s).
Build target 'HZ'
linking...
Program Size: Code=66028 RO-data=8536 RW-data=952 ZI-data=1225328  
FromELF: creating hex file...
"..\OBJ\HZ.axf" - 0 Errors, 0 Warning(s).
Build target 'HZ'
compiling main.c...
linking...
Program Size: Code=65884 RO-data=8536 RW-data=952 ZI-data=1225328  
FromELF: creating hex file...
"..\OBJ\HZ.axf" - 0 Errors, 0 Warning(s).
Load "..\\OBJ\\HZ.axf" 
Erase Done.
Programming Done.
Verify OK.
Build target 'HZ'
compiling main.c...
linking...
Program Size: Code=66028 RO-data=8536 RW-data=952 ZI-data=1225328  
FromELF: creating hex file...
"..\OBJ\HZ.axf" - 0 Errors, 0 Warning(s).
Build target 'HZ'
linking...
Program Size: Code=66028 RO-data=8536 RW-data=952 ZI-data=1225328  
FromELF: creating hex file...
"..\OBJ\HZ.axf" - 0 Errors, 0 Warning(s).
Load "..\\OBJ\\HZ.axf" 
Erase Done.
Programming Done.
Verify OK.
Build target 'HZ'
linking...
Program Size: Code=66028 RO-data=8536 RW-data=952 ZI-data=1225328  
FromELF: creating hex file...
"..\OBJ\HZ.axf" - 0 Errors, 0 Warning(s).
Load "..\\OBJ\\HZ.axf" 
Erase Done.
Programming Done.
Verify OK.
