<html>
<body>
<pre>
<h1>礦ision Build Log</h1>
<h2>Project:</h2>
E:\完成设计的产品\(MCUDEV)-STM32开发板系列\(MCUDEV)STM32_F4XX\STM32_F407ZET6最小系统--客户资料-1510\1，STM32F4xx标准例程\实验56 UCOSII实验1-1-任务调度\USER\UCOS-1.uvproj
Project File Date:  10/14/2014

<h2>Output:</h2>
Build target 'UCOS-1'
compiling main.c...
compiling stm32f4xx_it.c...
compiling system_stm32f4xx.c...
compiling led.c...
compiling delay.c...
compiling sys.c...
compiling usart.c...
assembling startup_stm32f40_41xxx.s...
compiling misc.c...
compiling stm32f4xx_gpio.c...
compiling stm32f4xx_rcc.c...
compiling stm32f4xx_syscfg.c...
compiling stm32f4xx_usart.c...
compiling os_core.c...
compiling os_flag.c...
compiling os_mbox.c...
compiling os_mem.c...
compiling os_mutex.c...
compiling os_q.c...
compiling os_sem.c...
compiling os_task.c...
compiling os_time.c...
compiling os_tmr.c...
compiling os_cpu_c.c...
assembling os_cpu_a.asm...
linking...
Program Size: Code=14262 RO-data=682 RW-data=120 ZI-data=5288  
FromELF: creating hex file...
"..\OBJ\UCOS-1.axf" - 0 Errors, 0 Warning(s).
Build target 'UCOS-1'
compiling main.c...
compiling led.c...
compiling delay.c...
compiling sys.c...
compiling usart.c...
linking...
Program Size: Code=14262 RO-data=682 RW-data=120 ZI-data=5288  
FromELF: creating hex file...
"..\OBJ\UCOS-1.axf" - 0 Errors, 0 Warning(s).
Rebuild target 'UCOS-1'
compiling main.c...
compiling stm32f4xx_it.c...
compiling system_stm32f4xx.c...
compiling led.c...
compiling delay.c...
compiling sys.c...
compiling usart.c...
assembling startup_stm32f40_41xxx.s...
compiling misc.c...
compiling stm32f4xx_gpio.c...
compiling stm32f4xx_rcc.c...
compiling stm32f4xx_syscfg.c...
compiling stm32f4xx_usart.c...
compiling os_core.c...
compiling os_flag.c...
compiling os_mbox.c...
compiling os_mem.c...
compiling os_mutex.c...
compiling os_q.c...
compiling os_sem.c...
compiling os_task.c...
compiling os_time.c...
compiling os_tmr.c...
compiling os_cpu_c.c...
assembling os_cpu_a.asm...
linking...
Program Size: Code=14262 RO-data=682 RW-data=120 ZI-data=5288  
FromELF: creating hex file...
"..\OBJ\UCOS-1.axf" - 0 Errors, 0 Warning(s).
Build target 'UCOS-1'
linking...
Program Size: Code=14262 RO-data=682 RW-data=120 ZI-data=5288  
FromELF: creating hex file...
"..\OBJ\UCOS-1.axf" - 0 Errors, 0 Warning(s).
Load "..\\OBJ\\UCOS-1.axf" 
Build target 'UCOS-1'
compiling main.c...
linking...
Program Size: Code=14262 RO-data=682 RW-data=120 ZI-data=5288  
FromELF: creating hex file...
"..\OBJ\UCOS-1.axf" - 0 Errors, 0 Warning(s).
Load "..\\OBJ\\UCOS-1.axf" 
Erase Done.
Programming Done.
Verify OK.
Build target 'UCOS-1'
linking...
Program Size: Code=14262 RO-data=682 RW-data=120 ZI-data=5288  
FromELF: creating hex file...
"..\OBJ\UCOS-1.axf" - 0 Errors, 0 Warning(s).
Load "..\\OBJ\\UCOS-1.axf" 
Erase Done.
Programming Done.
Verify OK.
