<html>
<body>
<pre>
<h1>礦ision Build Log</h1>
<h2>Project:</h2>
E:\完成设计的产品\(MCUDEV)-STM32开发板系列\(MCUDEV)STM32_F4XX\STM32_F407ZET6最小系统--客户资料-1510\1，STM32F4xx标准例程\实验22 PWM DAC实验\USER\PWM DAC.uvproj
Project File Date:  09/22/2014

<h2>Output:</h2>
Build target 'PWM DAC'
compiling main.c...
compiling stm32f4xx_it.c...
compiling system_stm32f4xx.c...
compiling led.c...
compiling key.c...
compiling lcd.c...
compiling adc.c...
compiling pwmdac.c...
compiling delay.c...
compiling sys.c...
compiling usart.c...
assembling startup_stm32f40_41xxx.s...
compiling misc.c...
compiling stm32f4xx_dbgmcu.c...
compiling stm32f4xx_gpio.c...
compiling stm32f4xx_fsmc.c...
compiling stm32f4xx_syscfg.c...
compiling stm32f4xx_tim.c...
compiling stm32f4xx_usart.c...
compiling stm32f4xx_adc.c...
compiling stm32f4xx_rcc.c...
linking...
Program Size: Code=32390 RO-data=6574 RW-data=56 ZI-data=1848  
FromELF: creating hex file...
"..\OBJ\PWM_DAC.axf" - 0 Errors, 0 Warning(s).
Build target 'PWM DAC'
compiling main.c...
linking...
Program Size: Code=32390 RO-data=6574 RW-data=56 ZI-data=1848  
FromELF: creating hex file...
"..\OBJ\PWM_DAC.axf" - 0 Errors, 0 Warning(s).
Build target 'PWM DAC'
compiling main.c...
compiling adc.c...
compiling pwmdac.c...
linking...
Program Size: Code=32390 RO-data=6574 RW-data=56 ZI-data=1848  
FromELF: creating hex file...
"..\OBJ\PWM_DAC.axf" - 0 Errors, 0 Warning(s).
Build target 'PWM DAC'
linking...
Program Size: Code=32390 RO-data=6574 RW-data=56 ZI-data=1848  
FromELF: creating hex file...
"..\OBJ\PWM_DAC.axf" - 0 Errors, 0 Warning(s).
Load "..\\OBJ\\PWM_DAC.axf" 
Build target 'PWM DAC'
linking...
Program Size: Code=32390 RO-data=6574 RW-data=56 ZI-data=1848  
FromELF: creating hex file...
"..\OBJ\PWM_DAC.axf" - 0 Errors, 0 Warning(s).
Load "..\\OBJ\\PWM_DAC.axf" 
Erase Done.
Programming Done.
Verify OK.
Build target 'PWM DAC'
linking...
Program Size: Code=32390 RO-data=6574 RW-data=56 ZI-data=1848  
FromELF: creating hex file...
"..\OBJ\PWM_DAC.axf" - 0 Errors, 0 Warning(s).
Load "..\\OBJ\\PWM_DAC.axf" 
Erase Done.
Programming Done.
Verify OK.
