C:/Users/csr/Documents/yao_he002/Src/main.c:102:5:main	80	static
C:/Users/csr/Documents/yao_he002/Src/main.c:193:6:SystemClock_Config	96	static
C:/Users/csr/Documents/yao_he002/Src/main.c:255:13:TJC_ConfirmHandler	8	static
C:/Users/csr/Documents/yao_he002/Src/main.c:269:6:StartClockTask	232	static
C:/Users/csr/Documents/yao_he002/Src/main.c:429:6:StartReminderTask	136	static
C:/Users/csr/Documents/yao_he002/Src/main.c:478:6:StartUiTask	192	static
C:/Users/csr/Documents/yao_he002/Src/main.c:548:6:StartAudioTask	104	static
C:/Users/csr/Documents/yao_he002/Src/main.c:603:6:StartInputTask	120	static
C:/Users/csr/Documents/yao_he002/Src/main.c:653:6:StartLogTask	16	static
C:/Users/csr/Documents/yao_he002/Src/main.c:675:6:Error_Handler	16	static
