C:/Users/csr/Documents/yao_he002/Src/usart.c:61:6:TJC_RegisterConfirmCallback	16	static
C:/Users/csr/Documents/yao_he002/Src/usart.c:70:13:TJC_ParseTouchData	16	static
C:/Users/csr/Documents/yao_he002/Src/usart.c:128:19:UART1_Tx_Safe	24	static
C:/Users/csr/Documents/yao_he002/Src/usart.c:147:6:MX_USART1_UART_Init	8	static
C:/Users/csr/Documents/yao_he002/Src/usart.c:194:6:MX_USART2_UART_Init	8	static
C:/Users/csr/Documents/yao_he002/Src/usart.c:241:6:MX_USART3_UART_Init	8	static
C:/Users/csr/Documents/yao_he002/Src/usart.c:287:6:HAL_UART_MspInit	128	static
C:/Users/csr/Documents/yao_he002/Src/usart.c:396:6:HAL_UART_MspDeInit	16	static
C:/Users/csr/Documents/yao_he002/Src/usart.c:462:6:HAL_UART_RxCpltCallback	16	static
C:/Users/csr/Documents/yao_he002/Src/usart.c:490:6:HAL_UART_TxCpltCallback	16	static
C:/Users/csr/Documents/yao_he002/Src/usart.c:511:6:HAL_UART_ErrorCallback	16	static
