<html>
<body>
<pre>
<h1>礦ision Build Log</h1>
<h2>Project:</h2>
E:\完成设计的产品\(MCUDEV)-STM32开发板系列\(MCUDEV)STM32_F4XX\STM32_F407ZET6最小系统--客户资料-1510\1，STM32F4xx标准例程\实验19 内部温度传感器实验\USER\ITEMP.uvproj
Project File Date:  09/22/2014

<h2>Output:</h2>
Build target 'ITEP'
compiling main.c...
compiling stm32f4xx_it.c...
compiling system_stm32f4xx.c...
compiling led.c...
compiling lcd.c...
compiling adc.c...
compiling delay.c...
compiling sys.c...
compiling usart.c...
assembling startup_stm32f40_41xxx.s...
compiling misc.c...
compiling stm32f4xx_adc.c...
compiling stm32f4xx_gpio.c...
compiling stm32f4xx_fsmc.c...
compiling stm32f4xx_rcc.c...
compiling stm32f4xx_usart.c...
compiling stm32f4xx_syscfg.c...
linking...
Program Size: Code=30024 RO-data=6572 RW-data=52 ZI-data=1852  
FromELF: creating hex file...
"..\OBJ\ITEMP.axf" - 0 Errors, 0 Warning(s).
Build target 'ITEP'
linking...
Program Size: Code=30024 RO-data=6572 RW-data=52 ZI-data=1852  
FromELF: creating hex file...
"..\OBJ\ITEMP.axf" - 0 Errors, 0 Warning(s).
Build target 'ITEP'
compiling main.c...
compiling adc.c...
linking...
Program Size: Code=30024 RO-data=6572 RW-data=52 ZI-data=1852  
FromELF: creating hex file...
"..\OBJ\ITEMP.axf" - 0 Errors, 0 Warning(s).
Load "..\\OBJ\\ITEMP.axf" 
Erase Done.
Programming Done.
Verify OK.
Build target 'ITEP'
linking...
Program Size: Code=30024 RO-data=6572 RW-data=52 ZI-data=1852  
FromELF: creating hex file...
"..\OBJ\ITEMP.axf" - 0 Errors, 0 Warning(s).
Load "..\\OBJ\\ITEMP.axf" 
Erase Done.
Programming Done.
Verify OK.
