<html>
<body>
<pre>
<h1>礦ision Build Log</h1>
<h2>Project:</h2>
E:\完成设计的产品\(MCUDEV)-STM32开发板系列\(MCUDEV)STM32_F4XX\STM32_F407ZET6最小系统--客户资料-1510\1，STM32F4xx标准例程\实验38 SD卡实验\USER\SD.uvproj
Project File Date:  09/23/2014

<h2>Output:</h2>
Build target 'SD'
compiling main.c...
compiling stm32f4xx_it.c...
compiling system_stm32f4xx.c...
compiling led.c...
compiling lcd.c...
compiling key.c...
compiling sdio_sdcard.c...
compiling delay.c...
compiling sys.c...
compiling usart.c...
assembling startup_stm32f40_41xxx.s...
compiling misc.c...
compiling stm32f4xx_fsmc.c...
compiling stm32f4xx_gpio.c...
compiling stm32f4xx_rcc.c...
compiling stm32f4xx_sdio.c...
compiling stm32f4xx_syscfg.c...
compiling stm32f4xx_usart.c...
compiling stm32f4xx_dma.c...
compiling malloc.c...
linking...
Program Size: Code=36854 RO-data=6610 RW-data=108 ZI-data=1221140  
FromELF: creating hex file...
"..\OBJ\SD.axf" - 0 Errors, 0 Warning(s).
Build target 'SD'
compiling main.c...
linking...
Program Size: Code=36854 RO-data=6610 RW-data=108 ZI-data=1221140  
FromELF: creating hex file...
"..\OBJ\SD.axf" - 0 Errors, 0 Warning(s).
Build target 'SD'
compiling main.c...
compiling malloc.c...
linking...
Program Size: Code=36854 RO-data=6610 RW-data=108 ZI-data=1221140  
FromELF: creating hex file...
"..\OBJ\SD.axf" - 0 Errors, 0 Warning(s).
Build target 'SD'
linking...
Program Size: Code=36854 RO-data=6610 RW-data=108 ZI-data=1221140  
FromELF: creating hex file...
"..\OBJ\SD.axf" - 0 Errors, 0 Warning(s).
Load "..\\OBJ\\SD.axf" 
Erase Done.
Programming Done.
Verify OK.
