<html>
<body>
<pre>
<h1>礦ision Build Log</h1>
<h2>Project:</h2>
E:\完成设计的产品\(MCUDEV)-STM32开发板系列\(MCUDEV)STM32_F4XX\STM32_F407ZET6最小系统--客户资料-1510\1，STM32F4xx标准例程\实验48 手写识别实验\USER\HandWritingRecognitio.uvproj
Project File Date:  10/14/2014

<h2>Output:</h2>
Build target 'HandWritingRecognitio'
compiling main.c...
main.c(240): warning:  #1-D: last line of file ends without a newline
compiling stm32f4xx_it.c...
compiling system_stm32f4xx.c...
compiling led.c...
compiling lcd.c...
compiling key.c...
compiling myiic.c...
compiling 24cxx.c...
compiling spi.c...
compiling w25qxx.c...
compiling sdio_sdcard.c...
compiling ctiic.c...
compiling gt9147.c...
compiling ott2001a.c...
compiling touch.c...
compiling delay.c...
compiling sys.c...
compiling usart.c...
assembling startup_stm32f40_41xxx.s...
compiling misc.c...
compiling stm32f4xx_gpio.c...
compiling stm32f4xx_fsmc.c...
compiling stm32f4xx_rcc.c...
compiling stm32f4xx_syscfg.c...
compiling stm32f4xx_usart.c...
compiling stm32f4xx_sdio.c...
compiling stm32f4xx_dma.c...
compiling stm32f4xx_spi.c...
compiling malloc.c...
compiling diskio.c...
compiling ff.c...
compiling exfuns.c...
compiling fattester.c...
compiling mycc936.c...
compiling fontupd.c...
compiling text.c...
compiling atk_ncr.c...
linking...
Program Size: Code=75912 RO-data=42324 RW-data=212 ZI-data=1226108  
FromELF: creating hex file...
"..\OBJ\HandWritingRecognitio.axf" - 0 Errors, 1 Warning(s).
Build target 'HandWritingRecognitio'
linking...
Program Size: Code=75912 RO-data=42324 RW-data=212 ZI-data=1226108  
FromELF: creating hex file...
"..\OBJ\HandWritingRecognitio.axf" - 0 Errors, 0 Warning(s).
Build target 'HandWritingRecognitio'
compiling main.c...
main.c(238): warning:  #1-D: last line of file ends without a newline
compiling led.c...
compiling lcd.c...
compiling key.c...
compiling myiic.c...
compiling 24cxx.c...
compiling spi.c...
compiling w25qxx.c...
compiling sdio_sdcard.c...
compiling ctiic.c...
compiling gt9147.c...
compiling ott2001a.c...
compiling touch.c...
compiling delay.c...
compiling sys.c...
compiling usart.c...
compiling malloc.c...
compiling diskio.c...
compiling exfuns.c...
compiling fattester.c...
compiling mycc936.c...
compiling fontupd.c...
compiling text.c...
compiling atk_ncr.c...
linking...
Program Size: Code=75904 RO-data=42324 RW-data=212 ZI-data=1226108  
FromELF: creating hex file...
"..\OBJ\HandWritingRecognitio.axf" - 0 Errors, 1 Warning(s).
Build target 'HandWritingRecognitio'
linking...
Program Size: Code=75904 RO-data=42324 RW-data=212 ZI-data=1226108  
FromELF: creating hex file...
"..\OBJ\HandWritingRecognitio.axf" - 0 Errors, 0 Warning(s).
Load "..\\OBJ\\HandWritingRecognitio.axf" 
Erase Done.
Programming Done.
Verify OK.
Build target 'HandWritingRecognitio'
linking...
Program Size: Code=75904 RO-data=42324 RW-data=212 ZI-data=1226108  
FromELF: creating hex file...
"..\OBJ\HandWritingRecognitio.axf" - 0 Errors, 0 Warning(s).
Build target 'HandWritingRecognitio'
linking...
Program Size: Code=75904 RO-data=42324 RW-data=212 ZI-data=1226108  
FromELF: creating hex file...
"..\OBJ\HandWritingRecognitio.axf" - 0 Errors, 0 Warning(s).
Load "..\\OBJ\\HandWritingRecognitio.axf" 
Erase Done.
Programming Done.
Verify OK.
